//my_bigball/apkcerts.txt 1
//my_bigball/app/Browser/Browser.apk 2-31807
//my_bigball/app/CalendarGoogle/CalendarGoogle.apk 31832-36670
//my_bigball/app/CloudService/CloudService.apk 36675-42591
//my_bigball/app/Facebook-appmanager/Facebook-appmanager.apk 42596-43738
//my_bigball/app/Fineasy/Fineasy.apk 43740-56675
//my_bigball/app/Fineasy/lib/arm64/libMegActionFmpJni.so 56685-56856
//my_bigball/app/Fineasy/lib/arm64/libMegviiInnerUtils-0.0.2.so 56857-56952
//my_bigball/app/Fineasy/lib/arm64/libaailiveness_v3.0.4.so 56953-57397
//my_bigball/app/Fineasy/lib/arm64/libcrypter-lib.so 57398-57424
//my_bigball/app/Fineasy/lib/arm64/libegg-new.so 57425-57895
//my_bigball/app/Fineasy/lib/arm64/libidcard.so 57896-57997
//my_bigball/app/Fineasy/lib/arm64/libimage_processing_util_jni.so 57998-58002
//my_bigball/app/Fineasy/lib/arm64/libmegface.so 58003-58295
//my_bigball/app/Fineasy/lib/arm64/libmmkv.so 58296-58359
//my_bigball/app/Fineasy/lib/arm64/libocstool.so 58360-58362
//my_bigball/app/Fineasy/lib/arm64/libomas-wbkit.so 58363-58374
//my_bigball/app/Fineasy/lib/arm64/libscan_engine_decode.so 58375-58909
//my_bigball/app/Fineasy/lib/arm64/libscan_engine_detect.so 58910-59305
//my_bigball/app/Fineasy/lib/arm64/libtensorflowlite.so 59307-59727
//my_bigball/app/Fineasy/lib/arm64/libwb_tables.so 59728-59781
//my_bigball/app/GLPictorial_Update_v4_1/GLPictorial_Update_v4_1.apk 59782-70193
//my_bigball/app/Gamecenter/Gamecenter.apk 70200-80066
//my_bigball/app/Gamecenter/oat/arm64/Gamecenter.vdex 80076-80186
//my_bigball/app/Google_AssistantShell/Google_AssistantShell.apk 80187-80416
//my_bigball/app/Google_Lens/Google_Lens.apk 80417-80850
//my_bigball/app/Google_Lens/oat/arm64/Google_Lens.vdex 80851-80857
//my_bigball/app/Google_Pay/Google_Pay.apk 80858-84243
//my_bigball/app/Keep/Keep.apk 84247-87219
//my_bigball/app/LatinImeGoogle/LatinImeGoogle.apk 87223-98968
//my_bigball/app/OplusPhoneActivation/OplusPhoneActivation.apk 98978-100036
//my_bigball/app/OplusPhoneActivation/oat/arm64/OplusPhoneActivation.vdex 100038-100053
//my_bigball/app/PhoneNOAreaInquireProvider/PhoneNOAreaInquireProvider.apk 100054-100824
//my_bigball/app/PhoneNOAreaInquireProvider/oat/arm64/PhoneNOAreaInquireProvider.vdex 100825-100827
//my_bigball/app/Photos/Photos.apk 100828-118276
//my_bigball/app/Pictorial/Pictorial.apk 118291-125531
//my_bigball/app/Pictorial/oat/arm/Pictorial.vdex 125538-125628
//my_bigball/app/Pictorial/oat/arm64/Pictorial.vdex 125629-125719
//my_bigball/app/SoftsimRedteaRoaming/SoftsimRedteaRoaming.apk 125720-131793
//my_bigball/app/SoftsimRedteaRoaming/oat/arm64/SoftsimRedteaRoaming.vdex 131798-131834
//my_bigball/decouping_wallpaper/common/inlay_wallpaper_id.png 131835-132039
//my_bigball/del-app/RMCommEXP/RMCommEXP.apk 132040-142881
//my_bigball/del-app/RMCommEXP/lib/arm/libImSDK.so 142889-143280
//my_bigball/del-app/RMCommEXP/lib/arm/libcrypter-lib.so 143281-143296
//my_bigball/del-app/RMCommEXP/lib/arm/libgpuimage-library.so 143297-143298
//my_bigball/del-app/RMCommEXP/lib/arm/libmmkv.so 143299-143343
//my_bigball/del-app/RMCommEXP/lib/arm/libobjectbox-jni.so 143344-143531
//my_bigball/del-app/RMCommEXP/lib/arm/librtmp-jni.so 143532-143543
//my_bigball/del-app/RMCommEXP/lib/arm/libsoundtouch.so 143544-143590
//my_bigball/del-app/RMCommEXP/lib/arm/libweibosdkcore.so 143591-143594
//my_bigball/del-app/RMStoreExp/RMStoreExp.apk 143595-155934
//my_bigball/del-app/UangMudah/UangMudah.apk 155943-158523
//my_bigball/del-app/UangMudah/lib/arm64/libaailiveness_v1.3.9.3.so 158526-158923
//my_bigball/del-app/UangMudah/lib/arm64/libocstool.so 158924-158926
//my_bigball/del-app-pre/Drive_del/Drive.apk 158927-166961
//my_bigball/del-app-pre/Facebook/Facebook.apk 166968-167008
//my_bigball/del-app-pre/Google_Home/Google_Home.apk 167009-177461
//my_bigball/del-app-pre/Google_News/Google_News.apk 177471-180607
//my_bigball/del-app-pre/Google_One/Google_One.apk 180611-183706
//my_bigball/del-app-pre/Google_Podcasts/Google_Podcasts.apk 183710-184359
//my_bigball/del-app-pre/Meet_del/Meet.apk 184360-196137
//my_bigball/del-app-pre/Videos_del/Videos.apk 196148-201118
//my_bigball/del-app-pre/YTMusic_del/YTMusic.apk 201123-209573
//my_bigball/etc/NOTICE.xml.gz 209581-209584
//my_bigball/etc/battery/sys_deviceidle_whitelist.xml 209585
//my_bigball/etc/launcher/default_workspace.xml 209608-209609
//my_bigball/etc/launcher/default_workspace_simple.xml 209610
//my_bigball/etc/oplus_carriers_map.xml 209611
//my_bigball/etc/oplus_channel_map.xml 209612-209613
//my_bigball/etc/oplus_channel_ready_stat_map.xml 209614-209615
//my_bigball/overlay/DefaultMmsOverlayConfig.apk 209618-209619
//my_bigball/overlay/GmsConfigOverlayASI_Infrastructure/GmsConfigOverlayASI_Infrastructure.apk 209620-209621
//my_bigball/overlay/GmsConfigOverlayCommonEx/GmsConfigOverlayCommonEx.apk 209622-209625
//my_bigball/overlay/GmsConfigOverlayComms/GmsConfigOverlayComms.apk 209626
//my_bigball/overlay/GmsConfigOverlayGSA/GmsConfigOverlayGSA.apk 209627-209628
//my_bigball/overlay/GmsConfigOverlayNoSafetyCenter/GmsConfigOverlayNoSafetyCenter.apk 209629-209630
//my_bigball/overlay/OplusDocumentsUIOverlay/OplusDocumentsUIOverlay.apk 209631-209632
//my_bigball/overlay/OplusGmsConfigOverlayCommon/OplusGmsConfigOverlayCommon.apk 209633-209634
//my_bigball/plugin/BatterySecretPlugin/BatterySecretPlugin.apk 209635-209732
//my_bigball/priv-app/AndroidSystemIntelligence_Infrastructure/AndroidSystemIntelligence_Infrastructure.apk 209734-214210
//my_bigball/priv-app/AndroidSystemIntelligence_Infrastructure/oat/arm64/AndroidSystemIntelligence_Infrastructure.vdex 214215-214239
//my_bigball/priv-app/AppHub/AppHub.apk 214240-216692
//my_bigball/priv-app/AppHub/oat/arm64/AppHub.vdex 216695-216720
//my_bigball/priv-app/BlackListApp/BlackListApp.apk 216721-218776
//my_bigball/priv-app/BlackListApp/oat/arm64/BlackListApp.vdex 218779-218810
//my_bigball/priv-app/Contacts/Contacts.apk 218811-227575
//my_bigball/priv-app/Contacts/oat/arm64/Contacts.vdex 227584-227642
//my_bigball/priv-app/Facebook-installer/Facebook-installer.apk 227643-227719
//my_bigball/priv-app/Facebook-services/Facebook-services.apk 227720-228248
//my_bigball/priv-app/Facebook-services/oat/arm64/Facebook-services.vdex 228249-228261
//my_bigball/priv-app/Google_Files/Google_Files.apk 228262-231203
//my_bigball/priv-app/Google_Files/oat/arm64/Google_Files.vdex 231207-231254
//my_bigball/priv-app/InCallUI/InCallUI.apk 231255-233712
//my_bigball/priv-app/InCallUI/oat/arm64/InCallUI.vdex 233716-233742
//my_bigball/priv-app/KeKeMarket/KeKeMarket.apk 233743-243657
//my_bigball/priv-app/KeKeMarket/oat/arm64/KeKeMarket.vdex 243667-243783
//my_bigball/priv-app/KeKeThemeSpace/KeKeThemeSpace.apk 243784-254904
//my_bigball/priv-app/KeKeThemeSpace/oat/arm64/KeKeThemeSpace.vdex 254915-255035
//my_bigball/priv-app/KeKeUserCenter/KeKeUserCenter.apk 255036-271172
//my_bigball/priv-app/KeKeUserCenter/lib/arm64/libcrypter-lib.so 271185-271211
//my_bigball/priv-app/KeKeUserCenter/lib/arm64/libdns_server_rk.so 271212-271285
//my_bigball/priv-app/KeKeUserCenter/lib/arm64/libffmpeg.so 271286-273179
//my_bigball/priv-app/KeKeUserCenter/lib/arm64/libffmpegJNI.so 273182-273283
//my_bigball/priv-app/KeKeUserCenter/lib/arm64/libmarsxlog.so 273284-273314
//my_bigball/priv-app/KeKeUserCenter/lib/arm64/libopluslog.so 273315-273323
//my_bigball/priv-app/KeKeUserCenter/lib/arm64/librtmp-jni.so 273324-273337
//my_bigball/priv-app/KeKeUserCenter/lib/arm64/libstlport_shared.so 273338-273402
//my_bigball/priv-app/Mms/Mms.apk 273403-285468
//my_bigball/priv-app/Mms/oat/arm64/Mms.vdex 285480-285558
//my_bigball/priv-app/NumberRecognition/NumberRecognition.apk 285559-286735
//my_bigball/priv-app/NumberRecognition/oat/arm64/NumberRecognition.vdex 286738-286757
//my_bigball/priv-app/OplusCallRecorder/OplusCallRecorder.apk 286758-287315
//my_bigball/priv-app/OplusCallRecorder/oat/arm64/OplusCallRecorder.vdex 287316-287322
//my_bigball/priv-app/PlayAutoInstallConfig/PlayAutoInstallConfig.apk 287323
//my_bigball/priv-app/PrivateComputeServices/PrivateComputeServices.apk 287324-290195
