//my_bigball/apkcerts.txt 1
//my_bigball/app/Browser/Browser.apk 2-33245
//my_bigball/app/CalendarGoogle/CalendarGoogle.apk 33271-37352
//my_bigball/app/CloudService/CloudService.apk 37356-43437
//my_bigball/app/Facebook-appmanager/Facebook-appmanager.apk 43442-44653
//my_bigball/app/Fineasy/Fineasy.apk 44655-55492
//my_bigball/app/Fineasy/lib/arm64/libMegActionFmpJni.so 55501-55672
//my_bigball/app/Fineasy/lib/arm64/libMegviiInnerUtils-0.0.2.so 55673-55768
//my_bigball/app/Fineasy/lib/arm64/libaailiveness_v3.0.4.so 55769-56213
//my_bigball/app/Fineasy/lib/arm64/libaiunit_sdk_core.so 56214-56215
//my_bigball/app/Fineasy/lib/arm64/libegg-new.so 56216-56686
//my_bigball/app/Fineasy/lib/arm64/libfaceidlivenessv5.so 56687-56851
//my_bigball/app/Fineasy/lib/arm64/libidcard.so 56852-56953
//my_bigball/app/Fineasy/lib/arm64/libimage_processing_util_jni.so 56954-56958
//my_bigball/app/Fineasy/lib/arm64/liblivenessdetection_ka_v2.4.7.so 56959-57058
//my_bigball/app/Fineasy/lib/arm64/libmegface.so 57059-57351
//my_bigball/app/Fineasy/lib/arm64/libmegface_v5.so 57353-57494
//my_bigball/app/Fineasy/lib/arm64/libmmkv.so 57495-57558
//my_bigball/app/Fineasy/lib/arm64/libocstool.so 57559-57561
//my_bigball/app/Fineasy/lib/arm64/libomas-wbkit.so 57562-57573
//my_bigball/app/Fineasy/lib/arm64/libscan_engine_decode.so 57574-58108
//my_bigball/app/Fineasy/lib/arm64/libscan_engine_detect.so 58109-58505
//my_bigball/app/Fineasy/lib/arm64/libsqlcipher.so 58507-59024
//my_bigball/app/Fineasy/lib/arm64/libtensorflowlite.so 59025-59445
//my_bigball/app/Fineasy/lib/arm64/libwb_tables.so 59447-59500
//my_bigball/app/GLPictorial/GLPictorial.apk 59501-70599
//my_bigball/app/GLPictorial/oat/arm64/GLPictorial.vdex 70608-70770
//my_bigball/app/Gamecenter/Gamecenter.apk 70771-82339
//my_bigball/app/Gamecenter/oat/arm64/Gamecenter.vdex 82350-82481
//my_bigball/app/Google_AssistantShell/Google_AssistantShell.apk 82482-82711
//my_bigball/app/Google_Lens/Google_Lens.apk 82712-83145
//my_bigball/app/Google_Lens/oat/arm64/Google_Lens.vdex 83146-83152
//my_bigball/app/Google_Wallet/Google_Wallet.apk 83153-85649
//my_bigball/app/Keep/Keep.apk 85652-89261
//my_bigball/app/LatinImeGoogle/LatinImeGoogle.apk 89265-101350
//my_bigball/app/OplusPhoneActivation/OplusPhoneActivation.apk 101360-102631
//my_bigball/app/OplusPhoneActivation/oat/arm64/OplusPhoneActivation.vdex 102634-102652
//my_bigball/app/PhoneNOAreaInquireProvider/PhoneNOAreaInquireProvider.apk 102653-103423
//my_bigball/app/PhoneNOAreaInquireProvider/oat/arm64/PhoneNOAreaInquireProvider.vdex 103424-103426
//my_bigball/app/Photos/Photos.apk 103427-122251
//my_bigball/app/Pictorial/Pictorial.apk 122268-130503
//my_bigball/app/Pictorial/oat/arm/Pictorial.vdex 130511-130607
//my_bigball/app/Pictorial/oat/arm64/Pictorial.vdex 130608-130704
//my_bigball/app/SoftsimRedteaRoaming/SoftsimRedteaRoaming.apk 130705-137023
//my_bigball/app/SoftsimRedteaRoaming/oat/arm64/SoftsimRedteaRoaming.vdex 137029-137070
//my_bigball/decouping_wallpaper/common/inlay_wallpaper_id.png 137071-137275
//my_bigball/del-app/RMCommEXP/RMCommEXP.apk 137276-148129
//my_bigball/del-app/RMCommEXP/lib/arm/libImSDK.so 148137-148528
//my_bigball/del-app/RMCommEXP/lib/arm/libcrypter-lib.so 148529-148544
//my_bigball/del-app/RMCommEXP/lib/arm/libgpuimage-library.so 148545-148546
//my_bigball/del-app/RMCommEXP/lib/arm/libmmkv.so 148547-148597
//my_bigball/del-app/RMCommEXP/lib/arm/libobjectbox-jni.so 148598-148785
//my_bigball/del-app/RMCommEXP/lib/arm/librtmp-jni.so 148786-148797
//my_bigball/del-app/RMCommEXP/lib/arm/libsoundtouch.so 148798-148844
//my_bigball/del-app/RMCommEXP/lib/arm/libweibosdkcore.so 148845-148848
//my_bigball/del-app/RMStoreExp/RMStoreExp.apk 148849-161188
//my_bigball/del-app/UangMudah/UangMudah.apk 161197-168712
//my_bigball/del-app/UangMudah/lib/arm64/libMegviiIDCardQuality_1.2.2.so 168718-168876
//my_bigball/del-app/UangMudah/lib/arm64/libMegviiInnerUtils-0.0.2.so 168877-168972
//my_bigball/del-app/UangMudah/lib/arm64/libaailiveness_v2.1.2.so 168973-169352
//my_bigball/del-app/UangMudah/lib/arm64/libconscrypt_jni.so 169353-169645
//my_bigball/del-app/UangMudah/lib/arm64/libegg-new.so 169646-170116
//my_bigball/del-app/UangMudah/lib/arm64/libidcard.so 170117-170218
//my_bigball/del-app/UangMudah/lib/arm64/liblivenessdetection_v2.4.7.so 170219-170322
//my_bigball/del-app/UangMudah/lib/arm64/libocstool.so 170323-170325
//my_bigball/del-app/UangMudah/lib/arm64/libsigner.so 170326-170420
//my_bigball/del-app/UangMudah/lib/arm64/libtdcoreplugin.so 170421-170434
//my_bigball/del-app/UangMudah/lib/arm64/libtongdun.so 170435-170660
//my_bigball/del-app/UangMudah/lib/arm64/libumeng-spy.so 170662-170757
//my_bigball/del-app-pre/Drive_del/Drive.apk 170758-179263
//my_bigball/del-app-pre/Facebook/Facebook.apk 179271-179318
//my_bigball/del-app-pre/Google_Home/Google_Home.apk 179319-191830
//my_bigball/del-app-pre/Google_News/Google_News.apk 191841-195265
//my_bigball/del-app-pre/Google_One/Google_One.apk 195269-198914
//my_bigball/del-app-pre/Google_Podcasts/Google_Podcasts.apk 198918-199681
//my_bigball/del-app-pre/Meet_del/Meet.apk 199682-213468
//my_bigball/del-app-pre/Videos_del/Videos.apk 213480-218772
//my_bigball/del-app-pre/YTMusic_del/YTMusic.apk 218777-227220
//my_bigball/etc/NOTICE.xml.gz 227227-227230
//my_bigball/etc/launcher/default_workspace.xml 227240-227241
//my_bigball/etc/launcher/default_workspace_simple.xml 227242
//my_bigball/etc/oplus_carriers_map.xml 227243
//my_bigball/etc/oplus_channel_map.xml 227244-227245
//my_bigball/etc/oplus_channel_ready_stat_map.xml 227246
//my_bigball/overlay/GmsConfigOverlayASI_Infrastructure/GmsConfigOverlayASI_Infrastructure.apk 227249-227250
//my_bigball/overlay/GmsConfigOverlayCommonEx/GmsConfigOverlayCommonEx.apk 227251-227255
//my_bigball/overlay/GmsConfigOverlayComms/GmsConfigOverlayComms.apk 227256-227257
//my_bigball/overlay/GmsConfigOverlayGSA/GmsConfigOverlayGSA.apk 227258-227259
//my_bigball/overlay/OplusDocumentsUIOverlay/OplusDocumentsUIOverlay.apk 227260-227261
//my_bigball/overlay/OplusGmsConfigOverlayCommon/OplusGmsConfigOverlayCommon.apk 227262-227263
//my_bigball/plugin/BatterySecretPlugin/BatterySecretPlugin.apk 227264-227361
//my_bigball/priv-app/AndroidSystemIntelligence_Infrastructure/AndroidSystemIntelligence_Infrastructure.apk 227363-231898
//my_bigball/priv-app/AndroidSystemIntelligence_Infrastructure/oat/arm64/AndroidSystemIntelligence_Infrastructure.vdex 231903-231926
//my_bigball/priv-app/AppHub/AppHub.apk 231927-234379
//my_bigball/priv-app/AppHub/oat/arm64/AppHub.vdex 234382-234407
//my_bigball/priv-app/BlackListApp/BlackListApp.apk 234408-236651
//my_bigball/priv-app/BlackListApp/oat/arm64/BlackListApp.vdex 236654-236687
//my_bigball/priv-app/Contacts/Contacts.apk 236688-245398
//my_bigball/priv-app/Contacts/oat/arm64/Contacts.vdex 245406-245468
//my_bigball/priv-app/Facebook-installer/Facebook-installer.apk 245469-245546
//my_bigball/priv-app/Facebook-services/Facebook-services.apk 245547-246144
//my_bigball/priv-app/Facebook-services/oat/arm64/Facebook-services.vdex 246145-246160
//my_bigball/priv-app/GlobalSearch/GlobalSearch.apk 246161-256179
//my_bigball/priv-app/GlobalSearch/oat/arm/GlobalSearch.vdex 256189-256323
//my_bigball/priv-app/GlobalSearch/oat/arm64/GlobalSearch.vdex 256324-256458
//my_bigball/priv-app/Google_Files/Google_Files.apk 256459-260883
//my_bigball/priv-app/Google_Files/oat/arm64/Google_Files.vdex 260888-260942
//my_bigball/priv-app/InCallUI/InCallUI.apk 260943-263755
//my_bigball/priv-app/InCallUI/oat/arm64/InCallUI.vdex 263759-263788
//my_bigball/priv-app/KeKeMarket/KeKeMarket.apk 263789-276232
//my_bigball/priv-app/KeKeMarket/oat/arm64/KeKeMarket.vdex 276244-276385
//my_bigball/priv-app/KeKeThemeSpace/KeKeThemeSpace.apk 276386-290300
//my_bigball/priv-app/KeKeThemeSpace/oat/arm64/KeKeThemeSpace.vdex 290313-290464
//my_bigball/priv-app/Mms/Mms.apk 290465-301025
//my_bigball/priv-app/Mms/oat/arm64/Mms.vdex 301036-301120
//my_bigball/priv-app/NumberRecognition/NumberRecognition.apk 301121-302297
//my_bigball/priv-app/NumberRecognition/oat/arm64/NumberRecognition.vdex 302300-302319
//my_bigball/priv-app/PlayAutoInstallConfig/PlayAutoInstallConfig.apk 302320
//my_bigball/priv-app/PrivateComputeServices/PrivateComputeServices.apk 302321-305505
//my_bigball/priv-app/PrivateComputeServices/oat/arm64/PrivateComputeServices.vdex 305509-305528
