//my_heytap/apkcerts.txt 1
//my_heytap/app/ARCore/ARCore.apk 2-4
//my_heytap/app/Chrome/Chrome.apk 5-5492
//my_heytap/app/ChromePartnerProvider/ChromePartnerProvider.apk 5498-5697
//my_heytap/app/ChromePartnerProvider/oat/arm64/ChromePartnerProvider.vdex 5698-5700
//my_heytap/app/EmailPartnerProvider/EmailPartnerProvider.apk 5701-5903
//my_heytap/app/EmailPartnerProvider/oat/arm64/EmailPartnerProvider.vdex 5904-5906
//my_heytap/app/Gmail2/Gmail2.apk 5907-21847
//my_heytap/app/GoogleLocationHistory/GoogleLocationHistory.apk 21861-21868
//my_heytap/app/InterconnectCollectKit/InterconnectCollectKit.apk 21869-21960
//my_heytap/app/InterconnectCollectKit/oat/arm64/InterconnectCollectKit.vdex 21961-21963
//my_heytap/app/MCS/MCS.apk 21964-24897
//my_heytap/app/MCS/lib/arm64/libheytap_mcs_cipheralgo_fixed.so 24901-24902
//my_heytap/app/MCS/lib/arm64/libmmkv.so 24903-24966
//my_heytap/app/MCS/oat/arm/MCS.vdex 24967-25012
//my_heytap/app/MCS/oat/arm64/MCS.vdex 25013-25058
//my_heytap/app/Maps/Maps.apk 25059-40414
//my_heytap/app/Melody/Melody.apk 40427-44917
//my_heytap/app/Melody/oat/arm64/Melody.vdex 44922-44960
//my_heytap/app/SpeechServicesByGoogle/SpeechServicesByGoogle.apk 44961-57130
//my_heytap/app/SpeechServicesByGoogle/oat/arm64/SpeechServicesByGoogle.vdex 57140-57169
//my_heytap/app/StdSP/StdSP.apk 57170-78263
//my_heytap/app/StdSP/oat/arm64/StdSP.vdex 78278-78283
//my_heytap/app/SwitchAccess/SwitchAccess.apk 78284-79727
//my_heytap/app/TrichromeLibrary/TrichromeLibrary.apk 79730-95293
//my_heytap/app/WebViewGoogle/WebViewGoogle.apk 95305-113940
//my_heytap/app/WifiBackupRestore/WifiBackupRestore.apk 113955-116776
//my_heytap/app/WifiBackupRestore/oat/arm/WifiBackupRestore.vdex 116780-116821
//my_heytap/app/WifiBackupRestore/oat/arm64/WifiBackupRestore.vdex 116822-116863
//my_heytap/app/YouTube/YouTube.apk 116864-133073
//my_heytap/app/talkback/talkback.apk 133086-137764
//my_heytap/etc/NOTICE.xml.gz 137770-137776
//my_heytap/etc/permissions/privapp-permissions-google-product.xml 137777
//my_heytap/etc/permissions/privapp-permissions-google-system-ext.xml 137778
//my_heytap/etc/permissions/privapp-permissions-oplus.xml 137779
//my_heytap/etc/preferred-apps/google.xml 137780
//my_heytap/etc/sysconfig/google-hiddenapi-package-allowlist.xml 137781
//my_heytap/etc/sysconfig/google.xml 137782
//my_heytap/non_overlay/app/GoogleExtShared/GoogleExtShared.apk 137783-137785
//my_heytap/non_overlay/app/GooglePrintRecommendationService/GooglePrintRecommendationService.apk 137786-137803
//my_heytap/non_overlay/priv-app/GoogleFeedback/GoogleFeedback.apk 137804-137890
//my_heytap/non_overlay/priv-app/GooglePackageInstaller/GooglePackageInstaller.apk 137891-138327
//my_heytap/non_overlay/priv-app/GoogleServicesFramework/GoogleServicesFramework.apk 138329-139323
//my_heytap/non_overlay/priv-app/SetupWizard/SetupWizard.apk 139325-140752
//my_heytap/priv-app/AndroidAutoStub/AndroidAutoStub.apk 140755-141283
//my_heytap/priv-app/AndroidAutoStub/oat/arm64/AndroidAutoStub.vdex 141284-141293
//my_heytap/priv-app/ConfigUpdater/ConfigUpdater.apk 141294-142424
//my_heytap/priv-app/ConfigUpdater/oat/arm64/ConfigUpdater.vdex 142427-142450
//my_heytap/priv-app/FamilyLinkParentalControls/FamilyLinkParentalControls.apk 142451-142455
//my_heytap/priv-app/GmsCore/GmsCore.apk 142456-166452
//my_heytap/priv-app/GmsCore/m/independent/AndroidPlatformServices.apk 166471-168512
//my_heytap/priv-app/GmsCore/oat/arm/GmsCore.vdex 168515-168942
//my_heytap/priv-app/GmsCore/oat/arm64/GmsCore.vdex 168943-169370
//my_heytap/priv-app/GoogleOneTimeInitializer/GoogleOneTimeInitializer.apk 169371-169398
//my_heytap/priv-app/GooglePartnerSetup/GooglePartnerSetup.apk 169400-169506
//my_heytap/priv-app/GooglePartnerSetup/oat/arm64/GooglePartnerSetup.vdex 169507-169509
//my_heytap/priv-app/GoogleRestore/GoogleRestore.apk 169510-171201
//my_heytap/priv-app/GoogleRestore/oat/arm64/GoogleRestore.vdex 171204-171232
//my_heytap/priv-app/Phonesky/Phonesky.apk 171233-180778
//my_heytap/priv-app/Phonesky/oat/arm64/Phonesky.vdex 180788-180945
//my_heytap/priv-app/Velvet/Velvet.apk 180946-216781
//my_heytap/priv-app/Velvet/oat/arm/Velvet.vdex 216815-217437
//my_heytap/priv-app/Velvet/oat/arm64/Velvet.vdex 217438-218060
//my_heytap/priv-app/Wellbeing/Wellbeing.apk 218061-220704
//my_heytap/priv-app/Wellbeing/oat/arm64/Wellbeing.vdex 220708-220749
//my_heytap/product/usr/srec/en-US/CLG.prewalk.fst 220750-221405
//my_heytap/product/usr/srec/en-US/CONTACT.transform.mfar 221406-221409
//my_heytap/product/usr/srec/en-US/TERSE_LSTM_LM.lstm_lm.main_model.uint8.data 221410-221742
//my_heytap/product/usr/srec/en-US/TERSE_LSTM_LM.lstm_lm.self_normalized_model.uint8.data 221743-222304
//my_heytap/product/usr/srec/en-US/TERSE_LSTM_LM.lstm_lm.syms 222306-222443
//my_heytap/product/usr/srec/en-US/c_fst 222444-222482
//my_heytap/product/usr/srec/en-US/config.pumpkin 222484-222509
//my_heytap/product/usr/srec/en-US/dictation.config 222511-222512
//my_heytap/product/usr/srec/en-US/dnn 222513-223229
//my_heytap/product/usr/srec/en-US/embedded_class_denorm.mfar 223231-223332
//my_heytap/product/usr/srec/en-US/embedded_normalizer.mfar 223333-223360
//my_heytap/product/usr/srec/en-US/en-US_confirmation_confirmation-cancellation_TWIDDLER_FST.fst 223361
//my_heytap/product/usr/srec/en-US/en-US_gmm-actions_gmm-nav-actions_TWIDDLER_FST.fst 223362
//my_heytap/product/usr/srec/en-US/endpointer_model 223366-223369
//my_heytap/product/usr/srec/en-US/endpointer_model.mmap 223371-223374
//my_heytap/product/usr/srec/en-US/ep_portable_model.uint8.mmap 223377-223407
//my_heytap/product/usr/srec/en-US/g2p.data 223408-223654
//my_heytap/product/usr/srec/en-US/g2p_fst 223656-224397
//my_heytap/product/usr/srec/en-US/hmm_symbols 224400-224414
//my_heytap/product/usr/srec/en-US/hmmlist 224415-224422
//my_heytap/product/usr/srec/en-US/lexicon.U.fst 224423-224567
//my_heytap/product/usr/srec/en-US/lstm_model.uint8.data 224568-225662
//my_heytap/product/usr/srec/en-US/metadata 225664
//my_heytap/product/usr/srec/en-US/offensive_word_normalizer.mfar 225666-225722
//my_heytap/product/usr/srec/en-US/offline_action_data.pb 225723
//my_heytap/product/usr/srec/en-US/portable_lstm 225724-225845
//my_heytap/product/usr/srec/en-US/prons_exception_dictionary_file.txt 225846-225857
//my_heytap/product/usr/srec/en-US/pumpkin.mmap 225858-228121
//my_heytap/product/usr/srec/en-US/rescoring.fst.compact 228124-229336
//my_heytap/product/usr/srec/en-US/semantics.pumpkin 229337-229350
//my_heytap/product/usr/srec/en-US/verbalizer_terse.mfar 229351-229470
//my_heytap/product/usr/srec/en-US/voice_actions.config 229471-229472
//my_heytap/product/usr/srec/en-US/voice_actions_compiler.config 229473-229474
//my_heytap/product/usr/srec/en-US/wordlist.syms 229475-229619
