//my_heytap/apkcerts.txt 1
//my_heytap/app/ARCore/ARCore.apk 2-280
//my_heytap/app/Chrome/Chrome.apk 281-5714
//my_heytap/app/ChromePartnerProvider/ChromePartnerProvider.apk 5720-5919
//my_heytap/app/ChromePartnerProvider/oat/arm64/ChromePartnerProvider.vdex 5920-5922
//my_heytap/app/EmailPartnerProvider/EmailPartnerProvider.apk 5923-6125
//my_heytap/app/EmailPartnerProvider/oat/arm64/EmailPartnerProvider.vdex 6126-6128
//my_heytap/app/Gmail2/Gmail2.apk 6130-24035
//my_heytap/app/GoogleLocationHistory/GoogleLocationHistory.apk 24051-24058
//my_heytap/app/InterconnectCollectKit/InterconnectCollectKit.apk 24059-24088
//my_heytap/app/MCS/MCS.apk 24089-27023
//my_heytap/app/MCS/lib/arm64/libheytap_mcs_cipheralgo_fixed.so 27027-27028
//my_heytap/app/MCS/lib/arm64/libmmkv.so 27029-27092
//my_heytap/app/MCS/oat/arm/MCS.vdex 27093-27138
//my_heytap/app/MCS/oat/arm64/MCS.vdex 27139-27184
//my_heytap/app/Maps/Maps.apk 27185-43485
//my_heytap/app/Melody/Melody.apk 43499-47983
//my_heytap/app/Melody/oat/arm64/Melody.vdex 47988-48027
//my_heytap/app/SpeechServicesByGoogle/SpeechServicesByGoogle.apk 48028-60389
//my_heytap/app/SpeechServicesByGoogle/oat/arm64/SpeechServicesByGoogle.vdex 60399-60430
//my_heytap/app/StdSP/StdSP.apk 60431-81524
//my_heytap/app/StdSP/oat/arm64/StdSP.vdex 81539-81544
//my_heytap/app/SwitchAccess/SwitchAccess.apk 81545-83034
//my_heytap/app/TrichromeLibrary/TrichromeLibrary.apk 83037-99986
//my_heytap/app/WebViewGoogle/WebViewGoogle.apk 99998-119084
//my_heytap/app/WifiBackupRestore/WifiBackupRestore.apk 119100-120579
//my_heytap/app/YouTube/YouTube.apk 120582-138580
//my_heytap/app/talkback/talkback.apk 138595-143141
//my_heytap/etc/NOTICE.xml.gz 143146-143152
//my_heytap/etc/permissions/privapp-permissions-google-product.xml 143153
//my_heytap/etc/permissions/privapp-permissions-google-system_ext.xml 143154
//my_heytap/etc/permissions/privapp-permissions-oplus.xml 143155
//my_heytap/etc/sysconfig/google-hiddenapi-package-allowlist.xml 143157
//my_heytap/etc/sysconfig/google.xml 143159
//my_heytap/non_overlay/app/GoogleExtShared/GoogleExtShared.apk 143160-143162
//my_heytap/non_overlay/app/GooglePrintRecommendationService/GooglePrintRecommendationService.apk 143163-143193
//my_heytap/non_overlay/priv-app/GoogleFeedback/GoogleFeedback.apk 143194-143247
//my_heytap/non_overlay/priv-app/GooglePackageInstaller/GooglePackageInstaller.apk 143248-143668
//my_heytap/non_overlay/priv-app/GoogleServicesFramework/GoogleServicesFramework.apk 143670-144437
//my_heytap/non_overlay/priv-app/SetupWizard/SetupWizard.apk 144439-146082
//my_heytap/priv-app/AndroidAutoStub/AndroidAutoStub.apk 146085-146629
//my_heytap/priv-app/AndroidAutoStub/oat/arm64/AndroidAutoStub.vdex 146630-146641
//my_heytap/priv-app/ConfigUpdater/ConfigUpdater.apk 146642-146806
//my_heytap/priv-app/ConfigUpdater/oat/arm64/ConfigUpdater.vdex 146807-146809
//my_heytap/priv-app/FamilyLinkParentalControls/FamilyLinkParentalControls.apk 146810-146814
//my_heytap/priv-app/GmsCore/GmsCore.apk 146815-174767
//my_heytap/priv-app/GmsCore/m/independent/AndroidPlatformServices.apk 174789-176806
//my_heytap/priv-app/GmsCore/oat/arm/GmsCore.vdex 176809-177305
//my_heytap/priv-app/GmsCore/oat/arm64/GmsCore.vdex 177306-177802
//my_heytap/priv-app/GoogleOneTimeInitializer/GoogleOneTimeInitializer.apk 177804-177850
//my_heytap/priv-app/GooglePartnerSetup/GooglePartnerSetup.apk 177852-178072
//my_heytap/priv-app/GoogleRestore/GoogleRestore.apk 178073-180198
//my_heytap/priv-app/GoogleRestore/oat/arm64/GoogleRestore.vdex 180201-180238
//my_heytap/priv-app/Phonesky/Phonesky.apk 180239-190959
//my_heytap/priv-app/Phonesky/oat/arm64/Phonesky.vdex 190970-191145
//my_heytap/priv-app/Velvet/Velvet.apk 191146-226856
//my_heytap/priv-app/Velvet/oat/arm/Velvet.vdex 226890-227397
//my_heytap/priv-app/Velvet/oat/arm64/Velvet.vdex 227398-227905
//my_heytap/priv-app/Wellbeing/Wellbeing.apk 227906-230548
//my_heytap/priv-app/Wellbeing/oat/arm64/Wellbeing.vdex 230552-230593
//my_heytap/product/usr/srec/en-US/CLG.prewalk.fst 230595-231250
//my_heytap/product/usr/srec/en-US/CONTACT.transform.mfar 231252-231255
//my_heytap/product/usr/srec/en-US/TERSE_LSTM_LM.lstm_lm.main_model.uint8.data 231256-231588
//my_heytap/product/usr/srec/en-US/TERSE_LSTM_LM.lstm_lm.self_normalized_model.uint8.data 231589-232150
//my_heytap/product/usr/srec/en-US/TERSE_LSTM_LM.lstm_lm.syms 232152-232289
//my_heytap/product/usr/srec/en-US/c_fst 232290-232328
//my_heytap/product/usr/srec/en-US/config.pumpkin 232329-232354
//my_heytap/product/usr/srec/en-US/dictation.config 232357-232358
//my_heytap/product/usr/srec/en-US/dnn 232359-233075
//my_heytap/product/usr/srec/en-US/embedded_class_denorm.mfar 233076-233177
//my_heytap/product/usr/srec/en-US/embedded_normalizer.mfar 233178-233205
//my_heytap/product/usr/srec/en-US/en-US_confirmation_confirmation-cancellation_TWIDDLER_FST.fst 233207
//my_heytap/product/usr/srec/en-US/en-US_gmm-actions_gmm-nav-actions_TWIDDLER_FST.fst 233208
//my_heytap/product/usr/srec/en-US/endpointer_model 233212-233215
//my_heytap/product/usr/srec/en-US/endpointer_model.mmap 233217-233220
//my_heytap/product/usr/srec/en-US/ep_portable_model.uint8.mmap 233222-233252
//my_heytap/product/usr/srec/en-US/g2p.data 233254-233500
//my_heytap/product/usr/srec/en-US/g2p_fst 233502-234243
//my_heytap/product/usr/srec/en-US/hmm_symbols 234245-234259
//my_heytap/product/usr/srec/en-US/hmmlist 234260-234267
//my_heytap/product/usr/srec/en-US/lexicon.U.fst 234269-234413
//my_heytap/product/usr/srec/en-US/lstm_model.uint8.data 234414-235508
//my_heytap/product/usr/srec/en-US/metadata 235510
//my_heytap/product/usr/srec/en-US/offensive_word_normalizer.mfar 235511-235567
//my_heytap/product/usr/srec/en-US/offline_action_data.pb 235568
//my_heytap/product/usr/srec/en-US/portable_lstm 235569-235690
//my_heytap/product/usr/srec/en-US/prons_exception_dictionary_file.txt 235691-235702
//my_heytap/product/usr/srec/en-US/pumpkin.mmap 235703-237966
//my_heytap/product/usr/srec/en-US/rescoring.fst.compact 237969-239181
//my_heytap/product/usr/srec/en-US/semantics.pumpkin 239183-239196
//my_heytap/product/usr/srec/en-US/verbalizer_terse.mfar 239197-239316
//my_heytap/product/usr/srec/en-US/voice_actions.config 239317-239318
//my_heytap/product/usr/srec/en-US/voice_actions_compiler.config 239319-239320
//my_heytap/product/usr/srec/en-US/wordlist.syms 239321-239465
