//my_product/apkcerts.txt 1-4
//my_product/app/OplusCamera/OplusCamera.apk 5-40872
//my_product/app/OplusCamera/oat/arm64/OplusCamera.vdex 40901-40972
//my_product/app/OplusDiracService/OplusDiracService.apk 40973-41335
//my_product/app/OplusDiracService/oat/arm64/OplusDiracService.vdex 41336-41340
//my_product/build.prop 41341
//my_product/decouping_wallpaper/common/inlay_wallpaper1.png 41342-42056
//my_product/decouping_wallpaper/common/inlay_wallpaper10.png 42057-42336
//my_product/decouping_wallpaper/common/inlay_wallpaper2.png 42338-42847
//my_product/decouping_wallpaper/common/inlay_wallpaper3.png 42849-44052
//my_product/decouping_wallpaper/common/inlay_wallpaper4.png 44054-44827
//my_product/decouping_wallpaper/common/inlay_wallpaper5.png 44829-45416
//my_product/decouping_wallpaper/common/inlay_wallpaper6.png 45418-45958
//my_product/decouping_wallpaper/common/inlay_wallpaper7.png 45959-46368
//my_product/decouping_wallpaper/common/inlay_wallpaper8.png 46369-46626
//my_product/decouping_wallpaper/common/inlay_wallpaper9.png 46628-46955
//my_product/decouping_wallpaper/common/inlay_wallpaper_id.png 46956-47160
//my_product/decouping_wallpaper/common/product_wallpaper.png 47161-47740
//my_product/decouping_wallpaper/common/product_wallpaper2.png 47742-48066
//my_product/decouping_wallpaper/default/default_wallpaper.png 48068-48647
//my_product/decouping_wallpaper/default/default_wallpaper_lock.png 48648-49227
//my_product/decouping_wallpaper/default/preview_0.png 49228-49239
//my_product/decouping_wallpaper/default/preview_0_en.png 49240-49251
//my_product/decouping_wallpaper/default/preview_1.png 49252-49357
//my_product/decouping_wallpaper/default/preview_1_en.png 49358-49423
//my_product/decouping_wallpaper/default/thumb.png 49424-49441
//my_product/decouping_wallpaper/default/thumb_en.png 49442-49456
//my_product/etc/HBMNoiseTable 49458
//my_product/etc/NOTICE.xml.gz 49459
//my_product/etc/apns-conf.xml 49461-49507
//my_product/etc/camera/engineer_camera_config 49508
//my_product/etc/engineermode/aging_config/aging_set.json 49510
//my_product/etc/extension/regulatory_info_config_product.xml 49516
//my_product/etc/extension/sys_osense_decisionmaker_config.xml 49518
//my_product/etc/fusionlight_profile/oplus_fusion_light_args.xml 49519
//my_product/etc/fusionlight_profile/oplus_fusion_light_args_2.xml 49520
//my_product/etc/fusionlight_profile/screen_diff/oplus_fusion_light_args.xml 49521
//my_product/etc/fusionlight_profile/screen_diff/oplus_fusion_light_args_2.xml 49522
//my_product/etc/permissions/com.android.hotwordenrollment.common.util.impl.jar 49525-49526
//my_product/etc/power_profile/power_profile.xml 49531
//my_product/etc/refresh_rate_config.xml 49532-49545
//my_product/etc/settings/regulatory_image_brazil_anatel_rmx3081.png 49547-49561
//my_product/etc/settings/regulatory_image_brazil_anatel_rmx3191.png 49563-49570
//my_product/etc/settings/regulatory_image_brazil_anatel_rmx3363.png 49571-49585
//my_product/etc/settings/regulatory_image_india_anatel_rmp2107.png 49587-49588
//my_product/etc/settings/regulatory_image_india_anatel_rmp2108.png 49590-49591
//my_product/etc/startup/sys_startup_v3_config_list.xml 49593-49599
//my_product/framework/com.android.hotwordenrollment.common.util.jar 49601-49602
//my_product/lib/libAPSClient-cmd-jni.so 49603-49680
//my_product/lib/libAPSClient-jni.so 49681-49769
//my_product/lib64/libAPSClient-cmd-jni.so 49770-49879
//my_product/lib64/libAPSClient-jni.so 49880-50002
//my_product/lib64/libAncFilter_jni.so 50003-50091
//my_product/lib64/libAncHumBokeh-jni.so 50092-50127
//my_product/lib64/libAncHumanDoubleExposure-jni.so 50128-50170
//my_product/lib64/libAncHumanRetain-jni_v2.so 50171-50212
//my_product/lib64/libAncHumanSegFigureFusion-jni.so 50214-50256
//my_product/lib64/libAncHumanVideo-jni.so 50257-50290
//my_product/lib64/libApsFaceBeautyPreviewProductJni.so 50291-50354
//my_product/lib64/libFileExtender-jni.so 50355-50379
//my_product/lib64/libOplusBlurPreviewJNI.so 50380-50423
//my_product/lib64/libSuperTextWrapper.so 50424-50547
//my_product/lib64/libXDocProcessSDK-jni.so 50548-50689
//my_product/lib64/libXDocProcessSDK.so 50690-51585
//my_product/lib64/libYTCommon.so 51587-51690
//my_product/lib64/libextendfile.so 51691-51833
//my_product/lib64/libjnisingleblur_api.so 51834-51898
//my_product/lib64/libjnistblur_api.so 51899-51964
//my_product/lib64/libmpbase.so 51966
//my_product/lib64/libsingle_camera_bokeh_native.so 51967-52104
//my_product/media/bootanimation/bootanimation.zip 52105-52323
//my_product/media/bootanimation/rbootanimation.zip 52324-52438
//my_product/media/quickboot/boot_bat_temp_high.png 52442-52447
//my_product/media/quickboot/boot_bat_temp_low.png 52448-52455
//my_product/media/quickboot/boot_black_picture.png 52456
//my_product/media/quickboot/boot_charger_01.png 52457-52458
//my_product/media/quickboot/boot_charger_02.png 52459-52460
//my_product/media/quickboot/boot_charger_03.png 52461-52462
//my_product/media/quickboot/boot_charger_04.png 52463-52464
//my_product/media/quickboot/boot_charger_05.png 52465-52466
//my_product/media/quickboot/boot_charger_06.png 52467-52468
//my_product/media/quickboot/boot_charger_07.png 52469-52470
//my_product/media/quickboot/boot_charger_08.png 52471-52473
//my_product/media/quickboot/boot_charger_09.png 52474-52476
//my_product/media/quickboot/boot_charger_10.png 52477-52479
//my_product/media/quickboot/boot_charger_100.png 52480-52482
//my_product/media/quickboot/boot_charger_11.png 52483-52485
//my_product/media/quickboot/boot_charger_12.png 52486-52488
//my_product/media/quickboot/boot_charger_13.png 52489-52491
//my_product/media/quickboot/boot_charger_14.png 52492-52494
//my_product/media/quickboot/boot_charger_15.png 52496-52498
//my_product/media/quickboot/boot_charger_16.png 52499-52501
//my_product/media/quickboot/boot_charger_17.png 52502-52504
//my_product/media/quickboot/boot_charger_18.png 52505-52507
//my_product/media/quickboot/boot_charger_19.png 52508-52510
//my_product/media/quickboot/boot_charger_20.png 52511-52513
//my_product/media/quickboot/boot_charger_21.png 52514-52516
//my_product/media/quickboot/boot_charger_22.png 52517-52519
//my_product/media/quickboot/boot_charger_23.png 52520-52522
//my_product/media/quickboot/boot_charger_24.png 52523-52525
//my_product/media/quickboot/boot_charger_25.png 52526-52528
//my_product/media/quickboot/boot_charger_battery_high.png 52529-52535
//my_product/media/quickboot/boot_charger_battery_untouch.png 52536-52542
//my_product/media/quickboot/boot_charger_deviated_CN.png 52543-52561
//my_product/media/quickboot/boot_charger_deviated_US.png 52562-52579
//my_product/media/quickboot/boot_charger_empty.png 52580-52581
//my_product/media/quickboot/boot_charger_f_s_v_01.png 52582-52587
//my_product/media/quickboot/boot_charger_f_s_v_02.png 52588-52593
//my_product/media/quickboot/boot_charger_f_s_v_03.png 52594-52599
//my_product/media/quickboot/boot_charger_f_s_v_04.png 52600-52606
//my_product/media/quickboot/boot_charger_f_s_v_05.png 52607-52613
//my_product/media/quickboot/boot_charger_f_s_v_06.png 52614-52620
//my_product/media/quickboot/boot_charger_f_s_v_07.png 52621-52627
//my_product/media/quickboot/boot_charger_f_s_v_08.png 52628-52634
//my_product/media/quickboot/boot_charger_f_s_v_09.png 52635-52641
//my_product/media/quickboot/boot_charger_f_s_v_10.png 52642-52649
//my_product/media/quickboot/boot_charger_f_s_v_11.png 52650-52657
//my_product/media/quickboot/boot_charger_f_s_v_12.png 52658-52665
//my_product/media/quickboot/boot_charger_f_s_v_13.png 52666-52673
//my_product/media/quickboot/boot_charger_f_s_v_14.png 52674-52681
//my_product/media/quickboot/boot_charger_f_s_v_15.png 52682-52689
//my_product/media/quickboot/boot_charger_f_s_v_16.png 52690-52697
//my_product/media/quickboot/boot_charger_f_s_v_17.png 52698-52705
//my_product/media/quickboot/boot_charger_f_s_v_18.png 52706-52713
//my_product/media/quickboot/boot_charger_f_s_v_19.png 52714-52721
//my_product/media/quickboot/boot_charger_f_s_v_20.png 52722-52730
//my_product/media/quickboot/boot_charger_f_s_v_21.png 52731-52739
//my_product/media/quickboot/boot_charger_f_s_v_22.png 52741-52749
//my_product/media/quickboot/boot_charger_f_s_v_23.png 52750-52758
//my_product/media/quickboot/boot_charger_f_s_v_24.png 52759-52767
//my_product/media/quickboot/boot_charger_f_s_v_25.png 52768-52776
//my_product/media/quickboot/boot_charger_f_s_v_empty.png 52777-52782
//my_product/media/quickboot/boot_charger_f_v_01.png 52783-52788
//my_product/media/quickboot/boot_charger_f_v_02.png 52789-52794
//my_product/media/quickboot/boot_charger_f_v_03.png 52795-52800
//my_product/media/quickboot/boot_charger_f_v_04.png 52801-52807
//my_product/media/quickboot/boot_charger_f_v_05.png 52808-52814
//my_product/media/quickboot/boot_charger_f_v_06.png 52815-52821
//my_product/media/quickboot/boot_charger_f_v_07.png 52822-52828
//my_product/media/quickboot/boot_charger_f_v_08.png 52829-52835
//my_product/media/quickboot/boot_charger_f_v_09.png 52836-52842
//my_product/media/quickboot/boot_charger_f_v_10.png 52843-52849
//my_product/media/quickboot/boot_charger_f_v_11.png 52850-52856
//my_product/media/quickboot/boot_charger_f_v_12.png 52857-52863
//my_product/media/quickboot/boot_charger_f_v_13.png 52864-52870
//my_product/media/quickboot/boot_charger_f_v_14.png 52871-52877
//my_product/media/quickboot/boot_charger_f_v_15.png 52878-52884
//my_product/media/quickboot/boot_charger_f_v_16.png 52885-52892
//my_product/media/quickboot/boot_charger_f_v_17.png 52893-52900
//my_product/media/quickboot/boot_charger_f_v_18.png 52901-52908
//my_product/media/quickboot/boot_charger_f_v_19.png 52909-52916
//my_product/media/quickboot/boot_charger_f_v_20.png 52917-52924
//my_product/media/quickboot/boot_charger_f_v_21.png 52925-52932
//my_product/media/quickboot/boot_charger_f_v_22.png 52933-52940
//my_product/media/quickboot/boot_charger_f_v_23.png 52941-52948
//my_product/media/quickboot/boot_charger_f_v_24.png 52949-52956
//my_product/media/quickboot/boot_charger_f_v_25.png 52957-52964
//my_product/media/quickboot/boot_charger_f_v_empty.png 52965-52970
//my_product/media/quickboot/boot_charger_full.png 52971-52973
//my_product/media/quickboot/boot_charger_full_thirdbat.png 52974-52981
//my_product/media/quickboot/boot_charger_full_with_exception1.png 52982-52988
//my_product/media/quickboot/boot_charger_full_with_exception2.png 52989-52995
//my_product/media/quickboot/boot_charger_s_01.png 53000-53001
//my_product/media/quickboot/boot_charger_s_02.png 53002-53003
//my_product/media/quickboot/boot_charger_s_03.png 53004-53005
//my_product/media/quickboot/boot_charger_s_04.png 53006-53007
//my_product/media/quickboot/boot_charger_s_05.png 53008-53009
//my_product/media/quickboot/boot_charger_s_06.png 53010-53011
//my_product/media/quickboot/boot_charger_s_07.png 53012-53013
//my_product/media/quickboot/boot_charger_s_08.png 53014-53016
//my_product/media/quickboot/boot_charger_s_09.png 53017-53019
//my_product/media/quickboot/boot_charger_s_10.png 53020-53022
//my_product/media/quickboot/boot_charger_s_11.png 53023-53025
//my_product/media/quickboot/boot_charger_s_12.png 53026-53028
//my_product/media/quickboot/boot_charger_s_13.png 53029-53031
//my_product/media/quickboot/boot_charger_s_14.png 53032-53034
//my_product/media/quickboot/boot_charger_s_15.png 53035-53037
//my_product/media/quickboot/boot_charger_s_16.png 53038-53040
//my_product/media/quickboot/boot_charger_s_17.png 53041-53043
//my_product/media/quickboot/boot_charger_s_18.png 53044-53046
//my_product/media/quickboot/boot_charger_s_19.png 53047-53049
//my_product/media/quickboot/boot_charger_s_20.png 53050-53052
//my_product/media/quickboot/boot_charger_s_21.png 53053-53055
//my_product/media/quickboot/boot_charger_s_22.png 53056-53058
//my_product/media/quickboot/boot_charger_s_23.png 53059-53061
//my_product/media/quickboot/boot_charger_s_24.png 53062-53064
//my_product/media/quickboot/boot_charger_s_25.png 53065-53067
//my_product/media/quickboot/boot_charger_s_empty.png 53068-53069
//my_product/media/quickboot/boot_charger_s_v_01.png 53070-53071
//my_product/media/quickboot/boot_charger_s_v_02.png 53072-53073
//my_product/media/quickboot/boot_charger_s_v_03.png 53074-53075
//my_product/media/quickboot/boot_charger_s_v_04.png 53076-53077
//my_product/media/quickboot/boot_charger_s_v_05.png 53078-53079
//my_product/media/quickboot/boot_charger_s_v_06.png 53080-53081
//my_product/media/quickboot/boot_charger_s_v_07.png 53082-53083
//my_product/media/quickboot/boot_charger_s_v_08.png 53084-53086
//my_product/media/quickboot/boot_charger_s_v_09.png 53088-53090
//my_product/media/quickboot/boot_charger_s_v_10.png 53091-53093
//my_product/media/quickboot/boot_charger_s_v_11.png 53094-53096
//my_product/media/quickboot/boot_charger_s_v_12.png 53097-53099
//my_product/media/quickboot/boot_charger_s_v_13.png 53100-53102
//my_product/media/quickboot/boot_charger_s_v_14.png 53103-53105
//my_product/media/quickboot/boot_charger_s_v_15.png 53106-53108
//my_product/media/quickboot/boot_charger_s_v_16.png 53109-53111
//my_product/media/quickboot/boot_charger_s_v_17.png 53112-53114
//my_product/media/quickboot/boot_charger_s_v_18.png 53115-53117
//my_product/media/quickboot/boot_charger_s_v_19.png 53118-53120
//my_product/media/quickboot/boot_charger_s_v_20.png 53121-53123
//my_product/media/quickboot/boot_charger_s_v_21.png 53124-53126
//my_product/media/quickboot/boot_charger_s_v_22.png 53127-53129
//my_product/media/quickboot/boot_charger_s_v_23.png 53130-53132
//my_product/media/quickboot/boot_charger_s_v_24.png 53133-53135
//my_product/media/quickboot/boot_charger_s_v_25.png 53136-53138
//my_product/media/quickboot/boot_charger_s_v_2_01.png 53139-53140
//my_product/media/quickboot/boot_charger_s_v_2_02.png 53141-53142
//my_product/media/quickboot/boot_charger_s_v_2_03.png 53143-53144
//my_product/media/quickboot/boot_charger_s_v_2_04.png 53145-53146
//my_product/media/quickboot/boot_charger_s_v_2_05.png 53147-53148
//my_product/media/quickboot/boot_charger_s_v_2_06.png 53149-53150
//my_product/media/quickboot/boot_charger_s_v_2_07.png 53151-53152
//my_product/media/quickboot/boot_charger_s_v_2_08.png 53153-53155
//my_product/media/quickboot/boot_charger_s_v_2_09.png 53156-53158
//my_product/media/quickboot/boot_charger_s_v_2_10.png 53159-53161
//my_product/media/quickboot/boot_charger_s_v_2_11.png 53162-53164
//my_product/media/quickboot/boot_charger_s_v_2_12.png 53165-53167
//my_product/media/quickboot/boot_charger_s_v_2_13.png 53168-53170
//my_product/media/quickboot/boot_charger_s_v_2_14.png 53171-53173
//my_product/media/quickboot/boot_charger_s_v_2_15.png 53174-53176
//my_product/media/quickboot/boot_charger_s_v_2_16.png 53177-53179
//my_product/media/quickboot/boot_charger_s_v_2_17.png 53180-53182
//my_product/media/quickboot/boot_charger_s_v_2_18.png 53183-53185
//my_product/media/quickboot/boot_charger_s_v_2_19.png 53186-53188
//my_product/media/quickboot/boot_charger_s_v_2_20.png 53189-53191
//my_product/media/quickboot/boot_charger_s_v_2_21.png 53192-53194
//my_product/media/quickboot/boot_charger_s_v_2_22.png 53195-53197
//my_product/media/quickboot/boot_charger_s_v_2_23.png 53198-53200
//my_product/media/quickboot/boot_charger_s_v_2_24.png 53201-53203
//my_product/media/quickboot/boot_charger_s_v_2_25.png 53204-53206
//my_product/media/quickboot/boot_charger_s_v_2_empty.png 53208-53209
//my_product/media/quickboot/boot_charger_s_v_empty.png 53210-53211
//my_product/media/quickboot/boot_charger_timeout.png 53212-53218
//my_product/media/quickboot/boot_charger_unknown.png 53219-53220
//my_product/media/quickboot/boot_charger_vol_high.png 53221-53227
//my_product/media/quickboot/boot_charger_vol_low.png 53228-53234
//my_product/media/quickboot/boot_charger_wireless_01.png 53235-53236
//my_product/media/quickboot/boot_charger_wireless_02.png 53237-53239
//my_product/media/quickboot/boot_charger_wireless_03.png 53240-53242
//my_product/media/quickboot/boot_charger_wireless_04.png 53243-53245
//my_product/media/quickboot/boot_charger_wireless_05.png 53246-53248
//my_product/media/quickboot/boot_charger_wireless_06.png 53249-53251
//my_product/media/quickboot/boot_charger_wireless_07.png 53252-53254
//my_product/media/quickboot/boot_charger_wireless_08.png 53255-53257
//my_product/media/quickboot/boot_charger_wireless_09.png 53258-53260
//my_product/media/quickboot/boot_charger_wireless_10.png 53261-53263
//my_product/media/quickboot/boot_charger_wireless_100.png 53264-53267
//my_product/media/quickboot/boot_charger_wireless_11.png 53268-53270
//my_product/media/quickboot/boot_charger_wireless_12.png 53271-53273
//my_product/media/quickboot/boot_charger_wireless_13.png 53274-53276
//my_product/media/quickboot/boot_charger_wireless_14.png 53277-53279
//my_product/media/quickboot/boot_charger_wireless_15.png 53280-53283
//my_product/media/quickboot/boot_charger_wireless_16.png 53284-53287
//my_product/media/quickboot/boot_charger_wireless_17.png 53288-53291
//my_product/media/quickboot/boot_charger_wireless_18.png 53292-53295
//my_product/media/quickboot/boot_charger_wireless_19.png 53296-53299
//my_product/media/quickboot/boot_charger_wireless_20.png 53300-53303
//my_product/media/quickboot/boot_charger_wireless_21.png 53304-53307
//my_product/media/quickboot/boot_charger_wireless_22.png 53308-53311
//my_product/media/quickboot/boot_charger_wireless_23.png 53312-53315
//my_product/media/quickboot/boot_charger_wireless_24.png 53316-53319
//my_product/media/quickboot/boot_charger_wireless_25.png 53320-53323
//my_product/media/quickboot/boot_charger_wireless_empty.png 53324-53326
//my_product/media/quickboot/boot_charger_wireless_novooc_01.png 53327-53328
//my_product/media/quickboot/boot_charger_wireless_novooc_02.png 53329-53330
//my_product/media/quickboot/boot_charger_wireless_novooc_03.png 53331-53332
//my_product/media/quickboot/boot_charger_wireless_novooc_04.png 53333-53334
//my_product/media/quickboot/boot_charger_wireless_novooc_05.png 53335-53336
//my_product/media/quickboot/boot_charger_wireless_novooc_06.png 53337-53338
//my_product/media/quickboot/boot_charger_wireless_novooc_07.png 53339-53340
//my_product/media/quickboot/boot_charger_wireless_novooc_08.png 53341-53343
//my_product/media/quickboot/boot_charger_wireless_novooc_09.png 53344-53345
//my_product/media/quickboot/boot_charger_wireless_novooc_10.png 53347-53349
//my_product/media/quickboot/boot_charger_wireless_novooc_100.png 53350-53352
//my_product/media/quickboot/boot_charger_wireless_novooc_11.png 53353-53355
//my_product/media/quickboot/boot_charger_wireless_novooc_12.png 53356-53358
//my_product/media/quickboot/boot_charger_wireless_novooc_13.png 53359-53361
//my_product/media/quickboot/boot_charger_wireless_novooc_14.png 53362-53364
//my_product/media/quickboot/boot_charger_wireless_novooc_15.png 53365-53367
//my_product/media/quickboot/boot_charger_wireless_novooc_16.png 53368-53370
//my_product/media/quickboot/boot_charger_wireless_novooc_17.png 53371-53373
//my_product/media/quickboot/boot_charger_wireless_novooc_18.png 53374-53376
//my_product/media/quickboot/boot_charger_wireless_novooc_19.png 53377-53379
//my_product/media/quickboot/boot_charger_wireless_novooc_20.png 53380-53382
//my_product/media/quickboot/boot_charger_wireless_novooc_21.png 53383-53385
//my_product/media/quickboot/boot_charger_wireless_novooc_22.png 53386-53388
//my_product/media/quickboot/boot_charger_wireless_novooc_23.png 53389-53391
//my_product/media/quickboot/boot_charger_wireless_novooc_24.png 53392-53394
//my_product/media/quickboot/boot_charger_wireless_novooc_25.png 53395-53397
//my_product/media/quickboot/boot_charger_wireless_novooc_empty.png 53398-53399
//my_product/non_overlay/priv-app/DiracAudioControlService/DiracAudioControlService.apk 53400-53440
//my_product/overlay/SystemUIFingerprintRes_CCYH.apk 53441-54539
//my_product/overlay/SystemUIFingerprintRes_JHSY.apk 54541-54835
//my_product/overlay/SystemUIFingerprintRes_JSLZ.apk 54836-56279
//my_product/overlay/SystemUIFingerprintRes_LGSY.apk 56281-56693
//my_product/overlay/SystemUIFingerprintRes_NLGS.apk 56694-57177
//my_product/overlay/SystemUIFingerprintRes_TYJW.apk 57178-57628
//my_product/overlay/SystemUIFingerprintRes_XKLC.apk 57630-58258
//my_product/overlay/android_framework_res_overlay.display.product.2269C.apk 58259-58260
//my_product/priv-app/HotwordEnrollmentOKGoogleRISCV.apk 58261-58418
//my_product/priv-app/HotwordEnrollmentXGoogleRISCV.apk 58419-58561
//my_product/product_overlay/framework/com.oplus.camera.unit.sdk.adapter.jar 58563-58754
//my_product/product_overlay/framework/com.oplus.camera.unit.sdk.jar 58755-59023
//my_product/vendor/etc/display_brightness_config_oplus2269C.xml 59025-59040
//my_product/vendor/etc/display_curve_map.xml 59041-59051
//my_product/vendor/etc/multimedia_app_scale_list.xml 59052-59053
//my_product/vendor/etc/multimedia_display_feature_config.xml 59054
//my_product/vendor/etc/multimedia_display_perf_list.xml 59055
