//my_product/apkcerts.txt 1-5
//my_product/app/AudioEffectCenter/AudioEffectCenter.apk 6-673
//my_product/app/AudioEffectCenter/oat/arm64/AudioEffectCenter.vdex 675-684
//my_product/app/OplusCamera/OplusCamera.apk 685-30357
//my_product/app/OplusCamera/oat/arm64/OplusCamera.vdex 30380-30443
//my_product/build.prop 30444
//my_product/decouping_wallpaper/common/inlay_wallpaper1.png 30445-31025
//my_product/decouping_wallpaper/common/inlay_wallpaper10.png 31026-31198
//my_product/decouping_wallpaper/common/inlay_wallpaper2.png 31199-31850
//my_product/decouping_wallpaper/common/inlay_wallpaper3.png 31851-32369
//my_product/decouping_wallpaper/common/inlay_wallpaper4.png 32371-32977
//my_product/decouping_wallpaper/common/inlay_wallpaper5.png 32979-33637
//my_product/decouping_wallpaper/common/inlay_wallpaper6.png 33639-34548
//my_product/decouping_wallpaper/common/inlay_wallpaper7.png 34550-35584
//my_product/decouping_wallpaper/common/inlay_wallpaper8.png 35586-36031
//my_product/decouping_wallpaper/common/inlay_wallpaper9.png 36032-36415
//my_product/decouping_wallpaper/common/inlay_wallpaper_id.png 36416-36659 36660
//my_product/decouping_wallpaper/common/product_wallpaper.png 36661-37240
//my_product/decouping_wallpaper/common/product_wallpaper2.png 37241-37565
//my_product/decouping_wallpaper/default/default_wallpaper.png 37567-38146
//my_product/decouping_wallpaper/default/default_wallpaper_lock.png 38148-38727
//my_product/decouping_wallpaper/default/preview_0.png 38728-38739
//my_product/decouping_wallpaper/default/preview_0_en.png 38740-38751
//my_product/decouping_wallpaper/default/preview_1.png 38752-38857
//my_product/decouping_wallpaper/default/preview_1_en.png 38858-38923
//my_product/decouping_wallpaper/default/thumb.png 38924-38941
//my_product/decouping_wallpaper/default/thumb_en.png 38942-38956
//my_product/etc/HBMNoiseTable 38957
//my_product/etc/NOTICE.xml.gz 38959
//my_product/etc/apns-conf.xml 38961-39008
//my_product/etc/camera/engineer_camera_config 39010
//my_product/etc/ecc_list.xml 39011-39013
//my_product/etc/engineermode/aging_config/aging_set.json 39015
//my_product/etc/extension/regulatory_info_config_product.xml 39021
//my_product/etc/extension/sys_osense_decisionmaker_config.xml 39023
//my_product/etc/fusionlight_profile/oplus_fusion_light_args.xml 39024
//my_product/etc/fusionlight_profile/oplus_fusion_light_args_2.xml 39025
//my_product/etc/fusionlight_profile/screen_diff/oplus_fusion_light_args.xml 39026
//my_product/etc/fusionlight_profile/screen_diff/oplus_fusion_light_args_2.xml 39027
//my_product/etc/permissions/com.android.hotwordenrollment.common.util.impl.jar 39030-39031
//my_product/etc/power_profile/power_profile.xml 39036
//my_product/etc/refresh_rate_config.xml 39037-39050
//my_product/etc/settings/regulatory_image_brazil_anatel_rmx3081.png 39052-39066
//my_product/etc/settings/regulatory_image_brazil_anatel_rmx3191.png 39067-39074
//my_product/etc/settings/regulatory_image_brazil_anatel_rmx3363.png 39076-39090
//my_product/etc/settings/regulatory_image_india_anatel_rmp2107.png 39091-39092
//my_product/etc/settings/regulatory_image_india_anatel_rmp2108.png 39094-39095
//my_product/etc/startup/sys_startup_v3_config_list.xml 39097-39103
//my_product/etc/vendor_oplus_carriername.xml 39105-39106
//my_product/framework/com.android.hotwordenrollment.common.util.jar 39107-39108
//my_product/lib/libAPSClient-cmd-jni.so 39109-39186
//my_product/lib/libAPSClient-jni.so 39187-39277
//my_product/lib64/libAPSClient-cmd-jni.so 39279-39388
//my_product/lib64/libAPSClient-jni.so 39389-39513
//my_product/lib64/libAncFilter_jni.so 39514-39602
//my_product/lib64/libAncHumBokeh-jni.so 39603-39638
//my_product/lib64/libAncHumanDoubleExposure-jni.so 39639-39681
//my_product/lib64/libAncHumanRetain-jni_v2.so 39682-39723
//my_product/lib64/libAncHumanSegFigureFusion-jni.so 39724-39766
//my_product/lib64/libAncHumanVideo-jni.so 39767-39800
//my_product/lib64/libApsFaceBeautyPreviewProductJni.so 39801-39878
//my_product/lib64/libAvatarEngineRender.so 39879-40357
//my_product/lib64/libAvatarEngineRenderNative.so 40359-40838
//my_product/lib64/libCombineLut.so 40839-40864
//my_product/lib64/libCombineLutJni.so 40865
//my_product/lib64/libFileExtender-jni.so 40866-40890
//my_product/lib64/libOplusBlurPreviewJNI.so 40891-40934
//my_product/lib64/libSuperTextWrapper.so 40935-41058
//my_product/lib64/libXDocProcessSDK-jni.so 41059-41200
//my_product/lib64/libXDocProcessSDK.so 41202-42097
//my_product/lib64/libYTCommon.so 42099-42202
//my_product/lib64/libarcsoft_wideselfie.so 42203-42875
//my_product/lib64/libextendfile.so 42876-42982
//my_product/lib64/libjni_wideselfie.so 42983-42985
//my_product/lib64/libjnisingleblur_api.so 42986-43050
//my_product/lib64/libjnistblur_api.so 43051-43116
//my_product/lib64/libmpbase.so 43117
//my_product/lib64/libsingle_camera_bokeh_native.so 43118-43255
//my_product/lib64/libst_mobile.so 43256-44521
//my_product/lib64/libst_sticker_jni.so 44523-44554
//my_product/media/bootanimation/bootanimation.zip 44556-44774
//my_product/media/bootanimation/rbootanimation.zip 44775-44889
//my_product/media/quickboot/boot_bat_temp_high.png 44893-44898
//my_product/media/quickboot/boot_bat_temp_low.png 44899-44906
//my_product/media/quickboot/boot_black_picture.png 44907
//my_product/media/quickboot/boot_charger_01.png 44908-44909
//my_product/media/quickboot/boot_charger_02.png 44910-44911
//my_product/media/quickboot/boot_charger_03.png 44912-44913
//my_product/media/quickboot/boot_charger_04.png 44914-44915
//my_product/media/quickboot/boot_charger_05.png 44916-44917
//my_product/media/quickboot/boot_charger_06.png 44918-44919
//my_product/media/quickboot/boot_charger_07.png 44920-44921
//my_product/media/quickboot/boot_charger_08.png 44922-44924
//my_product/media/quickboot/boot_charger_09.png 44925-44927
//my_product/media/quickboot/boot_charger_10.png 44928-44930
//my_product/media/quickboot/boot_charger_100.png 44931-44933
//my_product/media/quickboot/boot_charger_11.png 44934-44936
//my_product/media/quickboot/boot_charger_12.png 44937-44939
//my_product/media/quickboot/boot_charger_13.png 44940-44942
//my_product/media/quickboot/boot_charger_14.png 44943-44945
//my_product/media/quickboot/boot_charger_15.png 44946-44948
//my_product/media/quickboot/boot_charger_16.png 44949-44951
//my_product/media/quickboot/boot_charger_17.png 44952-44954
//my_product/media/quickboot/boot_charger_18.png 44955-44957
//my_product/media/quickboot/boot_charger_19.png 44958-44960
//my_product/media/quickboot/boot_charger_20.png 44961-44963
//my_product/media/quickboot/boot_charger_21.png 44964-44966
//my_product/media/quickboot/boot_charger_22.png 44967-44969
//my_product/media/quickboot/boot_charger_23.png 44970-44972
//my_product/media/quickboot/boot_charger_24.png 44974-44976
//my_product/media/quickboot/boot_charger_25.png 44977-44979
//my_product/media/quickboot/boot_charger_battery_high.png 44980-44986
//my_product/media/quickboot/boot_charger_battery_untouch.png 44987-44993
//my_product/media/quickboot/boot_charger_deviated_CN.png 44994-45012
//my_product/media/quickboot/boot_charger_deviated_US.png 45013-45030
//my_product/media/quickboot/boot_charger_empty.png 45031-45032
//my_product/media/quickboot/boot_charger_f_s_v_01.png 45033-45038
//my_product/media/quickboot/boot_charger_f_s_v_02.png 45039-45044
//my_product/media/quickboot/boot_charger_f_s_v_03.png 45045-45050
//my_product/media/quickboot/boot_charger_f_s_v_04.png 45051-45057
//my_product/media/quickboot/boot_charger_f_s_v_05.png 45058-45064
//my_product/media/quickboot/boot_charger_f_s_v_06.png 45065-45071
//my_product/media/quickboot/boot_charger_f_s_v_07.png 45072-45078
//my_product/media/quickboot/boot_charger_f_s_v_08.png 45079-45085
//my_product/media/quickboot/boot_charger_f_s_v_09.png 45086-45092
//my_product/media/quickboot/boot_charger_f_s_v_10.png 45093-45100
//my_product/media/quickboot/boot_charger_f_s_v_11.png 45101-45108
//my_product/media/quickboot/boot_charger_f_s_v_12.png 45109-45116
//my_product/media/quickboot/boot_charger_f_s_v_13.png 45117-45124
//my_product/media/quickboot/boot_charger_f_s_v_14.png 45125-45132
//my_product/media/quickboot/boot_charger_f_s_v_15.png 45133-45140
//my_product/media/quickboot/boot_charger_f_s_v_16.png 45141-45148
//my_product/media/quickboot/boot_charger_f_s_v_17.png 45149-45156
//my_product/media/quickboot/boot_charger_f_s_v_18.png 45157-45164
//my_product/media/quickboot/boot_charger_f_s_v_19.png 45165-45172
//my_product/media/quickboot/boot_charger_f_s_v_20.png 45173-45181
//my_product/media/quickboot/boot_charger_f_s_v_21.png 45182-45190
//my_product/media/quickboot/boot_charger_f_s_v_22.png 45191-45199
//my_product/media/quickboot/boot_charger_f_s_v_23.png 45200-45208
//my_product/media/quickboot/boot_charger_f_s_v_24.png 45209-45217
//my_product/media/quickboot/boot_charger_f_s_v_25.png 45218-45226
//my_product/media/quickboot/boot_charger_f_s_v_empty.png 45227-45232
//my_product/media/quickboot/boot_charger_f_v_01.png 45233-45238
//my_product/media/quickboot/boot_charger_f_v_02.png 45240-45245
//my_product/media/quickboot/boot_charger_f_v_03.png 45246-45251
//my_product/media/quickboot/boot_charger_f_v_04.png 45252-45258
//my_product/media/quickboot/boot_charger_f_v_05.png 45259-45265
//my_product/media/quickboot/boot_charger_f_v_06.png 45266-45272
//my_product/media/quickboot/boot_charger_f_v_07.png 45273-45279
//my_product/media/quickboot/boot_charger_f_v_08.png 45280-45286
//my_product/media/quickboot/boot_charger_f_v_09.png 45287-45293
//my_product/media/quickboot/boot_charger_f_v_10.png 45294-45300
//my_product/media/quickboot/boot_charger_f_v_11.png 45301-45307
//my_product/media/quickboot/boot_charger_f_v_12.png 45308-45314
//my_product/media/quickboot/boot_charger_f_v_13.png 45315-45321
//my_product/media/quickboot/boot_charger_f_v_14.png 45322-45328
//my_product/media/quickboot/boot_charger_f_v_15.png 45329-45335
//my_product/media/quickboot/boot_charger_f_v_16.png 45336-45343
//my_product/media/quickboot/boot_charger_f_v_17.png 45344-45351
//my_product/media/quickboot/boot_charger_f_v_18.png 45352-45359
//my_product/media/quickboot/boot_charger_f_v_19.png 45360-45367
//my_product/media/quickboot/boot_charger_f_v_20.png 45368-45375
//my_product/media/quickboot/boot_charger_f_v_21.png 45376-45383
//my_product/media/quickboot/boot_charger_f_v_22.png 45384-45391
//my_product/media/quickboot/boot_charger_f_v_23.png 45392-45399
//my_product/media/quickboot/boot_charger_f_v_24.png 45400-45407
//my_product/media/quickboot/boot_charger_f_v_25.png 45408-45415
//my_product/media/quickboot/boot_charger_f_v_empty.png 45416-45421
//my_product/media/quickboot/boot_charger_full.png 45422-45424
//my_product/media/quickboot/boot_charger_full_thirdbat.png 45425-45432
//my_product/media/quickboot/boot_charger_full_with_exception1.png 45433-45439
//my_product/media/quickboot/boot_charger_full_with_exception2.png 45440-45446
//my_product/media/quickboot/boot_charger_s_01.png 45451-45452
//my_product/media/quickboot/boot_charger_s_02.png 45453-45454
//my_product/media/quickboot/boot_charger_s_03.png 45455-45456
//my_product/media/quickboot/boot_charger_s_04.png 45457-45458
//my_product/media/quickboot/boot_charger_s_05.png 45459-45460
//my_product/media/quickboot/boot_charger_s_06.png 45461-45462
//my_product/media/quickboot/boot_charger_s_07.png 45463-45464
//my_product/media/quickboot/boot_charger_s_08.png 45465-45467
//my_product/media/quickboot/boot_charger_s_09.png 45468-45470
//my_product/media/quickboot/boot_charger_s_10.png 45471-45473
//my_product/media/quickboot/boot_charger_s_11.png 45474-45476
//my_product/media/quickboot/boot_charger_s_12.png 45477-45479
//my_product/media/quickboot/boot_charger_s_13.png 45480-45482
//my_product/media/quickboot/boot_charger_s_14.png 45483-45485
//my_product/media/quickboot/boot_charger_s_15.png 45486-45488
//my_product/media/quickboot/boot_charger_s_16.png 45489-45491
//my_product/media/quickboot/boot_charger_s_17.png 45492-45494
//my_product/media/quickboot/boot_charger_s_18.png 45495-45497
//my_product/media/quickboot/boot_charger_s_19.png 45498-45500
//my_product/media/quickboot/boot_charger_s_20.png 45501-45503
//my_product/media/quickboot/boot_charger_s_21.png 45504-45506
//my_product/media/quickboot/boot_charger_s_22.png 45507-45509
//my_product/media/quickboot/boot_charger_s_23.png 45510-45512
//my_product/media/quickboot/boot_charger_s_24.png 45513-45515
//my_product/media/quickboot/boot_charger_s_25.png 45516-45518
//my_product/media/quickboot/boot_charger_s_empty.png 45519-45520
//my_product/media/quickboot/boot_charger_s_v_01.png 45521-45522
//my_product/media/quickboot/boot_charger_s_v_02.png 45523-45524
//my_product/media/quickboot/boot_charger_s_v_03.png 45525-45526
//my_product/media/quickboot/boot_charger_s_v_04.png 45527-45528
//my_product/media/quickboot/boot_charger_s_v_05.png 45529-45530
//my_product/media/quickboot/boot_charger_s_v_06.png 45531-45532
//my_product/media/quickboot/boot_charger_s_v_07.png 45533-45534
//my_product/media/quickboot/boot_charger_s_v_08.png 45535-45537
//my_product/media/quickboot/boot_charger_s_v_09.png 45538-45540
//my_product/media/quickboot/boot_charger_s_v_10.png 45541-45543
//my_product/media/quickboot/boot_charger_s_v_11.png 45544-45546
//my_product/media/quickboot/boot_charger_s_v_12.png 45547-45549
//my_product/media/quickboot/boot_charger_s_v_13.png 45550-45552
//my_product/media/quickboot/boot_charger_s_v_14.png 45553-45555
//my_product/media/quickboot/boot_charger_s_v_15.png 45556-45558
//my_product/media/quickboot/boot_charger_s_v_16.png 45559-45561
//my_product/media/quickboot/boot_charger_s_v_17.png 45562-45564
//my_product/media/quickboot/boot_charger_s_v_18.png 45566-45568
//my_product/media/quickboot/boot_charger_s_v_19.png 45569-45571
//my_product/media/quickboot/boot_charger_s_v_20.png 45572-45574
//my_product/media/quickboot/boot_charger_s_v_21.png 45575-45577
//my_product/media/quickboot/boot_charger_s_v_22.png 45578-45580
//my_product/media/quickboot/boot_charger_s_v_23.png 45581-45583
//my_product/media/quickboot/boot_charger_s_v_24.png 45584-45586
//my_product/media/quickboot/boot_charger_s_v_25.png 45587-45589
//my_product/media/quickboot/boot_charger_s_v_2_01.png 45590-45591
//my_product/media/quickboot/boot_charger_s_v_2_02.png 45592-45593
//my_product/media/quickboot/boot_charger_s_v_2_03.png 45594-45595
//my_product/media/quickboot/boot_charger_s_v_2_04.png 45596-45597
//my_product/media/quickboot/boot_charger_s_v_2_05.png 45598-45599
//my_product/media/quickboot/boot_charger_s_v_2_06.png 45600-45601
//my_product/media/quickboot/boot_charger_s_v_2_07.png 45602-45603
//my_product/media/quickboot/boot_charger_s_v_2_08.png 45604-45606
//my_product/media/quickboot/boot_charger_s_v_2_09.png 45607-45609
//my_product/media/quickboot/boot_charger_s_v_2_10.png 45610-45612
//my_product/media/quickboot/boot_charger_s_v_2_11.png 45613-45615
//my_product/media/quickboot/boot_charger_s_v_2_12.png 45616-45618
//my_product/media/quickboot/boot_charger_s_v_2_13.png 45619-45621
//my_product/media/quickboot/boot_charger_s_v_2_14.png 45622-45624
//my_product/media/quickboot/boot_charger_s_v_2_15.png 45625-45627
//my_product/media/quickboot/boot_charger_s_v_2_16.png 45628-45630
//my_product/media/quickboot/boot_charger_s_v_2_17.png 45631-45633
//my_product/media/quickboot/boot_charger_s_v_2_18.png 45634-45636
//my_product/media/quickboot/boot_charger_s_v_2_19.png 45637-45639
//my_product/media/quickboot/boot_charger_s_v_2_20.png 45640-45642
//my_product/media/quickboot/boot_charger_s_v_2_21.png 45643-45645
//my_product/media/quickboot/boot_charger_s_v_2_22.png 45646-45648
//my_product/media/quickboot/boot_charger_s_v_2_23.png 45649-45651
//my_product/media/quickboot/boot_charger_s_v_2_24.png 45652-45654
//my_product/media/quickboot/boot_charger_s_v_2_25.png 45655-45657
//my_product/media/quickboot/boot_charger_s_v_2_empty.png 45658-45659
//my_product/media/quickboot/boot_charger_s_v_empty.png 45660-45661
//my_product/media/quickboot/boot_charger_timeout.png 45662-45668
//my_product/media/quickboot/boot_charger_unknown.png 45669-45670
//my_product/media/quickboot/boot_charger_vol_high.png 45671-45677
//my_product/media/quickboot/boot_charger_vol_low.png 45678-45684
//my_product/media/quickboot/boot_charger_wireless_01.png 45685-45686
//my_product/media/quickboot/boot_charger_wireless_02.png 45687-45689
//my_product/media/quickboot/boot_charger_wireless_03.png 45690-45692
//my_product/media/quickboot/boot_charger_wireless_04.png 45694-45696
//my_product/media/quickboot/boot_charger_wireless_05.png 45697-45699
//my_product/media/quickboot/boot_charger_wireless_06.png 45700-45702
//my_product/media/quickboot/boot_charger_wireless_07.png 45703-45705
//my_product/media/quickboot/boot_charger_wireless_08.png 45706-45708
//my_product/media/quickboot/boot_charger_wireless_09.png 45709-45711
//my_product/media/quickboot/boot_charger_wireless_10.png 45712-45714
//my_product/media/quickboot/boot_charger_wireless_100.png 45715-45718
//my_product/media/quickboot/boot_charger_wireless_11.png 45719-45721
//my_product/media/quickboot/boot_charger_wireless_12.png 45722-45724
//my_product/media/quickboot/boot_charger_wireless_13.png 45725-45727
//my_product/media/quickboot/boot_charger_wireless_14.png 45728-45730
//my_product/media/quickboot/boot_charger_wireless_15.png 45731-45734
//my_product/media/quickboot/boot_charger_wireless_16.png 45735-45738
//my_product/media/quickboot/boot_charger_wireless_17.png 45739-45742
//my_product/media/quickboot/boot_charger_wireless_18.png 45743-45746
//my_product/media/quickboot/boot_charger_wireless_19.png 45747-45750
//my_product/media/quickboot/boot_charger_wireless_20.png 45751-45754
//my_product/media/quickboot/boot_charger_wireless_21.png 45755-45758
//my_product/media/quickboot/boot_charger_wireless_22.png 45759-45762
//my_product/media/quickboot/boot_charger_wireless_23.png 45763-45766
//my_product/media/quickboot/boot_charger_wireless_24.png 45767-45770
//my_product/media/quickboot/boot_charger_wireless_25.png 45771-45774
//my_product/media/quickboot/boot_charger_wireless_empty.png 45775-45777
//my_product/media/quickboot/boot_charger_wireless_novooc_01.png 45778-45779
//my_product/media/quickboot/boot_charger_wireless_novooc_02.png 45780-45781
//my_product/media/quickboot/boot_charger_wireless_novooc_03.png 45782-45783
//my_product/media/quickboot/boot_charger_wireless_novooc_04.png 45784-45785
//my_product/media/quickboot/boot_charger_wireless_novooc_05.png 45786-45787
//my_product/media/quickboot/boot_charger_wireless_novooc_06.png 45788-45789
//my_product/media/quickboot/boot_charger_wireless_novooc_07.png 45790-45791
//my_product/media/quickboot/boot_charger_wireless_novooc_08.png 45792-45794
//my_product/media/quickboot/boot_charger_wireless_novooc_09.png 45795-45796
//my_product/media/quickboot/boot_charger_wireless_novooc_10.png 45797-45799
//my_product/media/quickboot/boot_charger_wireless_novooc_100.png 45800-45802
//my_product/media/quickboot/boot_charger_wireless_novooc_11.png 45803-45805
//my_product/media/quickboot/boot_charger_wireless_novooc_12.png 45806-45808
//my_product/media/quickboot/boot_charger_wireless_novooc_13.png 45809-45811
//my_product/media/quickboot/boot_charger_wireless_novooc_14.png 45812-45814
//my_product/media/quickboot/boot_charger_wireless_novooc_15.png 45815-45817
//my_product/media/quickboot/boot_charger_wireless_novooc_16.png 45818-45820
//my_product/media/quickboot/boot_charger_wireless_novooc_17.png 45821-45823
//my_product/media/quickboot/boot_charger_wireless_novooc_18.png 45825-45827
//my_product/media/quickboot/boot_charger_wireless_novooc_19.png 45828-45830
//my_product/media/quickboot/boot_charger_wireless_novooc_20.png 45831-45833
//my_product/media/quickboot/boot_charger_wireless_novooc_21.png 45834-45836
//my_product/media/quickboot/boot_charger_wireless_novooc_22.png 45837-45839
//my_product/media/quickboot/boot_charger_wireless_novooc_23.png 45840-45842
//my_product/media/quickboot/boot_charger_wireless_novooc_24.png 45843-45845
//my_product/media/quickboot/boot_charger_wireless_novooc_25.png 45846-45848
//my_product/media/quickboot/boot_charger_wireless_novooc_empty.png 45849-45850
//my_product/overlay/CarrierConfigOverlay.23676U.apk 45851-45858
//my_product/overlay/CarrierConfigOverlay.platform.MT6789.apk 45859-45868
//my_product/overlay/SystemUIFingerprintRes_CCYH.apk 45869-46967
//my_product/overlay/SystemUIFingerprintRes_JHSY.apk 46968-47262
//my_product/overlay/SystemUIFingerprintRes_JSLZ.apk 47264-48707
//my_product/overlay/SystemUIFingerprintRes_LGSY.apk 48708-49120
//my_product/overlay/SystemUIFingerprintRes_NLGS.apk 49122-49605
//my_product/overlay/SystemUIFingerprintRes_TYJW.apk 49606-50056
//my_product/overlay/SystemUIFingerprintRes_XKLC.apk 50057-50685
//my_product/overlay/android_framework_res_overlay.display.product.2269C.apk 50687-50688
//my_product/priv-app/HotwordEnrollmentOKGoogleRISCV.apk 50689-50846
//my_product/priv-app/HotwordEnrollmentXGoogleRISCV.apk 50847-50989
//my_product/priv-app/OShare/OShare.apk 50990-53401
//my_product/priv-app/OShare/oat/arm64/OShare.vdex 53405-53445
//my_product/product_overlay/framework/com.oplus.camera.unit.sdk.adapter.jar 53446-53670
//my_product/product_overlay/framework/com.oplus.camera.unit.sdk.jar 53671-54014
//my_product/vendor/etc/display_brightness_config_oplus2269C.xml 54016-54031
//my_product/vendor/etc/display_curve_map.xml 54032-54042
//my_product/vendor/etc/multimedia_app_scale_list.xml 54043-54044
//my_product/vendor/etc/multimedia_display_feature_config.xml 54045
//my_product/vendor/etc/multimedia_display_perf_list.xml 54046
