//my_region/app/Instant/Instant.apk 1-8155
//my_region/app/Instant/lib/arm64/libc++_shared.so 8163-8261
//my_region/app/Instant/lib/arm64/libcanvas.so 8262
//my_region/app/Instant/lib/arm64/libconscrypt_jni.so 8263-8458
//my_region/app/Instant/lib/arm64/libfb.so 8459-8558
//my_region/app/Instant/lib/arm64/libgifimage.so 8559-8588
//my_region/app/Instant/lib/arm64/libhapbridge.so 8589-8688
//my_region/app/Instant/lib/arm64/libimagepipeline.so 8689
//my_region/app/Instant/lib/arm64/libinspector.so 8690-8693
//my_region/app/Instant/lib/arm64/libmmkv.so 8694-8757
//my_region/app/Instant/lib/arm64/libnative-filters.so 8758-8762
//my_region/app/Instant/lib/arm64/libnative-imagetranscoder.so 8763-8824
//my_region/app/Instant/lib/arm64/libnearmelog.so 8825-8833
//my_region/app/Instant/lib/arm64/libopluslog.so 8834-8842
//my_region/app/Instant/lib/arm64/libqjsruntime.so 8843-9063
//my_region/app/Instant/lib/arm64/libstatic-webp.so 9065-9146
//my_region/app/Instant/lib/arm64/libv8runtime.so 9147-11062
//my_region/app/Instant/lib/arm64/libyoga.so 11065-11094
//my_region/app/Instant/oat/arm64/Instant.vdex 11095-11184
//my_region/etc/NOTICE.xml.gz 11185-11190
//my_region/etc/extension/com.oplus.app-features.xml 11192-11193
//my_region/etc/oplus_carrier_config.xml 11195
//my_region/etc/startup/blacklist_default.xml 11196-11200
//my_region/etc/startup/safe_boot_whitelist.xml 11201-11202
//my_region/etc/startup/sys_startup_v3_config_list.xml 11203-11205
//my_region/etc/startup/sys_startupmanager_config_list.xml 11206-11208
//my_region/global/oplus_carrier_list.xml 11350-11353
//my_region/media/aod/style/tiger/aod_internal_style_aod_pic_indonesia.png 11354-11360
//my_region/media/aod/style/tiger/layout.xml 11362
//my_region/priv-app/OplusCallRecorder/OplusCallRecorder.apk 11363-11913
//my_region/priv-app/OplusCallRecorder/oat/arm64/OplusCallRecorder.vdex 11914-11920
