//my_region/app/Instant/Instant.apk 1-7707
//my_region/app/Instant/lib/arm64/libc++_shared.so 7714-7812
//my_region/app/Instant/lib/arm64/libcanvas.so 7813
//my_region/app/Instant/lib/arm64/libconscrypt_jni.so 7814-8009
//my_region/app/Instant/lib/arm64/libdns_server_rk.so 8011-8084
//my_region/app/Instant/lib/arm64/libfb.so 8085-8184
//my_region/app/Instant/lib/arm64/libgifimage.so 8185-8214
//my_region/app/Instant/lib/arm64/libhapbridge.so 8215-8314
//my_region/app/Instant/lib/arm64/libimagepipeline.so 8315
//my_region/app/Instant/lib/arm64/libinspector.so 8316-8319
//my_region/app/Instant/lib/arm64/libmmkv.so 8320-8383
//my_region/app/Instant/lib/arm64/libnative-filters.so 8384-8388
//my_region/app/Instant/lib/arm64/libnative-imagetranscoder.so 8389-8450
//my_region/app/Instant/lib/arm64/libnearmelog.so 8451-8459
//my_region/app/Instant/lib/arm64/libqjsruntime.so 8460-8680
//my_region/app/Instant/lib/arm64/libstatic-webp.so 8681-8762
//my_region/app/Instant/lib/arm64/libv8runtime.so 8763-10678
//my_region/app/Instant/lib/arm64/libyoga.so 10681-10710
//my_region/app/Instant/oat/arm64/Instant.vdex 10711-10780
//my_region/etc/NOTICE.xml.gz 10782-10788
//my_region/etc/oplus_carrier_config.xml 10828
//my_region/etc/startup/blacklist_default.xml 10830-10834
//my_region/etc/startup/safe_boot_whitelist.xml 10835-10836
//my_region/etc/startup/sys_startup_v3_config_list.xml 10837-10839
//my_region/etc/startup/sys_startupmanager_config_list.xml 10840-10842
//my_region/media/aod/style/tiger/aod_internal_style_aod_pic_indonesia.png 10843-10849
//my_region/media/aod/style/tiger/layout.xml 10850
//my_region/plugin/LogKitUploadPlugin/LogKitUploadPlugin.apk 10851-11553
//my_region/plugin/SafeCenterConfigPlugin/SafeCenterConfigPlugin.apk 11555-11705
