//my_stock/apkcerts.txt 1
//my_stock/app/AIUnit/AIUnit.apk 2-18556
//my_stock/app/AIUnit/lib/arm64/libaiunit_sdk_core.so 18568-18569
//my_stock/app/AIUnit/oat/arm64/AIUnit.vdex 18570-18608
//my_stock/app/Aod/Aod.apk 18609-29037
//my_stock/app/Aod/lib/arm64/libVFX.so 29044-29470
//my_stock/app/Aod/lib/arm64/libhandpaintedeffects.so 29471-29524
//my_stock/app/Aod/lib/arm64/liboplus_gifdecoder.so 29525-29554
//my_stock/app/Aod/lib/arm64/liboplus_image_process.so 29555-29556
//my_stock/app/Aod/lib/arm64/liboplusos_lunar.so 29557-29559
//my_stock/app/Aod/oat/arm64/Aod.vdex 29560-29584
//my_stock/app/COSA/COSA.apk 29585-35855
//my_stock/app/COSA/oat/arm64/COSA.vdex 35861-35883
//my_stock/app/Calculator2/Calculator2.apk 35884-37676
//my_stock/app/Calculator2/oat/arm64/Calculator2.vdex 37679-37703
//my_stock/app/ChildrenSpace/ChildrenSpace.apk 37704-44778
//my_stock/app/ChildrenSpace/oat/arm64/ChildrenSpace.vdex 44784-44811
//my_stock/app/Clock/Clock.apk 44812-48809
//my_stock/app/Clock/oat/arm64/Clock.vdex 48814-48860
//my_stock/app/CommercialMidGround/CommercialMidGround.apk 48861-49498
//my_stock/app/CommercialMidGround/oat/arm64/CommercialMidGround.vdex 49499-49508
//my_stock/app/FileEncryption/FileEncryption.apk 49509-50898
//my_stock/app/FileEncryption/oat/arm64/FileEncryption.vdex 50901-50919
//my_stock/app/FileManager/FileManager.apk 50920-59660
//my_stock/app/FloatAssistant/FloatAssistant.apk 59669-64868
//my_stock/app/FloatAssistant/oat/arm64/FloatAssistant.vdex 64874-64899
//my_stock/app/HealthCheck/HealthCheck.apk 64900-66520
//my_stock/app/HealthCheck/oat/arm64/HealthCheck.vdex 66523-66541
//my_stock/app/Karaoke/Karaoke.apk 66542-68318
//my_stock/app/Karaoke/oat/arm64/Karaoke.vdex 68321-68347
//my_stock/app/KeKePay/KeKePay.apk 68348-72742
//my_stock/app/KeKePay/lib/arm64/libAPSE_8.0.0.so 72747-73140
//my_stock/app/KeKePay/lib/arm64/libDXCaptcha-1.7.2.so 73141-73185
//my_stock/app/KeKePay/lib/arm64/libDXCaptcha-v1.7.7-oppo.feb5cc11.so 73186-73230
//my_stock/app/KeKePay/lib/arm64/libDXRisk-v6.1.7.2r-oppo.27dbf905.so 73231-73273
//my_stock/app/KeKePay/lib/arm64/libDXRiskComm-v6.1.7.2r-oppo.27dbf905.so 73274-73443
//my_stock/app/KeKePay/lib/arm64/libmmkv.so 73444-73515
//my_stock/app/KeKePay/lib/arm64/libnesdk.so 73516-73767
//my_stock/app/KeKePay/lib/arm64/libwb_tables_459410001354613984_1.so 73768-73821
//my_stock/app/KeKePay/lib/arm64/libwbkit-seckit3.so 73822-73837
//my_stock/app/KeKePay/oat/arm64/KeKePay.vdex 73838-73892
//my_stock/app/LocationProxy/LocationProxy.apk 73893-74963
//my_stock/app/LocationProxy/oat/arm64/LocationProxy.vdex 74965-74981
//my_stock/app/Music/Music.apk 74982-82759
//my_stock/app/Music/oat/arm64/Music.vdex 82767-82867
//my_stock/app/NewSoundRecorder/NewSoundRecorder.apk 82868-85782
//my_stock/app/NewSoundRecorder/oat/arm64/NewSoundRecorder.vdex 85786-85825
//my_stock/app/OpenCapabilityService/OpenCapabilityService.apk 85826-87442
//my_stock/app/OpenCapabilityService/oat/arm64/OpenCapabilityService.vdex 87445-87470
//my_stock/app/OplusOperationManual/OplusOperationManual.apk 87471-89403
//my_stock/app/OplusOperationManual/oat/arm64/OplusOperationManual.vdex 89406-89426
//my_stock/app/OplusSecurityKeyboard/OplusSecurityKeyboard.apk 89427-89511
//my_stock/app/OppoCompass2/OppoCompass2.apk 89512-90885
//my_stock/app/OppoCompass2/oat/arm64/OppoCompass2.vdex 90888-90904
//my_stock/app/OppoWeather2/OppoWeather2.apk 90905-98457
//my_stock/app/OppoWeatherService/OppoWeatherService.apk 98464-99873
//my_stock/app/OppoWeatherService/oat/arm64/OppoWeatherService.vdex 99876-99894
//my_stock/app/RomUpdate/RomUpdate.apk 99895-100291
//my_stock/app/SceneMode/SceneMode.apk 100292-102448
//my_stock/app/SceneMode/oat/arm64/SceneMode.vdex 102451-102477
//my_stock/app/SecurePay/SecurePay.apk 102478-105823
//my_stock/app/SecurePay/oat/arm64/SecurePay.vdex 105827-105848
//my_stock/app/SmartEngine/SmartEngine.apk 105849-109282
//my_stock/app/SmartEngine/lib/arm64/libETC2Loader.so 109286
//my_stock/app/SmartEngine/oat/arm64/SmartEngine.vdex 109287-109322
//my_stock/app/SmartSideBar/SmartSideBar.apk 109323-112668
//my_stock/app/SmartSideBar/oat/arm64/SmartSideBar.vdex 112673-112728
//my_stock/app/VariUIEngine/VariUIEngine.apk 112729-114402
//my_stock/app/VariUIEngine/lib/arm64/libVFX.so 114405-114953
//my_stock/app/VariUIEngine/lib/arm64/libffavc.so 114954-115097
//my_stock/app/VariUIEngine/lib/arm64/libglide-webp.so 115098-115148
//my_stock/app/VariUIEngine/lib/arm64/libhandpaintedeffects.so 115149-115203
//my_stock/app/VariUIEngine/lib/arm64/libliquidfun.so 115204-115250
//my_stock/app/VariUIEngine/lib/arm64/libliquidfun_jni.so 115251-115285
//my_stock/app/VariUIEngine/lib/arm64/liboplus_gifdecoder.so 115286-115315
//my_stock/app/VariUIEngine/lib/arm64/liboplusos_lunar.so 115316-115318
//my_stock/app/VariUIEngine/lib/arm64/libpag.so 115319-115698
//my_stock/app/VariUIEngine/oat/arm64/VariUIEngine.vdex 115699-115723
//my_stock/app/WellbeingAssistant/WellbeingAssistant.apk 115724-117263
//my_stock/app/WellbeingAssistant/oat/arm64/WellbeingAssistant.vdex 117266-117285
//my_stock/app/realmeMovieShot/oat/arm64/realmeMovieShot.vdex 117286-117306
//my_stock/app/realmeMovieShot/realmeMovieShot.apk 117307-118659
//my_stock/del-app/BackupAndRestore/BackupAndRestore.apk 118662-124471
//my_stock/del-app/OppoNote2/OppoNote2.apk 124478-131446
//my_stock/etc/NOTICE.xml.gz 131453-131465
//my_stock/etc/Operator_Ringback_Tone_List.xml 131466
//my_stock/etc/extension/com.oplus.app-features.xml 131467
//my_stock/etc/extension/config_clear_settings_provider_key_settings_app.xml 131468
//my_stock/etc/extension/config_clear_settings_provider_key_third_app.xml 131469
//my_stock/etc/extension/regulatory_info_config.xml 131470
//my_stock/etc/extension/sys_osense_appmng_decisionmaker_config.xml 131471
//my_stock/etc/extension/sys_osense_memory_decisionmaker_config.xml 131472
//my_stock/etc/permissions/default_grant_permissions_list.xml 131473
//my_stock/etc/permissions/privapp-permissions-oplus.xml 131474
//my_stock/etc/settings/regulatory_image_brazil_anatel_rmx3081.png 131475-131489
//my_stock/etc/settings/regulatory_image_brazil_anatel_rmx3191.png 131490-131497
//my_stock/etc/settings/regulatory_image_brazil_anatel_rmx3363.png 131498-131512
//my_stock/etc/startup/sys_custom_startup_v3_config_list.xml 131513-131518
//my_stock/etc/sys_startup_manager_config_exp.xml 131519
//my_stock/media/theme/allApps.xml 131521-131524
//my_stock/media/theme/uxicons/xhdpi/com.airbnb.android/art_off.png 131526-131528
//my_stock/media/theme/uxicons/xhdpi/com.airbnb.android/mat.png 131530-131532
//my_stock/media/theme/uxicons/xhdpi/com.airbnb.android/recfg.png 131533-131534
//my_stock/media/theme/uxicons/xhdpi/com.android.contacts/dialer_recbg.png 131539
//my_stock/media/theme/uxicons/xhdpi/com.android.contacts/dialer_recfg.png 131541
//my_stock/media/theme/uxicons/xhdpi/com.android.contacts/recbg.png 131543-131545
//my_stock/media/theme/uxicons/xhdpi/com.android.contacts/recfg.png 131547
//my_stock/media/theme/uxicons/xhdpi/com.android.email/recbg.png 131549-131551
//my_stock/media/theme/uxicons/xhdpi/com.android.email/recfg.png 131553-131555
//my_stock/media/theme/uxicons/xhdpi/com.android.fmradio/recbg.png 131557
//my_stock/media/theme/uxicons/xhdpi/com.android.mms/recbg.png 131561
//my_stock/media/theme/uxicons/xhdpi/com.android.mms/recfg.png 131562
//my_stock/media/theme/uxicons/xhdpi/com.android.settings/recbg.png 131566-131568
//my_stock/media/theme/uxicons/xhdpi/com.android.settings/recfg.png 131569-131571
//my_stock/media/theme/uxicons/xhdpi/com.android.stk/recbg.png 131573
//my_stock/media/theme/uxicons/xhdpi/com.android.stk/recfg.png 131575
//my_stock/media/theme/uxicons/xhdpi/com.caf.fmradio/recbg.png 131577
//my_stock/media/theme/uxicons/xhdpi/com.coloros.alarmclock/recbg.png 131581-131582
//my_stock/media/theme/uxicons/xhdpi/com.coloros.aruler/recbg.png 131585-131588
//my_stock/media/theme/uxicons/xhdpi/com.coloros.backuprestore/recbg.png 131591
//my_stock/media/theme/uxicons/xhdpi/com.coloros.backuprestore/recfg.png 131592-131593
//my_stock/media/theme/uxicons/xhdpi/com.coloros.bbs/recbg.png 131596
//my_stock/media/theme/uxicons/xhdpi/com.coloros.calculator/recbg.png 131599
//my_stock/media/theme/uxicons/xhdpi/com.coloros.calculator/recfg.png 131600-131601
//my_stock/media/theme/uxicons/xhdpi/com.coloros.calendar/recbg.png 131604
//my_stock/media/theme/uxicons/xhdpi/com.coloros.calendar/recfg.png 131605
//my_stock/media/theme/uxicons/xhdpi/com.coloros.compass2/recbg.png 131608-131609
//my_stock/media/theme/uxicons/xhdpi/com.coloros.compass2/recfg.png 131610
//my_stock/media/theme/uxicons/xhdpi/com.coloros.filemanager/recbg.png 131615-131617
//my_stock/media/theme/uxicons/xhdpi/com.coloros.filemanager/recfg.png 131618-131619
//my_stock/media/theme/uxicons/xhdpi/com.coloros.findmyphone/mat.png 131621
//my_stock/media/theme/uxicons/xhdpi/com.coloros.findmyphone/recbg.png 131623-131624
//my_stock/media/theme/uxicons/xhdpi/com.coloros.findmyphone/recfg.png 131625-131626
//my_stock/media/theme/uxicons/xhdpi/com.coloros.findphone.client2/mat.png 131627
//my_stock/media/theme/uxicons/xhdpi/com.coloros.findphone.client2/recbg.png 131630-131631
//my_stock/media/theme/uxicons/xhdpi/com.coloros.findphone.client2/recfg.png 131632-131633
//my_stock/media/theme/uxicons/xhdpi/com.coloros.gallery3d/recbg.png 131635-131636
//my_stock/media/theme/uxicons/xhdpi/com.coloros.gallery3d/recfg.png 131638
//my_stock/media/theme/uxicons/xhdpi/com.coloros.gamespaceui/recbg.png 131639
//my_stock/media/theme/uxicons/xhdpi/com.coloros.gamespaceui/recfg.png 131640-131641
//my_stock/media/theme/uxicons/xhdpi/com.coloros.onekeylockscreen/recbg.png 131647
//my_stock/media/theme/uxicons/xhdpi/com.coloros.onekeylockscreen/recfg.png 131649
//my_stock/media/theme/uxicons/xhdpi/com.coloros.phonemanager/mat.png 131652
//my_stock/media/theme/uxicons/xhdpi/com.coloros.phonemanager/peb.png 131655-131656
//my_stock/media/theme/uxicons/xhdpi/com.coloros.phonemanager/recbg.png 131657-131658
//my_stock/media/theme/uxicons/xhdpi/com.coloros.phonemanager/recfg.png 131659-131660
//my_stock/media/theme/uxicons/xhdpi/com.coloros.shortcuts/mat.png 131662-131663
//my_stock/media/theme/uxicons/xhdpi/com.coloros.shortcuts/peb.png 131666-131667
//my_stock/media/theme/uxicons/xhdpi/com.coloros.shortcuts/recbg.png 131668
//my_stock/media/theme/uxicons/xhdpi/com.coloros.shortcuts/recfg.png 131669-131670
//my_stock/media/theme/uxicons/xhdpi/com.coloros.soundrecorder/recbg.png 131672
//my_stock/media/theme/uxicons/xhdpi/com.coloros.video/mat.png 131674-131676
//my_stock/media/theme/uxicons/xhdpi/com.coloros.video/recbg.png 131679-131681
//my_stock/media/theme/uxicons/xhdpi/com.coloros.video/recfg.png 131682-131685
//my_stock/media/theme/uxicons/xhdpi/com.coloros.weather2/recbg.png 131687-131688
//my_stock/media/theme/uxicons/xhdpi/com.coloros.weather2/recfg.png 131689-131690
//my_stock/media/theme/uxicons/xhdpi/com.ebay.mobile/art_off.png 131691-131692
//my_stock/media/theme/uxicons/xhdpi/com.ebay.mobile/mat.png 131694-131695
//my_stock/media/theme/uxicons/xhdpi/com.ebay.mobile/recfg.png 131696
//my_stock/media/theme/uxicons/xhdpi/com.facebook.katana/art_off.png 131698
//my_stock/media/theme/uxicons/xhdpi/com.finshell.wallet/recbg.png 131702
//my_stock/media/theme/uxicons/xhdpi/com.finshell.wallet/recfg.png 131703
//my_stock/media/theme/uxicons/xhdpi/com.heytap.browser/mat.png 131707
//my_stock/media/theme/uxicons/xhdpi/com.heytap.browser/peb.png 131709
//my_stock/media/theme/uxicons/xhdpi/com.heytap.browser/recbg.png 131710
//my_stock/media/theme/uxicons/xhdpi/com.heytap.browser/recfg.png 131712-131713
//my_stock/media/theme/uxicons/xhdpi/com.heytap.cloud/recbg.png 131715
//my_stock/media/theme/uxicons/xhdpi/com.heytap.market/recbg.png 131718-131719
//my_stock/media/theme/uxicons/xhdpi/com.heytap.market/recfg.png 131720
//my_stock/media/theme/uxicons/xhdpi/com.heytap.music/recbg.png 131723-131725
//my_stock/media/theme/uxicons/xhdpi/com.heytap.music/recfg.png 131726
//my_stock/media/theme/uxicons/xhdpi/com.heytap.reader/recbg.png 131729-131732
//my_stock/media/theme/uxicons/xhdpi/com.heytap.reader/recfg.png 131733
//my_stock/media/theme/uxicons/xhdpi/com.heytap.smarthome/recfg.png 131736-131737
//my_stock/media/theme/uxicons/xhdpi/com.heytap.speechassist/mat.png 131738-131739
//my_stock/media/theme/uxicons/xhdpi/com.heytap.speechassist/peb.png 131741-131742
//my_stock/media/theme/uxicons/xhdpi/com.heytap.speechassist/recfg.png 131743-131744
//my_stock/media/theme/uxicons/xhdpi/com.heytap.themestore/recbg.png 131747-131749
//my_stock/media/theme/uxicons/xhdpi/com.heytap.themestore/recfg.png 131751
//my_stock/media/theme/uxicons/xhdpi/com.heytap.yoli/recbg.png 131755-131757
//my_stock/media/theme/uxicons/xhdpi/com.heytap.yoli/recfg.png 131758-131761
//my_stock/media/theme/uxicons/xhdpi/com.instagram.android/art_off.png 131762-131764
//my_stock/media/theme/uxicons/xhdpi/com.instagram.android/mat.png 131766
//my_stock/media/theme/uxicons/xhdpi/com.instagram.android/recbg.png 131767
//my_stock/media/theme/uxicons/xhdpi/com.microsoft.office.outlook/art_off.png 131768-131771
//my_stock/media/theme/uxicons/xhdpi/com.microsoft.office.outlook/mat.png 131772
//my_stock/media/theme/uxicons/xhdpi/com.microsoft.office.outlook/recfg.png 131774
//my_stock/media/theme/uxicons/xhdpi/com.nearme.gamecenter/recbg.png 131777
//my_stock/media/theme/uxicons/xhdpi/com.nearme.gamecenter/recfg.png 131778-131779
//my_stock/media/theme/uxicons/xhdpi/com.oneplus.brickmode/mat.png 131780-131782
//my_stock/media/theme/uxicons/xhdpi/com.oneplus.brickmode/peb.png 131785-131786
//my_stock/media/theme/uxicons/xhdpi/com.oneplus.brickmode/recbg.png 131787
//my_stock/media/theme/uxicons/xhdpi/com.oneplus.brickmode/recfg.png 131789
//my_stock/media/theme/uxicons/xhdpi/com.oplus.camera/recbg.png 131792-131793
//my_stock/media/theme/uxicons/xhdpi/com.oplus.camera/recfg.png 131794-131795
//my_stock/media/theme/uxicons/xhdpi/com.oplus.consumerIRApp/mat.png 131796
//my_stock/media/theme/uxicons/xhdpi/com.oplus.consumerIRApp/recbg.png 131800-131802
//my_stock/media/theme/uxicons/xhdpi/com.oplus.consumerIRApp/recfg.png 131803
//my_stock/media/theme/uxicons/xhdpi/com.oplus.logkit/recfg.png 131805
//my_stock/media/theme/uxicons/xhdpi/com.oplus.play/recbg.png 131809
//my_stock/media/theme/uxicons/xhdpi/com.oplus.play/recfg.png 131810
//my_stock/media/theme/uxicons/xhdpi/com.oplus.themestore/recbg.png 131813-131815
//my_stock/media/theme/uxicons/xhdpi/com.oplus.themestore/recfg.png 131817
//my_stock/media/theme/uxicons/xhdpi/com.oppo.camera/recbg.png 131821-131822
//my_stock/media/theme/uxicons/xhdpi/com.oppo.camera/recfg.png 131823-131824
//my_stock/media/theme/uxicons/xhdpi/com.paypal.android.p2pmobile/art_off.png 131827-131833
//my_stock/media/theme/uxicons/xhdpi/com.paypal.android.p2pmobile/mat.png 131834
//my_stock/media/theme/uxicons/xhdpi/com.paypal.android.p2pmobile/recbg.png 131836-131843
//my_stock/media/theme/uxicons/xhdpi/com.paypal.android.p2pmobile/recfg.png 131845
//my_stock/media/theme/uxicons/xhdpi/com.pinterest/art_off.png 131846
//my_stock/media/theme/uxicons/xhdpi/icons-meterial 131855-131857
//my_stock/media/theme/uxicons/xhdpi/icons-pebble 131858-131861
//my_stock/media/theme/uxicons/xhdpi/icons-rectangle 131862-131867
//my_stock/media/theme/uxicons/xhdpi/in.amazon.mShop.android.shopping/mat.png 131869
//my_stock/media/theme/uxicons/xhdpi/in.amazon.mShop.android.shopping/recbg.png 131871-131872
//my_stock/media/theme/uxicons/xxhdpi/com.airbnb.android/art_off.png 131874-131876
//my_stock/media/theme/uxicons/xxhdpi/com.airbnb.android/mat.png 131878-131880
//my_stock/media/theme/uxicons/xxhdpi/com.airbnb.android/recfg.png 131881-131882
//my_stock/media/theme/uxicons/xxhdpi/com.android.contacts/dialer_peb.png 131886
//my_stock/media/theme/uxicons/xxhdpi/com.android.contacts/dialer_recbg.png 131887-131890
//my_stock/media/theme/uxicons/xxhdpi/com.android.contacts/dialer_recfg.png 131891-131892
//my_stock/media/theme/uxicons/xxhdpi/com.android.contacts/recbg.png 131895-131902
//my_stock/media/theme/uxicons/xxhdpi/com.android.contacts/recfg.png 131903-131904
//my_stock/media/theme/uxicons/xxhdpi/com.android.email/recbg.png 131906-131913
//my_stock/media/theme/uxicons/xxhdpi/com.android.email/recfg.png 131915-131921
//my_stock/media/theme/uxicons/xxhdpi/com.android.fmradio/recbg.png 131925-131928
//my_stock/media/theme/uxicons/xxhdpi/com.android.fmradio/recfg.png 131929
//my_stock/media/theme/uxicons/xxhdpi/com.android.mms/recbg.png 131932-131933
//my_stock/media/theme/uxicons/xxhdpi/com.android.mms/recfg.png 131934-131936
//my_stock/media/theme/uxicons/xxhdpi/com.android.settings/recbg.png 131940-131946
//my_stock/media/theme/uxicons/xxhdpi/com.android.settings/recfg.png 131948-131952
//my_stock/media/theme/uxicons/xxhdpi/com.android.stk/recbg.png 131954-131957
//my_stock/media/theme/uxicons/xxhdpi/com.android.stk/recfg.png 131958-131959
//my_stock/media/theme/uxicons/xxhdpi/com.caf.fmradio/recbg.png 131962-131965
//my_stock/media/theme/uxicons/xxhdpi/com.caf.fmradio/recfg.png 131966
//my_stock/media/theme/uxicons/xxhdpi/com.coloros.alarmclock/recbg.png 131969-131972
//my_stock/media/theme/uxicons/xxhdpi/com.coloros.aruler/recbg.png 131977-131985
//my_stock/media/theme/uxicons/xxhdpi/com.coloros.aruler/recfg.png 131987
//my_stock/media/theme/uxicons/xxhdpi/com.coloros.backuprestore/recbg.png 131989-131990
//my_stock/media/theme/uxicons/xxhdpi/com.coloros.backuprestore/recfg.png 131991-131994
//my_stock/media/theme/uxicons/xxhdpi/com.coloros.bbs/peb.png 131997
//my_stock/media/theme/uxicons/xxhdpi/com.coloros.calculator/recbg.png 132001-132002
//my_stock/media/theme/uxicons/xxhdpi/com.coloros.calculator/recfg.png 132004-132007
//my_stock/media/theme/uxicons/xxhdpi/com.coloros.calendar/recbg.png 132011-132012
//my_stock/media/theme/uxicons/xxhdpi/com.coloros.compass2/mat.png 132014
//my_stock/media/theme/uxicons/xxhdpi/com.coloros.compass2/peb.png 132015
//my_stock/media/theme/uxicons/xxhdpi/com.coloros.compass2/recbg.png 132016-132019
//my_stock/media/theme/uxicons/xxhdpi/com.coloros.compass2/recfg.png 132021-132022
//my_stock/media/theme/uxicons/xxhdpi/com.coloros.filemanager/recbg.png 132028-132035
//my_stock/media/theme/uxicons/xxhdpi/com.coloros.filemanager/recfg.png 132036-132041
//my_stock/media/theme/uxicons/xxhdpi/com.coloros.findmyphone/mat.png 132042
//my_stock/media/theme/uxicons/xxhdpi/com.coloros.findmyphone/peb.png 132045
//my_stock/media/theme/uxicons/xxhdpi/com.coloros.findmyphone/recbg.png 132046
//my_stock/media/theme/uxicons/xxhdpi/com.coloros.findphone.client2/mat.png 132048
//my_stock/media/theme/uxicons/xxhdpi/com.coloros.findphone.client2/peb.png 132051
//my_stock/media/theme/uxicons/xxhdpi/com.coloros.findphone.client2/recbg.png 132052
//my_stock/media/theme/uxicons/xxhdpi/com.coloros.findphone.client2/recfg.png 132053
//my_stock/media/theme/uxicons/xxhdpi/com.coloros.gallery3d/peb.png 132056
//my_stock/media/theme/uxicons/xxhdpi/com.coloros.gallery3d/recbg.png 132057-132062
//my_stock/media/theme/uxicons/xxhdpi/com.coloros.gallery3d/recfg.png 132064-132065
//my_stock/media/theme/uxicons/xxhdpi/com.coloros.gamespaceui/recbg.png 132068-132069
//my_stock/media/theme/uxicons/xxhdpi/com.coloros.gamespaceui/recfg.png 132070-132073
//my_stock/media/theme/uxicons/xxhdpi/com.coloros.onekeylockscreen/peb.png 132077
//my_stock/media/theme/uxicons/xxhdpi/com.coloros.onekeylockscreen/recbg.png 132078-132081
//my_stock/media/theme/uxicons/xxhdpi/com.coloros.onekeylockscreen/recfg.png 132082-132084
//my_stock/media/theme/uxicons/xxhdpi/com.coloros.phonemanager/mat.png 132089-132090
//my_stock/media/theme/uxicons/xxhdpi/com.coloros.phonemanager/peb.png 132092-132094
//my_stock/media/theme/uxicons/xxhdpi/com.coloros.phonemanager/recbg.png 132095-132098
//my_stock/media/theme/uxicons/xxhdpi/com.coloros.phonemanager/recfg.png 132100-132103
//my_stock/media/theme/uxicons/xxhdpi/com.coloros.shortcuts/mat.png 132105-132108
//my_stock/media/theme/uxicons/xxhdpi/com.coloros.shortcuts/peb.png 132111-132113
//my_stock/media/theme/uxicons/xxhdpi/com.coloros.shortcuts/recbg.png 132114-132115
//my_stock/media/theme/uxicons/xxhdpi/com.coloros.shortcuts/recfg.png 132116-132118
//my_stock/media/theme/uxicons/xxhdpi/com.coloros.soundrecorder/peb.png 132120
//my_stock/media/theme/uxicons/xxhdpi/com.coloros.soundrecorder/recbg.png 132121-132122
//my_stock/media/theme/uxicons/xxhdpi/com.coloros.soundrecorder/recfg.png 132123
//my_stock/media/theme/uxicons/xxhdpi/com.coloros.video/mat.png 132124-132130
//my_stock/media/theme/uxicons/xxhdpi/com.coloros.video/peb.png 132132
//my_stock/media/theme/uxicons/xxhdpi/com.coloros.video/recbg.png 132133-132138
//my_stock/media/theme/uxicons/xxhdpi/com.coloros.video/recfg.png 132140-132147
//my_stock/media/theme/uxicons/xxhdpi/com.coloros.weather2/recbg.png 132150-132153
//my_stock/media/theme/uxicons/xxhdpi/com.coloros.weather2/recfg.png 132155-132157
//my_stock/media/theme/uxicons/xxhdpi/com.ebay.mobile/art_off.png 132159-132160
//my_stock/media/theme/uxicons/xxhdpi/com.ebay.mobile/mat.png 132162-132163
//my_stock/media/theme/uxicons/xxhdpi/com.ebay.mobile/recfg.png 132164
//my_stock/media/theme/uxicons/xxhdpi/com.facebook.katana/art_off.png 132166-132168
//my_stock/media/theme/uxicons/xxhdpi/com.facebook.katana/mat.png 132170
//my_stock/media/theme/uxicons/xxhdpi/com.facebook.katana/recbg.png 132171
//my_stock/media/theme/uxicons/xxhdpi/com.finshell.wallet/recbg.png 132174-132175
//my_stock/media/theme/uxicons/xxhdpi/com.finshell.wallet/recfg.png 132177-132179
//my_stock/media/theme/uxicons/xxhdpi/com.heytap.browser/mat.png 132183-132184
//my_stock/media/theme/uxicons/xxhdpi/com.heytap.browser/peb.png 132186
//my_stock/media/theme/uxicons/xxhdpi/com.heytap.browser/recbg.png 132188-132191
//my_stock/media/theme/uxicons/xxhdpi/com.heytap.browser/recfg.png 132192-132194
//my_stock/media/theme/uxicons/xxhdpi/com.heytap.cloud/recbg.png 132197-132199
//my_stock/media/theme/uxicons/xxhdpi/com.heytap.cloud/recfg.png 132200
//my_stock/media/theme/uxicons/xxhdpi/com.heytap.market/recbg.png 132203-132206
//my_stock/media/theme/uxicons/xxhdpi/com.heytap.market/recfg.png 132208-132209
//my_stock/media/theme/uxicons/xxhdpi/com.heytap.music/recbg.png 132212-132218
//my_stock/media/theme/uxicons/xxhdpi/com.heytap.music/recfg.png 132220
//my_stock/media/theme/uxicons/xxhdpi/com.heytap.reader/recbg.png 132223-132231
//my_stock/media/theme/uxicons/xxhdpi/com.heytap.reader/recfg.png 132233-132235
//my_stock/media/theme/uxicons/xxhdpi/com.heytap.smarthome/recfg.png 132239-132241
//my_stock/media/theme/uxicons/xxhdpi/com.heytap.speechassist/mat.png 132242-132245
//my_stock/media/theme/uxicons/xxhdpi/com.heytap.speechassist/peb.png 132247-132249
//my_stock/media/theme/uxicons/xxhdpi/com.heytap.speechassist/recfg.png 132251-132255
//my_stock/media/theme/uxicons/xxhdpi/com.heytap.themestore/mat.png 132257
//my_stock/media/theme/uxicons/xxhdpi/com.heytap.themestore/recbg.png 132258-132265
//my_stock/media/theme/uxicons/xxhdpi/com.heytap.themestore/recfg.png 132267-132269
//my_stock/media/theme/uxicons/xxhdpi/com.heytap.yoli/recbg.png 132272-132277
//my_stock/media/theme/uxicons/xxhdpi/com.heytap.yoli/recfg.png 132279-132286
//my_stock/media/theme/uxicons/xxhdpi/com.instagram.android/art_off.png 132287-132293
//my_stock/media/theme/uxicons/xxhdpi/com.instagram.android/mat.png 132294
//my_stock/media/theme/uxicons/xxhdpi/com.instagram.android/recbg.png 132296-132299
//my_stock/media/theme/uxicons/xxhdpi/com.microsoft.office.outlook/art_off.png 132302-132305
//my_stock/media/theme/uxicons/xxhdpi/com.microsoft.office.outlook/mat.png 132306
//my_stock/media/theme/uxicons/xxhdpi/com.microsoft.office.outlook/recfg.png 132308
//my_stock/media/theme/uxicons/xxhdpi/com.nearme.gamecenter/peb.png 132310
//my_stock/media/theme/uxicons/xxhdpi/com.nearme.gamecenter/recbg.png 132311-132312
//my_stock/media/theme/uxicons/xxhdpi/com.nearme.gamecenter/recfg.png 132313-132315
//my_stock/media/theme/uxicons/xxhdpi/com.oneplus.brickmode/mat.png 132316-132321
//my_stock/media/theme/uxicons/xxhdpi/com.oneplus.brickmode/monochrome.png 132323
//my_stock/media/theme/uxicons/xxhdpi/com.oneplus.brickmode/peb.png 132324-132326
//my_stock/media/theme/uxicons/xxhdpi/com.oneplus.brickmode/recbg.png 132328-132329
//my_stock/media/theme/uxicons/xxhdpi/com.oneplus.brickmode/recfg.png 132331-132333
//my_stock/media/theme/uxicons/xxhdpi/com.oplus.camera/recbg.png 132336-132339
//my_stock/media/theme/uxicons/xxhdpi/com.oplus.camera/recfg.png 132341-132344
//my_stock/media/theme/uxicons/xxhdpi/com.oplus.consumerIRApp/mat.png 132345-132347
//my_stock/media/theme/uxicons/xxhdpi/com.oplus.consumerIRApp/monochrome.png 132349
//my_stock/media/theme/uxicons/xxhdpi/com.oplus.consumerIRApp/peb.png 132350
//my_stock/media/theme/uxicons/xxhdpi/com.oplus.consumerIRApp/recbg.png 132351-132357
//my_stock/media/theme/uxicons/xxhdpi/com.oplus.consumerIRApp/recfg.png 132358-132360
//my_stock/media/theme/uxicons/xxhdpi/com.oplus.logkit/recfg.png 132361-132362
//my_stock/media/theme/uxicons/xxhdpi/com.oplus.play/peb.png 132365
//my_stock/media/theme/uxicons/xxhdpi/com.oplus.play/recbg.png 132366-132367
//my_stock/media/theme/uxicons/xxhdpi/com.oplus.play/recfg.png 132368-132370
//my_stock/media/theme/uxicons/xxhdpi/com.oplus.themestore/mat.png 132371
//my_stock/media/theme/uxicons/xxhdpi/com.oplus.themestore/recbg.png 132373-132380
//my_stock/media/theme/uxicons/xxhdpi/com.oplus.themestore/recfg.png 132382-132384
//my_stock/media/theme/uxicons/xxhdpi/com.oppo.camera/recbg.png 132387-132390
//my_stock/media/theme/uxicons/xxhdpi/com.oppo.camera/recfg.png 132392-132395
//my_stock/media/theme/uxicons/xxhdpi/com.oppo.community/peb.png 132397
//my_stock/media/theme/uxicons/xxhdpi/com.paypal.android.p2pmobile/art_off.png 132400-132406
//my_stock/media/theme/uxicons/xxhdpi/com.paypal.android.p2pmobile/mat.png 132407
//my_stock/media/theme/uxicons/xxhdpi/com.paypal.android.p2pmobile/recbg.png 132408-132415
//my_stock/media/theme/uxicons/xxhdpi/com.paypal.android.p2pmobile/recfg.png 132417
//my_stock/media/theme/uxicons/xxhdpi/com.pinterest/art_off.png 132418-132419
//my_stock/media/theme/uxicons/xxhdpi/com.pinterest/mat.png 132420
//my_stock/media/theme/uxicons/xxhdpi/com.realmecomm.app/peb.png 132423
//my_stock/media/theme/uxicons/xxhdpi/com.realmecomm.app/recfg.png 132424
//my_stock/media/theme/uxicons/xxhdpi/com.snapchat.android/mat.png 132425
//my_stock/media/theme/uxicons/xxhdpi/com.twitter.android/art_off.png 132428
//my_stock/media/theme/uxicons/xxhdpi/icons-meterial 132431-132433
//my_stock/media/theme/uxicons/xxhdpi/icons-pebble 132434-132437
//my_stock/media/theme/uxicons/xxhdpi/icons-rectangle 132438-132443
//my_stock/media/theme/uxicons/xxhdpi/in.amazon.mShop.android.shopping/mat.png 132444-132446
//my_stock/media/theme/uxicons/xxhdpi/in.amazon.mShop.android.shopping/recbg.png 132447-132450
//my_stock/media/theme/uxicons/xxxhdpi/com.airbnb.android/art_off.png 132453-132455
//my_stock/media/theme/uxicons/xxxhdpi/com.airbnb.android/mat.png 132457-132459
//my_stock/media/theme/uxicons/xxxhdpi/com.airbnb.android/recfg.png 132460-132461
//my_stock/media/theme/uxicons/xxxhdpi/com.android.bluetooth/share_blue.png 132463
//my_stock/media/theme/uxicons/xxxhdpi/com.android.contacts/dialer_mat.png 132464
//my_stock/media/theme/uxicons/xxxhdpi/com.android.contacts/dialer_peb.png 132465
//my_stock/media/theme/uxicons/xxxhdpi/com.android.contacts/dialer_recbg.png 132467-132473
//my_stock/media/theme/uxicons/xxxhdpi/com.android.contacts/dialer_recfg.png 132474-132476
//my_stock/media/theme/uxicons/xxxhdpi/com.android.contacts/peb.png 132478
//my_stock/media/theme/uxicons/xxxhdpi/com.android.contacts/recbg.png 132480-132492
//my_stock/media/theme/uxicons/xxxhdpi/com.android.contacts/recfg.png 132493-132495
//my_stock/media/theme/uxicons/xxxhdpi/com.android.email/peb.png 132498
//my_stock/media/theme/uxicons/xxxhdpi/com.android.email/recbg.png 132499-132513
//my_stock/media/theme/uxicons/xxxhdpi/com.android.email/recfg.png 132514-132526
//my_stock/media/theme/uxicons/xxxhdpi/com.android.fmradio/peb.png 132529
//my_stock/media/theme/uxicons/xxxhdpi/com.android.fmradio/recbg.png 132530-132536
//my_stock/media/theme/uxicons/xxxhdpi/com.android.fmradio/recfg.png 132538-132539
//my_stock/media/theme/uxicons/xxxhdpi/com.android.mms/peb.png 132541
//my_stock/media/theme/uxicons/xxxhdpi/com.android.mms/recbg.png 132543-132545
//my_stock/media/theme/uxicons/xxxhdpi/com.android.mms/recfg.png 132547-132551
//my_stock/media/theme/uxicons/xxxhdpi/com.android.settings/peb.png 132553
//my_stock/media/theme/uxicons/xxxhdpi/com.android.settings/recbg.png 132555-132567
//my_stock/media/theme/uxicons/xxxhdpi/com.android.settings/recfg.png 132568-132575
//my_stock/media/theme/uxicons/xxxhdpi/com.android.stk/peb.png 132577
//my_stock/media/theme/uxicons/xxxhdpi/com.android.stk/recbg.png 132578-132584
//my_stock/media/theme/uxicons/xxxhdpi/com.android.stk/recfg.png 132585-132587
//my_stock/media/theme/uxicons/xxxhdpi/com.caf.fmradio/peb.png 132591
//my_stock/media/theme/uxicons/xxxhdpi/com.caf.fmradio/recbg.png 132592-132598
//my_stock/media/theme/uxicons/xxxhdpi/com.caf.fmradio/recfg.png 132599-132600
//my_stock/media/theme/uxicons/xxxhdpi/com.coloros.alarmclock/peb.png 132603
//my_stock/media/theme/uxicons/xxxhdpi/com.coloros.alarmclock/recbg.png 132604-132611
//my_stock/media/theme/uxicons/xxxhdpi/com.coloros.aruler/peb.png 132615
//my_stock/media/theme/uxicons/xxxhdpi/com.coloros.aruler/recbg.png 132616-132632
//my_stock/media/theme/uxicons/xxxhdpi/com.coloros.aruler/recfg.png 132634
//my_stock/media/theme/uxicons/xxxhdpi/com.coloros.backuprestore/recbg.png 132638-132640
//my_stock/media/theme/uxicons/xxxhdpi/com.coloros.backuprestore/recfg.png 132642-132648
//my_stock/media/theme/uxicons/xxxhdpi/com.coloros.bbs/mat.png 132649
//my_stock/media/theme/uxicons/xxxhdpi/com.coloros.bbs/peb.png 132650
//my_stock/media/theme/uxicons/xxxhdpi/com.coloros.calculator/peb.png 132653
//my_stock/media/theme/uxicons/xxxhdpi/com.coloros.calculator/recbg.png 132654-132657
//my_stock/media/theme/uxicons/xxxhdpi/com.coloros.calculator/recfg.png 132659-132665
//my_stock/media/theme/uxicons/xxxhdpi/com.coloros.calendar/peb.png 132668
//my_stock/media/theme/uxicons/xxxhdpi/com.coloros.calendar/recbg.png 132669-132671
//my_stock/media/theme/uxicons/xxxhdpi/com.coloros.calendar/recfg.png 132673
//my_stock/media/theme/uxicons/xxxhdpi/com.coloros.compass2/mat.png 132674
//my_stock/media/theme/uxicons/xxxhdpi/com.coloros.compass2/peb.png 132676
//my_stock/media/theme/uxicons/xxxhdpi/com.coloros.compass2/recbg.png 132678-132685
//my_stock/media/theme/uxicons/xxxhdpi/com.coloros.compass2/recfg.png 132686-132688
//my_stock/media/theme/uxicons/xxxhdpi/com.coloros.encryptiont/peb.png 132691
//my_stock/media/theme/uxicons/xxxhdpi/com.coloros.familyguard/monochrome.png 132693
//my_stock/media/theme/uxicons/xxxhdpi/com.coloros.filemanager/peb.png 132694
//my_stock/media/theme/uxicons/xxxhdpi/com.coloros.filemanager/recbg.png 132695-132708
//my_stock/media/theme/uxicons/xxxhdpi/com.coloros.filemanager/recfg.png 132710-132719
//my_stock/media/theme/uxicons/xxxhdpi/com.coloros.findmyphone/mat.png 132721-132722
//my_stock/media/theme/uxicons/xxxhdpi/com.coloros.findmyphone/peb.png 132724
//my_stock/media/theme/uxicons/xxxhdpi/com.coloros.findmyphone/recfg.png 132726
//my_stock/media/theme/uxicons/xxxhdpi/com.coloros.findphone.client2/mat.png 132728-132729
//my_stock/media/theme/uxicons/xxxhdpi/com.coloros.findphone.client2/peb.png 132731
//my_stock/media/theme/uxicons/xxxhdpi/com.coloros.findphone.client2/recfg.png 132733
//my_stock/media/theme/uxicons/xxxhdpi/com.coloros.gallery3d/peb.png 132737
//my_stock/media/theme/uxicons/xxxhdpi/com.coloros.gallery3d/recbg.png 132738-132748
//my_stock/media/theme/uxicons/xxxhdpi/com.coloros.gallery3d/recfg.png 132749-132751
//my_stock/media/theme/uxicons/xxxhdpi/com.coloros.gamespaceui/peb.png 132754
//my_stock/media/theme/uxicons/xxxhdpi/com.coloros.gamespaceui/recbg.png 132755-132757
//my_stock/media/theme/uxicons/xxxhdpi/com.coloros.gamespaceui/recfg.png 132759-132764
//my_stock/media/theme/uxicons/xxxhdpi/com.coloros.note/peb.png 132768
//my_stock/media/theme/uxicons/xxxhdpi/com.coloros.onekeylockscreen/peb.png 132770
//my_stock/media/theme/uxicons/xxxhdpi/com.coloros.onekeylockscreen/recbg.png 132772-132778
//my_stock/media/theme/uxicons/xxxhdpi/com.coloros.onekeylockscreen/recfg.png 132779-132782
//my_stock/media/theme/uxicons/xxxhdpi/com.coloros.operationtips/peb.png 132785
//my_stock/media/theme/uxicons/xxxhdpi/com.coloros.phonemanager/mat.png 132787-132789
//my_stock/media/theme/uxicons/xxxhdpi/com.coloros.phonemanager/peb.png 132791-132794
//my_stock/media/theme/uxicons/xxxhdpi/com.coloros.phonemanager/recbg.png 132795-132802
//my_stock/media/theme/uxicons/xxxhdpi/com.coloros.phonemanager/recfg.png 132803-132809
//my_stock/media/theme/uxicons/xxxhdpi/com.coloros.shortcuts/mat.png 132810-132815
//my_stock/media/theme/uxicons/xxxhdpi/com.coloros.shortcuts/monochrome.png 132817
//my_stock/media/theme/uxicons/xxxhdpi/com.coloros.shortcuts/peb.png 132818-132820
//my_stock/media/theme/uxicons/xxxhdpi/com.coloros.shortcuts/recbg.png 132822-132823
//my_stock/media/theme/uxicons/xxxhdpi/com.coloros.shortcuts/recfg.png 132825-132829
//my_stock/media/theme/uxicons/xxxhdpi/com.coloros.soundrecorder/peb.png 132831
//my_stock/media/theme/uxicons/xxxhdpi/com.coloros.soundrecorder/recbg.png 132833-132835
//my_stock/media/theme/uxicons/xxxhdpi/com.coloros.soundrecorder/recfg.png 132837
//my_stock/media/theme/uxicons/xxxhdpi/com.coloros.video/mat.png 132839-132849
//my_stock/media/theme/uxicons/xxxhdpi/com.coloros.video/peb.png 132851
//my_stock/media/theme/uxicons/xxxhdpi/com.coloros.video/recbg.png 132852-132862
//my_stock/media/theme/uxicons/xxxhdpi/com.coloros.video/recfg.png 132864-132877
//my_stock/media/theme/uxicons/xxxhdpi/com.coloros.weather2/peb.png 132880
//my_stock/media/theme/uxicons/xxxhdpi/com.coloros.weather2/recbg.png 132882-132889
//my_stock/media/theme/uxicons/xxxhdpi/com.coloros.weather2/recfg.png 132890-132894
//my_stock/media/theme/uxicons/xxxhdpi/com.ebay.mobile/art_off.png 132896-132897
//my_stock/media/theme/uxicons/xxxhdpi/com.ebay.mobile/mat.png 132899-132900
//my_stock/media/theme/uxicons/xxxhdpi/com.ebay.mobile/recfg.png 132901
//my_stock/media/theme/uxicons/xxxhdpi/com.facebook.katana/art_off.png 132903-132910
//my_stock/media/theme/uxicons/xxxhdpi/com.facebook.katana/mat.png 132911
//my_stock/media/theme/uxicons/xxxhdpi/com.facebook.katana/recbg.png 132913-132914
//my_stock/media/theme/uxicons/xxxhdpi/com.finshell.wallet/peb.png 132916
//my_stock/media/theme/uxicons/xxxhdpi/com.finshell.wallet/recbg.png 132917-132920
//my_stock/media/theme/uxicons/xxxhdpi/com.finshell.wallet/recfg.png 132921-132925
//my_stock/media/theme/uxicons/xxxhdpi/com.heytap.book/peb.png 132929
//my_stock/media/theme/uxicons/xxxhdpi/com.heytap.browser/mat.png 132930-132932
//my_stock/media/theme/uxicons/xxxhdpi/com.heytap.browser/peb.png 132934-132935
//my_stock/media/theme/uxicons/xxxhdpi/com.heytap.browser/recbg.png 132937-132943
//my_stock/media/theme/uxicons/xxxhdpi/com.heytap.browser/recfg.png 132944-132948
//my_stock/media/theme/uxicons/xxxhdpi/com.heytap.cloud/recbg.png 132952-132956
//my_stock/media/theme/uxicons/xxxhdpi/com.heytap.cloud/recfg.png 132958-132959
//my_stock/media/theme/uxicons/xxxhdpi/com.heytap.market/peb.png 132961
//my_stock/media/theme/uxicons/xxxhdpi/com.heytap.market/recbg.png 132962-132968
//my_stock/media/theme/uxicons/xxxhdpi/com.heytap.market/recfg.png 132970-132973
//my_stock/media/theme/uxicons/xxxhdpi/com.heytap.music/mat.png 132974
//my_stock/media/theme/uxicons/xxxhdpi/com.heytap.music/peb.png 132975
//my_stock/media/theme/uxicons/xxxhdpi/com.heytap.music/recbg.png 132976-132988
//my_stock/media/theme/uxicons/xxxhdpi/com.heytap.music/recfg.png 132989-132990
//my_stock/media/theme/uxicons/xxxhdpi/com.heytap.reader/peb.png 132993
//my_stock/media/theme/uxicons/xxxhdpi/com.heytap.reader/recbg.png 132994-133010
//my_stock/media/theme/uxicons/xxxhdpi/com.heytap.reader/recfg.png 133012-133016
//my_stock/media/theme/uxicons/xxxhdpi/com.heytap.smarthome/peb.png 133018
//my_stock/media/theme/uxicons/xxxhdpi/com.heytap.smarthome/recfg.png 133019-133023
//my_stock/media/theme/uxicons/xxxhdpi/com.heytap.speechassist/mat.png 133024-133027
//my_stock/media/theme/uxicons/xxxhdpi/com.heytap.speechassist/peb.png 133030-133032
//my_stock/media/theme/uxicons/xxxhdpi/com.heytap.speechassist/recfg.png 133033-133038
//my_stock/media/theme/uxicons/xxxhdpi/com.heytap.themestore/mat.png 133040
//my_stock/media/theme/uxicons/xxxhdpi/com.heytap.themestore/recbg.png 133043-133056
//my_stock/media/theme/uxicons/xxxhdpi/com.heytap.themestore/recfg.png 133058-133061
//my_stock/media/theme/uxicons/xxxhdpi/com.heytap.yoli/recbg.png 133066-133076
//my_stock/media/theme/uxicons/xxxhdpi/com.heytap.yoli/recfg.png 133078-133091
//my_stock/media/theme/uxicons/xxxhdpi/com.instagram.android/art_off.png 133092-133102
//my_stock/media/theme/uxicons/xxxhdpi/com.instagram.android/mat.png 133104-133105
//my_stock/media/theme/uxicons/xxxhdpi/com.instagram.android/recbg.png 133106-133113
//my_stock/media/theme/uxicons/xxxhdpi/com.microsoft.office.outlook/art_off.png 133116-133119
//my_stock/media/theme/uxicons/xxxhdpi/com.microsoft.office.outlook/mat.png 133120
//my_stock/media/theme/uxicons/xxxhdpi/com.microsoft.office.outlook/recfg.png 133122
//my_stock/media/theme/uxicons/xxxhdpi/com.nearme.gamecenter/mat.png 133123
//my_stock/media/theme/uxicons/xxxhdpi/com.nearme.gamecenter/peb.png 133124
//my_stock/media/theme/uxicons/xxxhdpi/com.nearme.gamecenter/recbg.png 133126-133128
//my_stock/media/theme/uxicons/xxxhdpi/com.nearme.gamecenter/recfg.png 133130-133134
//my_stock/media/theme/uxicons/xxxhdpi/com.oneplus.brickmode/mat.png 133135-133144
//my_stock/media/theme/uxicons/xxxhdpi/com.oneplus.brickmode/monochrome.png 133145
//my_stock/media/theme/uxicons/xxxhdpi/com.oneplus.brickmode/peb.png 133147-133150
//my_stock/media/theme/uxicons/xxxhdpi/com.oneplus.brickmode/recbg.png 133151-133153
//my_stock/media/theme/uxicons/xxxhdpi/com.oneplus.brickmode/recfg.png 133155-133158
//my_stock/media/theme/uxicons/xxxhdpi/com.oplus.camera/mat.png 133160
//my_stock/media/theme/uxicons/xxxhdpi/com.oplus.camera/peb.png 133162
//my_stock/media/theme/uxicons/xxxhdpi/com.oplus.camera/recbg.png 133163-133170
//my_stock/media/theme/uxicons/xxxhdpi/com.oplus.camera/recfg.png 133172-133177
//my_stock/media/theme/uxicons/xxxhdpi/com.oplus.consumerIRApp/mat.png 133178-133183
//my_stock/media/theme/uxicons/xxxhdpi/com.oplus.consumerIRApp/monochrome.png 133184
//my_stock/media/theme/uxicons/xxxhdpi/com.oplus.consumerIRApp/peb.png 133186
//my_stock/media/theme/uxicons/xxxhdpi/com.oplus.consumerIRApp/recbg.png 133188-133199
//my_stock/media/theme/uxicons/xxxhdpi/com.oplus.consumerIRApp/recfg.png 133200-133204
//my_stock/media/theme/uxicons/xxxhdpi/com.oplus.logkit/recfg.png 133207-133209
//my_stock/media/theme/uxicons/xxxhdpi/com.oplus.play/mat.png 133211
//my_stock/media/theme/uxicons/xxxhdpi/com.oplus.play/peb.png 133212
//my_stock/media/theme/uxicons/xxxhdpi/com.oplus.play/recbg.png 133214-133216
//my_stock/media/theme/uxicons/xxxhdpi/com.oplus.play/recfg.png 133218-133222
//my_stock/media/theme/uxicons/xxxhdpi/com.oplus.themestore/mat.png 133223-133228
//my_stock/media/theme/uxicons/xxxhdpi/com.oplus.themestore/recbg.png 133231-133244
//my_stock/media/theme/uxicons/xxxhdpi/com.oplus.themestore/recfg.png 133246-133249
//my_stock/media/theme/uxicons/xxxhdpi/com.oppo.camera/mat.png 133251
//my_stock/media/theme/uxicons/xxxhdpi/com.oppo.camera/peb.png 133252
//my_stock/media/theme/uxicons/xxxhdpi/com.oppo.camera/recbg.png 133253-133260
//my_stock/media/theme/uxicons/xxxhdpi/com.oppo.camera/recfg.png 133262-133267
//my_stock/media/theme/uxicons/xxxhdpi/com.oppo.community/peb.png 133270
//my_stock/media/theme/uxicons/xxxhdpi/com.paypal.android.p2pmobile/art_off.png 133273-133279
//my_stock/media/theme/uxicons/xxxhdpi/com.paypal.android.p2pmobile/mat.png 133280
//my_stock/media/theme/uxicons/xxxhdpi/com.paypal.android.p2pmobile/recbg.png 133281-133288
//my_stock/media/theme/uxicons/xxxhdpi/com.paypal.android.p2pmobile/recfg.png 133290
//my_stock/media/theme/uxicons/xxxhdpi/com.pinterest/art_off.png 133291-133293
//my_stock/media/theme/uxicons/xxxhdpi/com.pinterest/mat.png 133294
//my_stock/media/theme/uxicons/xxxhdpi/com.realmecomm.app/mat.png 133297
//my_stock/media/theme/uxicons/xxxhdpi/com.realmecomm.app/peb.png 133298
//my_stock/media/theme/uxicons/xxxhdpi/com.realmecomm.app/recfg.png 133300
//my_stock/media/theme/uxicons/xxxhdpi/com.snapchat.android/mat.png 133301
//my_stock/media/theme/uxicons/xxxhdpi/com.twitter.android/art_off.png 133305
//my_stock/media/theme/uxicons/xxxhdpi/icons-meterial 133310-133312
//my_stock/media/theme/uxicons/xxxhdpi/icons-pebble 133313-133316
//my_stock/media/theme/uxicons/xxxhdpi/icons-rectangle 133317-133322
//my_stock/media/theme/uxicons/xxxhdpi/in.amazon.mShop.android.shopping/mat.png 133323-133327
//my_stock/media/theme/uxicons/xxxhdpi/in.amazon.mShop.android.shopping/recbg.png 133328-133334
//my_stock/priv-app/AccessoryFramework/AccessoryFramework.apk 133336-136692
//my_stock/priv-app/AccessoryFramework/oat/arm64/AccessoryFramework.vdex 136696-136735
//my_stock/priv-app/ColorfulEngine/ColorfulEngine.apk 136736-140355
//my_stock/priv-app/ColorfulEngine/oat/arm/ColorfulEngine.vdex 140359-140391
//my_stock/priv-app/ColorfulEngine/oat/arm64/ColorfulEngine.vdex 140392-140424
//my_stock/priv-app/Cota/Cota.apk 140425-142052
//my_stock/priv-app/Cota/oat/arm64/Cota.vdex 142055-142076
//my_stock/priv-app/DCS/DCS.apk 142077-145876
//my_stock/priv-app/DCS/oat/arm64/DCS.vdex 145880-145913
//my_stock/priv-app/DeviceIntegrationService/DeviceIntegrationService.apk 145914-146334
//my_stock/priv-app/DeviceIntegrationService/oat/arm64/DeviceIntegrationService.vdex 146335-146340
//my_stock/priv-app/Games/Games.apk 146341-161010
//my_stock/priv-app/Games/oat/arm64/Games.vdex 161024-161200
//my_stock/priv-app/HeyCast/HeyCast.apk 161201-162997
//my_stock/priv-app/HeyCast/oat/arm64/HeyCast.vdex 163000-163021
//my_stock/priv-app/HeySynergy/HeySynergy.apk 163022-163518
//my_stock/priv-app/HeySynergy/oat/arm64/HeySynergy.vdex 163519-163528
//my_stock/priv-app/KeKeUserCenter/KeKeUserCenter.apk 163529-163606
//my_stock/priv-app/KeKeUserCenter/oat/arm64/KeKeUserCenter.vdex 163607-163608
//my_stock/priv-app/KeKeUserCenterAccount/KeKeUserCenterAccount.apk 163609-177274
//my_stock/priv-app/KeKeUserCenterAccount/oat/arm64/KeKeUserCenterAccount.vdex 177287-177408
//my_stock/priv-app/LinktoWindows/LinktoWindows.apk 177409-189645
//my_stock/priv-app/LinktoWindows/oat/arm64/LinktoWindows.vdex 189657-189818
//my_stock/priv-app/LockAssistant/LockAssistant.apk 189819-191900
//my_stock/priv-app/LockAssistant/oat/arm64/LockAssistant.vdex 191903-191945
//my_stock/priv-app/MDSService/MDSService.apk 191946-192944
//my_stock/priv-app/MDSService/oat/arm64/MDSService.vdex 192946-192959
//my_stock/priv-app/ONet/ONet.apk 192960-193971
//my_stock/priv-app/ONet/oat/arm64/ONet.vdex 193973-193987
//my_stock/priv-app/OPSynergy/OPSynergy.apk 193988-202207
//my_stock/priv-app/OPSynergy/oat/arm64/OPSynergy.vdex 202214-202250
//my_stock/priv-app/Omacp/Omacp.apk 202251-203309
//my_stock/priv-app/Omacp/oat/arm64/Omacp.vdex 203310-203323
//my_stock/priv-app/OplusBootReg/OplusBootReg.apk 203324-209014
//my_stock/priv-app/OplusScreenRecorder/OplusScreenRecorder.apk 209021-211108
//my_stock/priv-app/OplusScreenRecorder/oat/arm64/OplusScreenRecorder.vdex 211111-211137
//my_stock/priv-app/OppoGallery2/OppoGallery2.apk 211138-260132
//my_stock/priv-app/OppoGallery2/oat/arm64/OppoGallery2.vdex 260170-260353
//my_stock/priv-app/PhoneManager/PhoneManager.apk 260354-274277
//my_stock/priv-app/PhoneManager/lib/arm64/libEncryptorP.so 274289-274300
//my_stock/priv-app/PhoneManager/lib/arm64/libads-c.so 274301-274302
//my_stock/priv-app/PhoneManager/lib/arm64/libaecore.so 274303-274337
//my_stock/priv-app/PhoneManager/lib/arm64/libaedroid.so 274338-274361
//my_stock/priv-app/PhoneManager/lib/arm64/libaehelp.so 274362-274395
//my_stock/priv-app/PhoneManager/lib/arm64/libaemobile.so 274396-274443
//my_stock/priv-app/PhoneManager/lib/arm64/libaepack.so 274444-274475
//my_stock/priv-app/PhoneManager/lib/arm64/libaescn.so 274476-274492
//my_stock/priv-app/PhoneManager/lib/arm64/libaevdf.so 274493-274504
//my_stock/priv-app/PhoneManager/lib/arm64/libaiunit_sdk_core.so 274505-274506
//my_stock/priv-app/PhoneManager/lib/arm64/libantivirus.so 274507-274522
//my_stock/priv-app/PhoneManager/lib/arm64/libapminsighta.so 274523-274538
//my_stock/priv-app/PhoneManager/lib/arm64/libapminsightb.so 274539-274557
//my_stock/priv-app/PhoneManager/lib/arm64/libapplovin-native-crash-reporter.so 274558-274650
//my_stock/priv-app/PhoneManager/lib/arm64/libbuffer_pg.so 274651-274652
//my_stock/priv-app/PhoneManager/lib/arm64/libcrypto.so 274653-274677
//my_stock/priv-app/PhoneManager/lib/arm64/libfile_lock_pg.so 274678
//my_stock/priv-app/PhoneManager/lib/arm64/libmavapi.so 274679-274702
//my_stock/priv-app/PhoneManager/lib/arm64/libmaven.so 274703-274704
//my_stock/priv-app/PhoneManager/lib/arm64/libnms.so 274705-274742
//my_stock/priv-app/PhoneManager/lib/arm64/libopluslog.so 274743-274751
//my_stock/priv-app/PhoneManager/lib/arm64/libtobEmbedPagEncrypt.so 274752-274753
//my_stock/priv-app/SOSHelper/SOSHelper.apk 274754-276645
//my_stock/priv-app/SOSHelper/oat/arm64/SOSHelper.vdex 276648-276674
//my_stock/priv-app/Screenshot/Screenshot.apk 276675-280960
//my_stock/priv-app/Screenshot/oat/arm64/Screenshot.vdex 280965-281006
//my_stock/priv-app/Shelper/Shelper.apk 281007-283531
//my_stock/priv-app/Shelper/oat/arm/Shelper.vdex 283535-283561
//my_stock/priv-app/Shelper/oat/arm64/Shelper.vdex 283562-283588
//my_stock/priv-app/VideoGallery/VideoGallery.apk 283589-290587
//my_stock/priv-app/Wallpapers/Wallpapers.apk 290594-298109
//my_stock/priv-app/Wallpapers/oat/arm64/Wallpapers.vdex 298115-298151
