//my_stock/apkcerts.txt 1
//my_stock/app/Aod/Aod.apk 2-11867
//my_stock/app/Aod/lib/arm64/libVFX.so 11875-12423
//my_stock/app/Aod/lib/arm64/libhandpaintedeffects.so 12424-12478
//my_stock/app/Aod/lib/arm64/liboplus_gifdecoder.so 12479-12508
//my_stock/app/Aod/lib/arm64/liboplus_image_process.so 12509-12510
//my_stock/app/Aod/lib/arm64/liboplusos_lunar.so 12511-12513
//my_stock/app/Aod/oat/arm64/Aod.vdex 12514-12537
//my_stock/app/COSA/COSA.apk 12538-18617
//my_stock/app/COSA/oat/arm64/COSA.vdex 18623-18642
//my_stock/app/Calculator2/Calculator2.apk 18643-20248
//my_stock/app/Calculator2/oat/arm64/Calculator2.vdex 20251-20271
//my_stock/app/ChildrenSpace/ChildrenSpace.apk 20272-26842
//my_stock/app/ChildrenSpace/oat/arm64/ChildrenSpace.vdex 26848-26873
//my_stock/app/Clock/Clock.apk 26874-30808
//my_stock/app/Clock/oat/arm64/Clock.vdex 30813-30857
//my_stock/app/CommercialMidGround/CommercialMidGround.apk 30858-31449
//my_stock/app/CommercialMidGround/oat/arm64/CommercialMidGround.vdex 31450-31459
//my_stock/app/FileEncryption/FileEncryption.apk 31460-32869
//my_stock/app/FileEncryption/oat/arm64/FileEncryption.vdex 32872-32890
//my_stock/app/FileManager/FileManager.apk 32891-38914
//my_stock/app/FloatAssistant/FloatAssistant.apk 38920-44054
//my_stock/app/FloatAssistant/oat/arm64/FloatAssistant.vdex 44060-44084
//my_stock/app/HealthCheck/HealthCheck.apk 44085-45663
//my_stock/app/HealthCheck/oat/arm64/HealthCheck.vdex 45666-45684
//my_stock/app/Karaoke/Karaoke.apk 45685-47311
//my_stock/app/Karaoke/oat/arm64/Karaoke.vdex 47314-47338
//my_stock/app/KeKePay/KeKePay.apk 47339-50780
//my_stock/app/KeKePay/lib/arm64/libdns_server_rk.so 50784-50857
//my_stock/app/KeKePay/lib/arm64/libmmkv.so 50858-50929
//my_stock/app/KeKePay/oat/arm/KeKePay.vdex 50930-50976
//my_stock/app/KeKePay/oat/arm64/KeKePay.vdex 50977-51023
//my_stock/app/LocationProxy/LocationProxy.apk 51024-51851
//my_stock/app/LocationProxy/oat/arm64/LocationProxy.vdex 51852-51863
//my_stock/app/Music/Music.apk 51864-56583
//my_stock/app/Music/oat/arm/Music.vdex 56588-56644
//my_stock/app/Music/oat/arm64/Music.vdex 56645-56701
//my_stock/app/NewSoundRecorder/NewSoundRecorder.apk 56702-60083
//my_stock/app/NewSoundRecorder/lib/arm64/libSlienceDetect.so 60087-60110
//my_stock/app/NewSoundRecorder/lib/arm64/libsilenceWrapper.so 60111-60115
//my_stock/app/NewSoundRecorder/oat/arm64/NewSoundRecorder.vdex 60116-60153
//my_stock/app/OpenCapabilityService/OpenCapabilityService.apk 60154-61920
//my_stock/app/OpenCapabilityService/oat/arm64/OpenCapabilityService.vdex 61923-61946
//my_stock/app/OplusOperationManual/OplusOperationManual.apk 61947-63879
//my_stock/app/OplusOperationManual/oat/arm64/OplusOperationManual.vdex 63882-63902
//my_stock/app/OppoCompass2/OppoCompass2.apk 63903-65245
//my_stock/app/OppoCompass2/oat/arm64/OppoCompass2.vdex 65248-65263
//my_stock/app/OppoWeather2/OppoWeather2.apk 65264-70515
//my_stock/app/OppoWeather2/oat/arm64/OppoWeather2.vdex 70520-70564
//my_stock/app/OppoWeatherService/OppoWeatherService.apk 70565-71909
//my_stock/app/OppoWeatherService/oat/arm64/OppoWeatherService.vdex 71912-71929
//my_stock/app/RomUpdate/RomUpdate.apk 71930-72280
//my_stock/app/SceneMode/SceneMode.apk 72281-77047
//my_stock/app/SceneMode/oat/arm64/SceneMode.vdex 77051-77075
//my_stock/app/SecurePay/SecurePay.apk 77076-80197
//my_stock/app/SecurePay/oat/arm64/SecurePay.vdex 80201-80220
//my_stock/app/SmartSideBar/SmartSideBar.apk 80221-82096
//my_stock/app/SmartSideBar/oat/arm64/SmartSideBar.vdex 82099-82129
//my_stock/app/VariUIEngine/VariUIEngine.apk 82130-83968
//my_stock/app/VariUIEngine/lib/arm64/libVFX.so 83971-84519
//my_stock/app/VariUIEngine/lib/arm64/libhandpaintedeffects.so 84520-84574
//my_stock/app/VariUIEngine/lib/arm64/libliquidfun.so 84575-84621
//my_stock/app/VariUIEngine/lib/arm64/libliquidfun_jni.so 84622-84656
//my_stock/app/VariUIEngine/lib/arm64/liboplus_gifdecoder.so 84657-84686
//my_stock/app/VariUIEngine/lib/arm64/liboplusos_lunar.so 84687-84689
//my_stock/app/VariUIEngine/oat/arm64/VariUIEngine.vdex 84690-84715
//my_stock/app/ViewTalk/ViewTalk.apk 84716-88298
//my_stock/app/ViewTalk/oat/arm64/ViewTalk.vdex 88302-88321
//my_stock/app/Wallpapers/Wallpapers.apk 88322-95597
//my_stock/app/Wallpapers/oat/arm/Wallpapers.vdex 95603-95631
//my_stock/app/Wallpapers/oat/arm64/Wallpapers.vdex 95632-95660
//my_stock/app/WellbeingAssistant/WellbeingAssistant.apk 95661-96913
//my_stock/app/WellbeingAssistant/oat/arm64/WellbeingAssistant.vdex 96916-96933
//my_stock/app/realmeMovieShot/oat/arm64/realmeMovieShot.vdex 96934-96954
//my_stock/app/realmeMovieShot/realmeMovieShot.apk 96955-98307
//my_stock/del-app/BackupAndRestore/BackupAndRestore.apk 98310-102762
//my_stock/del-app/OppoNote2/OppoNote2.apk 102767-110630
//my_stock/etc/NOTICE.xml.gz 110638-110644
//my_stock/etc/Operator_Ringback_Tone_List.xml 110645
//my_stock/etc/config/data_migrate_config.xml 110646-110647
//my_stock/etc/config/package_mapping_config.xml 110648
//my_stock/etc/extension/config_clear_settings_provider_key_settings_app.xml 110649
//my_stock/etc/extension/config_clear_settings_provider_key_third_app.xml 110650
//my_stock/etc/extension/regulatory_info_config.xml 110651
//my_stock/etc/permissions/default_grant_permissions_list.xml 110652
//my_stock/etc/permissions/privapp-permissions-oplus.xml 110653
//my_stock/etc/settings/regulatory_image_brazil_anatel_rmx3081.png 110654-110668
//my_stock/etc/settings/regulatory_image_brazil_anatel_rmx3191.png 110669-110676
//my_stock/etc/settings/regulatory_image_brazil_anatel_rmx3363.png 110678-110692
//my_stock/etc/settings/regulatory_image_india_anatel_rmp2107.png 110693-110694
//my_stock/etc/settings/regulatory_image_india_anatel_rmp2108.png 110696-110697
//my_stock/media/theme/allApps.xml 110699-110702
//my_stock/media/theme/uxicons/xhdpi/com.airbnb.android/art_off.png 110704-110706
//my_stock/media/theme/uxicons/xhdpi/com.airbnb.android/mat.png 110708-110710
//my_stock/media/theme/uxicons/xhdpi/com.airbnb.android/recfg.png 110711-110712
//my_stock/media/theme/uxicons/xhdpi/com.android.contacts/dialer_recbg.png 110717
//my_stock/media/theme/uxicons/xhdpi/com.android.contacts/dialer_recfg.png 110719
//my_stock/media/theme/uxicons/xhdpi/com.android.contacts/recbg.png 110721-110723
//my_stock/media/theme/uxicons/xhdpi/com.android.contacts/recfg.png 110725
//my_stock/media/theme/uxicons/xhdpi/com.android.email/recbg.png 110727-110729
//my_stock/media/theme/uxicons/xhdpi/com.android.email/recfg.png 110731-110733
//my_stock/media/theme/uxicons/xhdpi/com.android.fmradio/recbg.png 110736
//my_stock/media/theme/uxicons/xhdpi/com.android.mms/recbg.png 110740
//my_stock/media/theme/uxicons/xhdpi/com.android.mms/recfg.png 110741
//my_stock/media/theme/uxicons/xhdpi/com.android.settings/recbg.png 110744-110746
//my_stock/media/theme/uxicons/xhdpi/com.android.settings/recfg.png 110747-110749
//my_stock/media/theme/uxicons/xhdpi/com.android.stk/recbg.png 110751
//my_stock/media/theme/uxicons/xhdpi/com.android.stk/recfg.png 110753
//my_stock/media/theme/uxicons/xhdpi/com.caf.fmradio/recbg.png 110756
//my_stock/media/theme/uxicons/xhdpi/com.coloros.alarmclock/recbg.png 110760-110761
//my_stock/media/theme/uxicons/xhdpi/com.coloros.aruler/recbg.png 110763-110766
//my_stock/media/theme/uxicons/xhdpi/com.coloros.backuprestore/recbg.png 110770
//my_stock/media/theme/uxicons/xhdpi/com.coloros.backuprestore/recfg.png 110771-110772
//my_stock/media/theme/uxicons/xhdpi/com.coloros.bbs/recbg.png 110775
//my_stock/media/theme/uxicons/xhdpi/com.coloros.calculator/recbg.png 110777
//my_stock/media/theme/uxicons/xhdpi/com.coloros.calculator/recfg.png 110778-110779
//my_stock/media/theme/uxicons/xhdpi/com.coloros.calendar/recbg.png 110782
//my_stock/media/theme/uxicons/xhdpi/com.coloros.calendar/recfg.png 110783
//my_stock/media/theme/uxicons/xhdpi/com.coloros.compass2/recbg.png 110786-110787
//my_stock/media/theme/uxicons/xhdpi/com.coloros.compass2/recfg.png 110788
//my_stock/media/theme/uxicons/xhdpi/com.coloros.filemanager/recbg.png 110793-110795
//my_stock/media/theme/uxicons/xhdpi/com.coloros.filemanager/recfg.png 110796-110797
//my_stock/media/theme/uxicons/xhdpi/com.coloros.findmyphone/mat.png 110799
//my_stock/media/theme/uxicons/xhdpi/com.coloros.findmyphone/recbg.png 110801-110802
//my_stock/media/theme/uxicons/xhdpi/com.coloros.findmyphone/recfg.png 110803-110804
//my_stock/media/theme/uxicons/xhdpi/com.coloros.findphone.client2/mat.png 110805
//my_stock/media/theme/uxicons/xhdpi/com.coloros.findphone.client2/recbg.png 110808-110809
//my_stock/media/theme/uxicons/xhdpi/com.coloros.findphone.client2/recfg.png 110810-110811
//my_stock/media/theme/uxicons/xhdpi/com.coloros.gallery3d/recbg.png 110813-110814
//my_stock/media/theme/uxicons/xhdpi/com.coloros.gallery3d/recfg.png 110816
//my_stock/media/theme/uxicons/xhdpi/com.coloros.gamespaceui/recbg.png 110818
//my_stock/media/theme/uxicons/xhdpi/com.coloros.gamespaceui/recfg.png 110819-110820
//my_stock/media/theme/uxicons/xhdpi/com.coloros.note/recbg.png 110823
//my_stock/media/theme/uxicons/xhdpi/com.coloros.note/recfg.png 110824
//my_stock/media/theme/uxicons/xhdpi/com.coloros.onekeylockscreen/recbg.png 110826
//my_stock/media/theme/uxicons/xhdpi/com.coloros.onekeylockscreen/recfg.png 110828
//my_stock/media/theme/uxicons/xhdpi/com.coloros.phonemanager/mat.png 110831
//my_stock/media/theme/uxicons/xhdpi/com.coloros.phonemanager/peb.png 110834-110835
//my_stock/media/theme/uxicons/xhdpi/com.coloros.phonemanager/recbg.png 110836-110837
//my_stock/media/theme/uxicons/xhdpi/com.coloros.phonemanager/recfg.png 110839-110840
//my_stock/media/theme/uxicons/xhdpi/com.coloros.soundrecorder/recbg.png 110843-110844
//my_stock/media/theme/uxicons/xhdpi/com.coloros.soundrecorder/recfg.png 110845
//my_stock/media/theme/uxicons/xhdpi/com.coloros.video/mat.png 110846-110848
//my_stock/media/theme/uxicons/xhdpi/com.coloros.video/recbg.png 110851
//my_stock/media/theme/uxicons/xhdpi/com.coloros.video/recfg.png 110853-110854
//my_stock/media/theme/uxicons/xhdpi/com.coloros.weather2/recbg.png 110856-110857
//my_stock/media/theme/uxicons/xhdpi/com.coloros.weather2/recfg.png 110858-110859
//my_stock/media/theme/uxicons/xhdpi/com.ebay.mobile/art_off.png 110860-110861
//my_stock/media/theme/uxicons/xhdpi/com.ebay.mobile/mat.png 110863-110864
//my_stock/media/theme/uxicons/xhdpi/com.ebay.mobile/recfg.png 110865
//my_stock/media/theme/uxicons/xhdpi/com.facebook.katana/art_off.png 110867
//my_stock/media/theme/uxicons/xhdpi/com.finshell.wallet/recbg.png 110872
//my_stock/media/theme/uxicons/xhdpi/com.finshell.wallet/recfg.png 110873
//my_stock/media/theme/uxicons/xhdpi/com.heytap.browser/mat.png 110876
//my_stock/media/theme/uxicons/xhdpi/com.heytap.browser/peb.png 110878
//my_stock/media/theme/uxicons/xhdpi/com.heytap.browser/recbg.png 110879
//my_stock/media/theme/uxicons/xhdpi/com.heytap.browser/recfg.png 110881-110882
//my_stock/media/theme/uxicons/xhdpi/com.heytap.cloud/recbg.png 110884
//my_stock/media/theme/uxicons/xhdpi/com.heytap.market/recbg.png 110888-110889
//my_stock/media/theme/uxicons/xhdpi/com.heytap.market/recfg.png 110890
//my_stock/media/theme/uxicons/xhdpi/com.heytap.music/recbg.png 110893-110895
//my_stock/media/theme/uxicons/xhdpi/com.heytap.music/recfg.png 110896
//my_stock/media/theme/uxicons/xhdpi/com.heytap.reader/recbg.png 110898-110901
//my_stock/media/theme/uxicons/xhdpi/com.heytap.reader/recfg.png 110902
//my_stock/media/theme/uxicons/xhdpi/com.heytap.smarthome/recfg.png 110905-110906
//my_stock/media/theme/uxicons/xhdpi/com.heytap.speechassist/mat.png 110907-110908
//my_stock/media/theme/uxicons/xhdpi/com.heytap.speechassist/peb.png 110910-110911
//my_stock/media/theme/uxicons/xhdpi/com.heytap.speechassist/recfg.png 110912-110913
//my_stock/media/theme/uxicons/xhdpi/com.heytap.themestore/recbg.png 110917-110919
//my_stock/media/theme/uxicons/xhdpi/com.heytap.themestore/recfg.png 110920
//my_stock/media/theme/uxicons/xhdpi/com.instagram.android/art_off.png 110924-110926
//my_stock/media/theme/uxicons/xhdpi/com.instagram.android/mat.png 110928
//my_stock/media/theme/uxicons/xhdpi/com.instagram.android/recbg.png 110929
//my_stock/media/theme/uxicons/xhdpi/com.microsoft.office.outlook/art_off.png 110930-110933
//my_stock/media/theme/uxicons/xhdpi/com.microsoft.office.outlook/mat.png 110934
//my_stock/media/theme/uxicons/xhdpi/com.microsoft.office.outlook/recfg.png 110936
//my_stock/media/theme/uxicons/xhdpi/com.nearme.gamecenter/recbg.png 110939
//my_stock/media/theme/uxicons/xhdpi/com.nearme.gamecenter/recfg.png 110940-110941
//my_stock/media/theme/uxicons/xhdpi/com.oplus.camera/recbg.png 110943-110944
//my_stock/media/theme/uxicons/xhdpi/com.oplus.camera/recfg.png 110945-110946
//my_stock/media/theme/uxicons/xhdpi/com.oplus.consumerIRApp/mat.png 110947
//my_stock/media/theme/uxicons/xhdpi/com.oplus.consumerIRApp/recbg.png 110951-110953
//my_stock/media/theme/uxicons/xhdpi/com.oplus.consumerIRApp/recfg.png 110954
//my_stock/media/theme/uxicons/xhdpi/com.oplus.logkit/recfg.png 110956
//my_stock/media/theme/uxicons/xhdpi/com.oplus.play/recbg.png 110960
//my_stock/media/theme/uxicons/xhdpi/com.oplus.play/recfg.png 110961
//my_stock/media/theme/uxicons/xhdpi/com.oplus.themestore/recbg.png 110964-110966
//my_stock/media/theme/uxicons/xhdpi/com.oplus.themestore/recfg.png 110968
//my_stock/media/theme/uxicons/xhdpi/com.oppo.camera/recbg.png 110972-110973
//my_stock/media/theme/uxicons/xhdpi/com.oppo.camera/recfg.png 110974-110975
//my_stock/media/theme/uxicons/xhdpi/com.paypal.android.p2pmobile/art_off.png 110977-110983
//my_stock/media/theme/uxicons/xhdpi/com.paypal.android.p2pmobile/mat.png 110985
//my_stock/media/theme/uxicons/xhdpi/com.paypal.android.p2pmobile/recbg.png 110986-110993
//my_stock/media/theme/uxicons/xhdpi/com.paypal.android.p2pmobile/recfg.png 110995
//my_stock/media/theme/uxicons/xhdpi/com.pinterest/art_off.png 110996
//my_stock/media/theme/uxicons/xhdpi/icons-meterial 111006-111008
//my_stock/media/theme/uxicons/xhdpi/icons-pebble 111009-111012
//my_stock/media/theme/uxicons/xhdpi/icons-rectangle 111013-111018
//my_stock/media/theme/uxicons/xhdpi/in.amazon.mShop.android.shopping/mat.png 111019
//my_stock/media/theme/uxicons/xhdpi/in.amazon.mShop.android.shopping/recbg.png 111021-111022
//my_stock/media/theme/uxicons/xxhdpi/com.airbnb.android/art_off.png 111024-111026
//my_stock/media/theme/uxicons/xxhdpi/com.airbnb.android/mat.png 111028-111030
//my_stock/media/theme/uxicons/xxhdpi/com.airbnb.android/recfg.png 111031-111032
//my_stock/media/theme/uxicons/xxhdpi/com.android.contacts/dialer_peb.png 111036
//my_stock/media/theme/uxicons/xxhdpi/com.android.contacts/dialer_recbg.png 111037-111040
//my_stock/media/theme/uxicons/xxhdpi/com.android.contacts/dialer_recfg.png 111041-111042
//my_stock/media/theme/uxicons/xxhdpi/com.android.contacts/recbg.png 111045-111052
//my_stock/media/theme/uxicons/xxhdpi/com.android.contacts/recfg.png 111053-111054
//my_stock/media/theme/uxicons/xxhdpi/com.android.email/recbg.png 111057-111064
//my_stock/media/theme/uxicons/xxhdpi/com.android.email/recfg.png 111066-111072
//my_stock/media/theme/uxicons/xxhdpi/com.android.fmradio/recbg.png 111076-111079
//my_stock/media/theme/uxicons/xxhdpi/com.android.fmradio/recfg.png 111080
//my_stock/media/theme/uxicons/xxhdpi/com.android.mms/recbg.png 111083-111084
//my_stock/media/theme/uxicons/xxhdpi/com.android.mms/recfg.png 111085-111087
//my_stock/media/theme/uxicons/xxhdpi/com.android.settings/recbg.png 111090-111096
//my_stock/media/theme/uxicons/xxhdpi/com.android.settings/recfg.png 111098-111102
//my_stock/media/theme/uxicons/xxhdpi/com.android.stk/recbg.png 111105-111108
//my_stock/media/theme/uxicons/xxhdpi/com.android.stk/recfg.png 111109-111110
//my_stock/media/theme/uxicons/xxhdpi/com.caf.fmradio/recbg.png 111113-111116
//my_stock/media/theme/uxicons/xxhdpi/com.caf.fmradio/recfg.png 111117
//my_stock/media/theme/uxicons/xxhdpi/com.coloros.alarmclock/recbg.png 111120-111123
//my_stock/media/theme/uxicons/xxhdpi/com.coloros.aruler/recbg.png 111127-111135
//my_stock/media/theme/uxicons/xxhdpi/com.coloros.aruler/recfg.png 111137
//my_stock/media/theme/uxicons/xxhdpi/com.coloros.backuprestore/recbg.png 111140-111141
//my_stock/media/theme/uxicons/xxhdpi/com.coloros.backuprestore/recfg.png 111142-111145
//my_stock/media/theme/uxicons/xxhdpi/com.coloros.bbs/peb.png 111148
//my_stock/media/theme/uxicons/xxhdpi/com.coloros.calculator/recbg.png 111152-111153
//my_stock/media/theme/uxicons/xxhdpi/com.coloros.calculator/recfg.png 111155-111158
//my_stock/media/theme/uxicons/xxhdpi/com.coloros.calendar/recbg.png 111162-111163
//my_stock/media/theme/uxicons/xxhdpi/com.coloros.compass2/mat.png 111165
//my_stock/media/theme/uxicons/xxhdpi/com.coloros.compass2/peb.png 111166
//my_stock/media/theme/uxicons/xxhdpi/com.coloros.compass2/recbg.png 111167-111170
//my_stock/media/theme/uxicons/xxhdpi/com.coloros.compass2/recfg.png 111172-111173
//my_stock/media/theme/uxicons/xxhdpi/com.coloros.filemanager/recbg.png 111179-111186
//my_stock/media/theme/uxicons/xxhdpi/com.coloros.filemanager/recfg.png 111187-111192
//my_stock/media/theme/uxicons/xxhdpi/com.coloros.findmyphone/mat.png 111193
//my_stock/media/theme/uxicons/xxhdpi/com.coloros.findmyphone/peb.png 111196
//my_stock/media/theme/uxicons/xxhdpi/com.coloros.findmyphone/recbg.png 111197
//my_stock/media/theme/uxicons/xxhdpi/com.coloros.findphone.client2/mat.png 111198
//my_stock/media/theme/uxicons/xxhdpi/com.coloros.findphone.client2/peb.png 111201
//my_stock/media/theme/uxicons/xxhdpi/com.coloros.findphone.client2/recbg.png 111202
//my_stock/media/theme/uxicons/xxhdpi/com.coloros.findphone.client2/recfg.png 111203
//my_stock/media/theme/uxicons/xxhdpi/com.coloros.gallery3d/peb.png 111206
//my_stock/media/theme/uxicons/xxhdpi/com.coloros.gallery3d/recbg.png 111207-111212
//my_stock/media/theme/uxicons/xxhdpi/com.coloros.gallery3d/recfg.png 111214-111215
//my_stock/media/theme/uxicons/xxhdpi/com.coloros.gamespaceui/recbg.png 111218-111219
//my_stock/media/theme/uxicons/xxhdpi/com.coloros.gamespaceui/recfg.png 111220-111223
//my_stock/media/theme/uxicons/xxhdpi/com.coloros.onekeylockscreen/peb.png 111227
//my_stock/media/theme/uxicons/xxhdpi/com.coloros.onekeylockscreen/recbg.png 111228-111231
//my_stock/media/theme/uxicons/xxhdpi/com.coloros.onekeylockscreen/recfg.png 111232-111234
//my_stock/media/theme/uxicons/xxhdpi/com.coloros.phonemanager/mat.png 111239-111240
//my_stock/media/theme/uxicons/xxhdpi/com.coloros.phonemanager/peb.png 111242-111244
//my_stock/media/theme/uxicons/xxhdpi/com.coloros.phonemanager/recbg.png 111245-111248
//my_stock/media/theme/uxicons/xxhdpi/com.coloros.phonemanager/recfg.png 111250-111253
//my_stock/media/theme/uxicons/xxhdpi/com.coloros.soundrecorder/peb.png 111255
//my_stock/media/theme/uxicons/xxhdpi/com.coloros.soundrecorder/recbg.png 111256-111260
//my_stock/media/theme/uxicons/xxhdpi/com.coloros.soundrecorder/recfg.png 111262-111263
//my_stock/media/theme/uxicons/xxhdpi/com.coloros.video/mat.png 111265-111271
//my_stock/media/theme/uxicons/xxhdpi/com.coloros.video/peb.png 111272
//my_stock/media/theme/uxicons/xxhdpi/com.coloros.video/recbg.png 111273-111276
//my_stock/media/theme/uxicons/xxhdpi/com.coloros.video/recfg.png 111277-111280
//my_stock/media/theme/uxicons/xxhdpi/com.coloros.weather2/recbg.png 111284-111287
//my_stock/media/theme/uxicons/xxhdpi/com.coloros.weather2/recfg.png 111289-111291
//my_stock/media/theme/uxicons/xxhdpi/com.ebay.mobile/art_off.png 111293-111294
//my_stock/media/theme/uxicons/xxhdpi/com.ebay.mobile/mat.png 111295-111296
//my_stock/media/theme/uxicons/xxhdpi/com.ebay.mobile/recfg.png 111297
//my_stock/media/theme/uxicons/xxhdpi/com.facebook.katana/art_off.png 111299-111301
//my_stock/media/theme/uxicons/xxhdpi/com.facebook.katana/mat.png 111303
//my_stock/media/theme/uxicons/xxhdpi/com.facebook.katana/recbg.png 111304
//my_stock/media/theme/uxicons/xxhdpi/com.finshell.wallet/recbg.png 111308-111309
//my_stock/media/theme/uxicons/xxhdpi/com.finshell.wallet/recfg.png 111310-111312
//my_stock/media/theme/uxicons/xxhdpi/com.heytap.browser/mat.png 111316-111317
//my_stock/media/theme/uxicons/xxhdpi/com.heytap.browser/peb.png 111319
//my_stock/media/theme/uxicons/xxhdpi/com.heytap.browser/recbg.png 111321-111324
//my_stock/media/theme/uxicons/xxhdpi/com.heytap.browser/recfg.png 111325-111327
//my_stock/media/theme/uxicons/xxhdpi/com.heytap.cloud/recbg.png 111330-111332
//my_stock/media/theme/uxicons/xxhdpi/com.heytap.cloud/recfg.png 111333
//my_stock/media/theme/uxicons/xxhdpi/com.heytap.market/recbg.png 111337-111340
//my_stock/media/theme/uxicons/xxhdpi/com.heytap.market/recfg.png 111341-111342
//my_stock/media/theme/uxicons/xxhdpi/com.heytap.music/recbg.png 111346-111352
//my_stock/media/theme/uxicons/xxhdpi/com.heytap.music/recfg.png 111354
//my_stock/media/theme/uxicons/xxhdpi/com.heytap.reader/recbg.png 111357-111365
//my_stock/media/theme/uxicons/xxhdpi/com.heytap.reader/recfg.png 111367-111369
//my_stock/media/theme/uxicons/xxhdpi/com.heytap.smarthome/recfg.png 111372-111374
//my_stock/media/theme/uxicons/xxhdpi/com.heytap.speechassist/mat.png 111376-111379
//my_stock/media/theme/uxicons/xxhdpi/com.heytap.speechassist/peb.png 111381-111383
//my_stock/media/theme/uxicons/xxhdpi/com.heytap.speechassist/recfg.png 111384-111388
//my_stock/media/theme/uxicons/xxhdpi/com.heytap.themestore/mat.png 111390
//my_stock/media/theme/uxicons/xxhdpi/com.heytap.themestore/recbg.png 111392-111399
//my_stock/media/theme/uxicons/xxhdpi/com.heytap.themestore/recfg.png 111401-111403
//my_stock/media/theme/uxicons/xxhdpi/com.instagram.android/art_off.png 111406-111412
//my_stock/media/theme/uxicons/xxhdpi/com.instagram.android/mat.png 111413
//my_stock/media/theme/uxicons/xxhdpi/com.instagram.android/recbg.png 111415-111418
//my_stock/media/theme/uxicons/xxhdpi/com.microsoft.office.outlook/art_off.png 111421-111424
//my_stock/media/theme/uxicons/xxhdpi/com.microsoft.office.outlook/mat.png 111425
//my_stock/media/theme/uxicons/xxhdpi/com.microsoft.office.outlook/recfg.png 111427
//my_stock/media/theme/uxicons/xxhdpi/com.nearme.gamecenter/peb.png 111429
//my_stock/media/theme/uxicons/xxhdpi/com.nearme.gamecenter/recbg.png 111430-111431
//my_stock/media/theme/uxicons/xxhdpi/com.nearme.gamecenter/recfg.png 111432-111434
//my_stock/media/theme/uxicons/xxhdpi/com.oplus.camera/recbg.png 111437-111440
//my_stock/media/theme/uxicons/xxhdpi/com.oplus.camera/recfg.png 111442-111445
//my_stock/media/theme/uxicons/xxhdpi/com.oplus.consumerIRApp/mat.png 111446-111448
//my_stock/media/theme/uxicons/xxhdpi/com.oplus.consumerIRApp/monochrome.png 111450
//my_stock/media/theme/uxicons/xxhdpi/com.oplus.consumerIRApp/peb.png 111451
//my_stock/media/theme/uxicons/xxhdpi/com.oplus.consumerIRApp/recbg.png 111452-111458
//my_stock/media/theme/uxicons/xxhdpi/com.oplus.consumerIRApp/recfg.png 111459-111461
//my_stock/media/theme/uxicons/xxhdpi/com.oplus.logkit/recfg.png 111463-111464
//my_stock/media/theme/uxicons/xxhdpi/com.oplus.play/peb.png 111467
//my_stock/media/theme/uxicons/xxhdpi/com.oplus.play/recbg.png 111468-111469
//my_stock/media/theme/uxicons/xxhdpi/com.oplus.play/recfg.png 111470-111472
//my_stock/media/theme/uxicons/xxhdpi/com.oplus.themestore/mat.png 111473
//my_stock/media/theme/uxicons/xxhdpi/com.oplus.themestore/recbg.png 111474-111481
//my_stock/media/theme/uxicons/xxhdpi/com.oplus.themestore/recfg.png 111483-111485
//my_stock/media/theme/uxicons/xxhdpi/com.oppo.camera/recbg.png 111488-111491
//my_stock/media/theme/uxicons/xxhdpi/com.oppo.camera/recfg.png 111493-111496
//my_stock/media/theme/uxicons/xxhdpi/com.oppo.community/peb.png 111498
//my_stock/media/theme/uxicons/xxhdpi/com.paypal.android.p2pmobile/art_off.png 111501-111507
//my_stock/media/theme/uxicons/xxhdpi/com.paypal.android.p2pmobile/mat.png 111508
//my_stock/media/theme/uxicons/xxhdpi/com.paypal.android.p2pmobile/recbg.png 111510-111517
//my_stock/media/theme/uxicons/xxhdpi/com.paypal.android.p2pmobile/recfg.png 111519
//my_stock/media/theme/uxicons/xxhdpi/com.pinterest/art_off.png 111520-111521
//my_stock/media/theme/uxicons/xxhdpi/com.pinterest/mat.png 111522
//my_stock/media/theme/uxicons/xxhdpi/com.realmecomm.app/peb.png 111525
//my_stock/media/theme/uxicons/xxhdpi/com.realmecomm.app/recfg.png 111526
//my_stock/media/theme/uxicons/xxhdpi/com.snapchat.android/mat.png 111527
//my_stock/media/theme/uxicons/xxhdpi/com.twitter.android/art_off.png 111530
//my_stock/media/theme/uxicons/xxhdpi/icons-meterial 111532-111534
//my_stock/media/theme/uxicons/xxhdpi/icons-pebble 111535-111538
//my_stock/media/theme/uxicons/xxhdpi/icons-rectangle 111539-111544
//my_stock/media/theme/uxicons/xxhdpi/in.amazon.mShop.android.shopping/mat.png 111546-111548
//my_stock/media/theme/uxicons/xxhdpi/in.amazon.mShop.android.shopping/recbg.png 111549-111552
//my_stock/media/theme/uxicons/xxxhdpi/com.airbnb.android/art_off.png 111555-111557
//my_stock/media/theme/uxicons/xxxhdpi/com.airbnb.android/mat.png 111559-111561
//my_stock/media/theme/uxicons/xxxhdpi/com.airbnb.android/recfg.png 111562-111563
//my_stock/media/theme/uxicons/xxxhdpi/com.android.bluetooth/share_blue.png 111565
//my_stock/media/theme/uxicons/xxxhdpi/com.android.contacts/dialer_mat.png 111566
//my_stock/media/theme/uxicons/xxxhdpi/com.android.contacts/dialer_peb.png 111567
//my_stock/media/theme/uxicons/xxxhdpi/com.android.contacts/dialer_recbg.png 111569-111575
//my_stock/media/theme/uxicons/xxxhdpi/com.android.contacts/dialer_recfg.png 111576-111578
//my_stock/media/theme/uxicons/xxxhdpi/com.android.contacts/peb.png 111580
//my_stock/media/theme/uxicons/xxxhdpi/com.android.contacts/recbg.png 111582-111594
//my_stock/media/theme/uxicons/xxxhdpi/com.android.contacts/recfg.png 111595-111597
//my_stock/media/theme/uxicons/xxxhdpi/com.android.email/peb.png 111600
//my_stock/media/theme/uxicons/xxxhdpi/com.android.email/recbg.png 111601-111615
//my_stock/media/theme/uxicons/xxxhdpi/com.android.email/recfg.png 111616-111628
//my_stock/media/theme/uxicons/xxxhdpi/com.android.fmradio/peb.png 111631
//my_stock/media/theme/uxicons/xxxhdpi/com.android.fmradio/recbg.png 111632-111638
//my_stock/media/theme/uxicons/xxxhdpi/com.android.fmradio/recfg.png 111639-111640
//my_stock/media/theme/uxicons/xxxhdpi/com.android.mms/peb.png 111643
//my_stock/media/theme/uxicons/xxxhdpi/com.android.mms/recbg.png 111644-111646
//my_stock/media/theme/uxicons/xxxhdpi/com.android.mms/recfg.png 111648-111652
//my_stock/media/theme/uxicons/xxxhdpi/com.android.settings/peb.png 111655
//my_stock/media/theme/uxicons/xxxhdpi/com.android.settings/recbg.png 111656-111668
//my_stock/media/theme/uxicons/xxxhdpi/com.android.settings/recfg.png 111670-111677
//my_stock/media/theme/uxicons/xxxhdpi/com.android.stk/peb.png 111679
//my_stock/media/theme/uxicons/xxxhdpi/com.android.stk/recbg.png 111680-111686
//my_stock/media/theme/uxicons/xxxhdpi/com.android.stk/recfg.png 111687-111689
//my_stock/media/theme/uxicons/xxxhdpi/com.caf.fmradio/peb.png 111692
//my_stock/media/theme/uxicons/xxxhdpi/com.caf.fmradio/recbg.png 111693-111699
//my_stock/media/theme/uxicons/xxxhdpi/com.caf.fmradio/recfg.png 111701-111702
//my_stock/media/theme/uxicons/xxxhdpi/com.coloros.alarmclock/peb.png 111704
//my_stock/media/theme/uxicons/xxxhdpi/com.coloros.alarmclock/recbg.png 111705-111712
//my_stock/media/theme/uxicons/xxxhdpi/com.coloros.aruler/peb.png 111716
//my_stock/media/theme/uxicons/xxxhdpi/com.coloros.aruler/recbg.png 111717-111733
//my_stock/media/theme/uxicons/xxxhdpi/com.coloros.aruler/recfg.png 111735
//my_stock/media/theme/uxicons/xxxhdpi/com.coloros.backuprestore/recbg.png 111740-111742
//my_stock/media/theme/uxicons/xxxhdpi/com.coloros.backuprestore/recfg.png 111744-111750
//my_stock/media/theme/uxicons/xxxhdpi/com.coloros.bbs/mat.png 111751
//my_stock/media/theme/uxicons/xxxhdpi/com.coloros.bbs/peb.png 111752
//my_stock/media/theme/uxicons/xxxhdpi/com.coloros.calculator/peb.png 111755
//my_stock/media/theme/uxicons/xxxhdpi/com.coloros.calculator/recbg.png 111756-111759
//my_stock/media/theme/uxicons/xxxhdpi/com.coloros.calculator/recfg.png 111760-111766
//my_stock/media/theme/uxicons/xxxhdpi/com.coloros.calendar/peb.png 111769
//my_stock/media/theme/uxicons/xxxhdpi/com.coloros.calendar/recbg.png 111771-111773
//my_stock/media/theme/uxicons/xxxhdpi/com.coloros.calendar/recfg.png 111774
//my_stock/media/theme/uxicons/xxxhdpi/com.coloros.compass2/mat.png 111775
//my_stock/media/theme/uxicons/xxxhdpi/com.coloros.compass2/peb.png 111778
//my_stock/media/theme/uxicons/xxxhdpi/com.coloros.compass2/recbg.png 111779-111786
//my_stock/media/theme/uxicons/xxxhdpi/com.coloros.compass2/recfg.png 111787-111789
//my_stock/media/theme/uxicons/xxxhdpi/com.coloros.encryptiont/peb.png 111792
//my_stock/media/theme/uxicons/xxxhdpi/com.coloros.familyguard/monochrome.png 111794
//my_stock/media/theme/uxicons/xxxhdpi/com.coloros.filemanager/peb.png 111796
//my_stock/media/theme/uxicons/xxxhdpi/com.coloros.filemanager/recbg.png 111797-111810
//my_stock/media/theme/uxicons/xxxhdpi/com.coloros.filemanager/recfg.png 111811-111820
//my_stock/media/theme/uxicons/xxxhdpi/com.coloros.findmyphone/mat.png 111822-111823
//my_stock/media/theme/uxicons/xxxhdpi/com.coloros.findmyphone/peb.png 111825
//my_stock/media/theme/uxicons/xxxhdpi/com.coloros.findmyphone/recfg.png 111827
//my_stock/media/theme/uxicons/xxxhdpi/com.coloros.findphone.client2/mat.png 111829-111830
//my_stock/media/theme/uxicons/xxxhdpi/com.coloros.findphone.client2/peb.png 111832
//my_stock/media/theme/uxicons/xxxhdpi/com.coloros.findphone.client2/recfg.png 111834
//my_stock/media/theme/uxicons/xxxhdpi/com.coloros.gallery3d/peb.png 111838
//my_stock/media/theme/uxicons/xxxhdpi/com.coloros.gallery3d/recbg.png 111839-111849
//my_stock/media/theme/uxicons/xxxhdpi/com.coloros.gallery3d/recfg.png 111850-111852
//my_stock/media/theme/uxicons/xxxhdpi/com.coloros.gamespaceui/peb.png 111855
//my_stock/media/theme/uxicons/xxxhdpi/com.coloros.gamespaceui/recbg.png 111856-111858
//my_stock/media/theme/uxicons/xxxhdpi/com.coloros.gamespaceui/recfg.png 111860-111865
//my_stock/media/theme/uxicons/xxxhdpi/com.coloros.note/peb.png 111869
//my_stock/media/theme/uxicons/xxxhdpi/com.coloros.onekeylockscreen/peb.png 111871
//my_stock/media/theme/uxicons/xxxhdpi/com.coloros.onekeylockscreen/recbg.png 111873-111879
//my_stock/media/theme/uxicons/xxxhdpi/com.coloros.onekeylockscreen/recfg.png 111880-111883
//my_stock/media/theme/uxicons/xxxhdpi/com.coloros.operationtips/peb.png 111886
//my_stock/media/theme/uxicons/xxxhdpi/com.coloros.phonemanager/mat.png 111888-111890
//my_stock/media/theme/uxicons/xxxhdpi/com.coloros.phonemanager/peb.png 111892-111895
//my_stock/media/theme/uxicons/xxxhdpi/com.coloros.phonemanager/recbg.png 111896-111903
//my_stock/media/theme/uxicons/xxxhdpi/com.coloros.phonemanager/recfg.png 111904-111910
//my_stock/media/theme/uxicons/xxxhdpi/com.coloros.soundrecorder/peb.png 111912
//my_stock/media/theme/uxicons/xxxhdpi/com.coloros.soundrecorder/recbg.png 111914-111923
//my_stock/media/theme/uxicons/xxxhdpi/com.coloros.soundrecorder/recfg.png 111925-111927
//my_stock/media/theme/uxicons/xxxhdpi/com.coloros.video/mat.png 111928-111938
//my_stock/media/theme/uxicons/xxxhdpi/com.coloros.video/peb.png 111941
//my_stock/media/theme/uxicons/xxxhdpi/com.coloros.video/recbg.png 111942-111947
//my_stock/media/theme/uxicons/xxxhdpi/com.coloros.video/recfg.png 111949-111955
//my_stock/media/theme/uxicons/xxxhdpi/com.coloros.weather2/peb.png 111958
//my_stock/media/theme/uxicons/xxxhdpi/com.coloros.weather2/recbg.png 111959-111966
//my_stock/media/theme/uxicons/xxxhdpi/com.coloros.weather2/recfg.png 111968-111972
//my_stock/media/theme/uxicons/xxxhdpi/com.ebay.mobile/art_off.png 111974-111975
//my_stock/media/theme/uxicons/xxxhdpi/com.ebay.mobile/mat.png 111976-111977
//my_stock/media/theme/uxicons/xxxhdpi/com.ebay.mobile/recfg.png 111979
//my_stock/media/theme/uxicons/xxxhdpi/com.facebook.katana/art_off.png 111980-111987
//my_stock/media/theme/uxicons/xxxhdpi/com.facebook.katana/mat.png 111988
//my_stock/media/theme/uxicons/xxxhdpi/com.facebook.katana/recbg.png 111990-111991
//my_stock/media/theme/uxicons/xxxhdpi/com.finshell.wallet/peb.png 111994
//my_stock/media/theme/uxicons/xxxhdpi/com.finshell.wallet/recbg.png 111995-111998
//my_stock/media/theme/uxicons/xxxhdpi/com.finshell.wallet/recfg.png 111999-112003
//my_stock/media/theme/uxicons/xxxhdpi/com.heytap.book/peb.png 112007
//my_stock/media/theme/uxicons/xxxhdpi/com.heytap.browser/mat.png 112008-112010
//my_stock/media/theme/uxicons/xxxhdpi/com.heytap.browser/peb.png 112012-112013
//my_stock/media/theme/uxicons/xxxhdpi/com.heytap.browser/recbg.png 112015-112021
//my_stock/media/theme/uxicons/xxxhdpi/com.heytap.browser/recfg.png 112022-112026
//my_stock/media/theme/uxicons/xxxhdpi/com.heytap.cloud/recbg.png 112030-112034
//my_stock/media/theme/uxicons/xxxhdpi/com.heytap.cloud/recfg.png 112036-112037
//my_stock/media/theme/uxicons/xxxhdpi/com.heytap.market/peb.png 112039
//my_stock/media/theme/uxicons/xxxhdpi/com.heytap.market/recbg.png 112040-112046
//my_stock/media/theme/uxicons/xxxhdpi/com.heytap.market/recfg.png 112048-112051
//my_stock/media/theme/uxicons/xxxhdpi/com.heytap.music/mat.png 112052
//my_stock/media/theme/uxicons/xxxhdpi/com.heytap.music/peb.png 112053
//my_stock/media/theme/uxicons/xxxhdpi/com.heytap.music/recbg.png 112054-112066
//my_stock/media/theme/uxicons/xxxhdpi/com.heytap.music/recfg.png 112067-112068
//my_stock/media/theme/uxicons/xxxhdpi/com.heytap.reader/peb.png 112071
//my_stock/media/theme/uxicons/xxxhdpi/com.heytap.reader/recbg.png 112072-112088
//my_stock/media/theme/uxicons/xxxhdpi/com.heytap.reader/recfg.png 112090-112094
//my_stock/media/theme/uxicons/xxxhdpi/com.heytap.smarthome/peb.png 112096
//my_stock/media/theme/uxicons/xxxhdpi/com.heytap.smarthome/recfg.png 112097-112101
//my_stock/media/theme/uxicons/xxxhdpi/com.heytap.speechassist/mat.png 112102-112105
//my_stock/media/theme/uxicons/xxxhdpi/com.heytap.speechassist/peb.png 112108-112110
//my_stock/media/theme/uxicons/xxxhdpi/com.heytap.speechassist/recfg.png 112111-112116
//my_stock/media/theme/uxicons/xxxhdpi/com.heytap.themestore/mat.png 112118
//my_stock/media/theme/uxicons/xxxhdpi/com.heytap.themestore/recbg.png 112121-112134
//my_stock/media/theme/uxicons/xxxhdpi/com.heytap.themestore/recfg.png 112136-112139
//my_stock/media/theme/uxicons/xxxhdpi/com.instagram.android/art_off.png 112144-112154
//my_stock/media/theme/uxicons/xxxhdpi/com.instagram.android/mat.png 112156-112157
//my_stock/media/theme/uxicons/xxxhdpi/com.instagram.android/recbg.png 112158-112165
//my_stock/media/theme/uxicons/xxxhdpi/com.microsoft.office.outlook/art_off.png 112167-112170
//my_stock/media/theme/uxicons/xxxhdpi/com.microsoft.office.outlook/mat.png 112171
//my_stock/media/theme/uxicons/xxxhdpi/com.microsoft.office.outlook/recfg.png 112173
//my_stock/media/theme/uxicons/xxxhdpi/com.nearme.gamecenter/mat.png 112174
//my_stock/media/theme/uxicons/xxxhdpi/com.nearme.gamecenter/peb.png 112175
//my_stock/media/theme/uxicons/xxxhdpi/com.nearme.gamecenter/recbg.png 112177-112179
//my_stock/media/theme/uxicons/xxxhdpi/com.nearme.gamecenter/recfg.png 112181-112185
//my_stock/media/theme/uxicons/xxxhdpi/com.oplus.camera/mat.png 112186
//my_stock/media/theme/uxicons/xxxhdpi/com.oplus.camera/peb.png 112188
//my_stock/media/theme/uxicons/xxxhdpi/com.oplus.camera/recbg.png 112190-112197
//my_stock/media/theme/uxicons/xxxhdpi/com.oplus.camera/recfg.png 112198-112203
//my_stock/media/theme/uxicons/xxxhdpi/com.oplus.consumerIRApp/mat.png 112205-112210
//my_stock/media/theme/uxicons/xxxhdpi/com.oplus.consumerIRApp/monochrome.png 112211
//my_stock/media/theme/uxicons/xxxhdpi/com.oplus.consumerIRApp/peb.png 112213
//my_stock/media/theme/uxicons/xxxhdpi/com.oplus.consumerIRApp/recbg.png 112214-112225
//my_stock/media/theme/uxicons/xxxhdpi/com.oplus.consumerIRApp/recfg.png 112226-112230
//my_stock/media/theme/uxicons/xxxhdpi/com.oplus.logkit/recfg.png 112233-112235
//my_stock/media/theme/uxicons/xxxhdpi/com.oplus.play/mat.png 112237
//my_stock/media/theme/uxicons/xxxhdpi/com.oplus.play/peb.png 112238
//my_stock/media/theme/uxicons/xxxhdpi/com.oplus.play/recbg.png 112240-112242
//my_stock/media/theme/uxicons/xxxhdpi/com.oplus.play/recfg.png 112244-112248
//my_stock/media/theme/uxicons/xxxhdpi/com.oplus.themestore/mat.png 112249-112254
//my_stock/media/theme/uxicons/xxxhdpi/com.oplus.themestore/recbg.png 112257-112270
//my_stock/media/theme/uxicons/xxxhdpi/com.oplus.themestore/recfg.png 112272-112275
//my_stock/media/theme/uxicons/xxxhdpi/com.oppo.camera/mat.png 112277
//my_stock/media/theme/uxicons/xxxhdpi/com.oppo.camera/peb.png 112278
//my_stock/media/theme/uxicons/xxxhdpi/com.oppo.camera/recbg.png 112279-112286
//my_stock/media/theme/uxicons/xxxhdpi/com.oppo.camera/recfg.png 112288-112293
//my_stock/media/theme/uxicons/xxxhdpi/com.oppo.community/peb.png 112296
//my_stock/media/theme/uxicons/xxxhdpi/com.paypal.android.p2pmobile/art_off.png 112299-112305
//my_stock/media/theme/uxicons/xxxhdpi/com.paypal.android.p2pmobile/mat.png 112306
//my_stock/media/theme/uxicons/xxxhdpi/com.paypal.android.p2pmobile/recbg.png 112308-112315
//my_stock/media/theme/uxicons/xxxhdpi/com.paypal.android.p2pmobile/recfg.png 112317
//my_stock/media/theme/uxicons/xxxhdpi/com.pinterest/art_off.png 112318-112320
//my_stock/media/theme/uxicons/xxxhdpi/com.pinterest/mat.png 112321
//my_stock/media/theme/uxicons/xxxhdpi/com.realmecomm.app/mat.png 112323
//my_stock/media/theme/uxicons/xxxhdpi/com.realmecomm.app/peb.png 112324
//my_stock/media/theme/uxicons/xxxhdpi/com.realmecomm.app/recfg.png 112326
//my_stock/media/theme/uxicons/xxxhdpi/com.snapchat.android/mat.png 112328
//my_stock/media/theme/uxicons/xxxhdpi/com.twitter.android/art_off.png 112332
//my_stock/media/theme/uxicons/xxxhdpi/icons-meterial 112336-112338
//my_stock/media/theme/uxicons/xxxhdpi/icons-pebble 112339-112342
//my_stock/media/theme/uxicons/xxxhdpi/icons-rectangle 112343-112348
//my_stock/media/theme/uxicons/xxxhdpi/in.amazon.mShop.android.shopping/mat.png 112349-112353
//my_stock/media/theme/uxicons/xxxhdpi/in.amazon.mShop.android.shopping/recbg.png 112354-112360
//my_stock/plugin/GamePerformanceOpt/GamePerformanceOpt.apk 112362-112466
//my_stock/priv-app/AccessoryFramework/AccessoryFramework.apk 112467-116307
//my_stock/priv-app/AccessoryFramework/oat/arm/AccessoryFramework.vdex 116312-116349
//my_stock/priv-app/AccessoryFramework/oat/arm64/AccessoryFramework.vdex 116350-116387
//my_stock/priv-app/ColorfulEngine/ColorfulEngine.apk 116388-119991
//my_stock/priv-app/ColorfulEngine/oat/arm/ColorfulEngine.vdex 119995-120027
//my_stock/priv-app/ColorfulEngine/oat/arm64/ColorfulEngine.vdex 120028-120060
//my_stock/priv-app/Cota/Cota.apk 120061-121265
//my_stock/priv-app/Cota/oat/arm64/Cota.vdex 121268-121284
//my_stock/priv-app/DCS/DCS.apk 121285-121548
//my_stock/priv-app/DCS/oat/arm64/DCS.vdex 121549-121555
//my_stock/priv-app/Games/Games.apk 121556-137220
//my_stock/priv-app/Games/oat/arm64/Games.vdex 137235-137383
//my_stock/priv-app/GlobalSearch/GlobalSearch.apk 137384-146856
//my_stock/priv-app/GlobalSearch/oat/arm/GlobalSearch.vdex 146865-146959
//my_stock/priv-app/GlobalSearch/oat/arm64/GlobalSearch.vdex 146960-147054
//my_stock/priv-app/HeyCast/HeyCast.apk 147055-149427
//my_stock/priv-app/HeyCast/oat/arm64/HeyCast.vdex 149431-149455
//my_stock/priv-app/HeySynergy/HeySynergy.apk 149456-150173
//my_stock/priv-app/HeySynergy/oat/arm64/HeySynergy.vdex 150174-150186
//my_stock/priv-app/LockAssistant/LockAssistant.apk 150187-151395
//my_stock/priv-app/LockAssistant/oat/arm64/LockAssistant.vdex 151398-151417
//my_stock/priv-app/MDSService/MDSService.apk 151418-152366
//my_stock/priv-app/MDSService/oat/arm64/MDSService.vdex 152367-152379
//my_stock/priv-app/ONet/ONet.apk 152380-153390
//my_stock/priv-app/ONet/oat/arm64/ONet.vdex 153391-153405
//my_stock/priv-app/OPSynergy/OPSynergy.apk 153406-156325
//my_stock/priv-app/OPSynergy/oat/arm64/OPSynergy.vdex 156329-156371
//my_stock/priv-app/OShare/OShare.apk 156372-158283
//my_stock/priv-app/OShare/oat/arm64/OShare.vdex 158286-158317
//my_stock/priv-app/Omacp/Omacp.apk 158318-159316
//my_stock/priv-app/Omacp/oat/arm64/Omacp.vdex 159317-159329
//my_stock/priv-app/OplusBootReg/OplusBootReg.apk 159330-164793
//my_stock/priv-app/OplusBootReg/oat/arm64/OplusBootReg.vdex 164800-164837
//my_stock/priv-app/OplusScreenRecorder/OplusScreenRecorder.apk 164838-166471
//my_stock/priv-app/OplusScreenRecorder/oat/arm64/OplusScreenRecorder.vdex 166474-166495
//my_stock/priv-app/OppoGallery2/OppoGallery2.apk 166496-213596
//my_stock/priv-app/OppoGallery2/oat/arm64/OppoGallery2.vdex 213631-213788
//my_stock/priv-app/PhoneManager/PhoneManager.apk 213789-225093
//my_stock/priv-app/PhoneManager/lib/arm64/libads-c.so 225103-225104
//my_stock/priv-app/PhoneManager/lib/arm64/libaecore.so 225105-225139
//my_stock/priv-app/PhoneManager/lib/arm64/libaedroid.so 225140-225163
//my_stock/priv-app/PhoneManager/lib/arm64/libaehelp.so 225164-225197
//my_stock/priv-app/PhoneManager/lib/arm64/libaemobile.so 225198-225245
//my_stock/priv-app/PhoneManager/lib/arm64/libaepack.so 225246-225277
//my_stock/priv-app/PhoneManager/lib/arm64/libaescn.so 225278-225294
//my_stock/priv-app/PhoneManager/lib/arm64/libaevdf.so 225295-225306
//my_stock/priv-app/PhoneManager/lib/arm64/libantivirus.so 225307-225322
//my_stock/priv-app/PhoneManager/lib/arm64/libcrypto.so 225323-225346
//my_stock/priv-app/PhoneManager/lib/arm64/libmavapi.so 225347-225370
//my_stock/priv-app/PhoneManager/lib/arm64/libmaven.so 225371-225372
//my_stock/priv-app/PhoneManager/lib/arm64/libopluslog.so 225373-225381
//my_stock/priv-app/SOSHelper/SOSHelper.apk 225382-227512
//my_stock/priv-app/SOSHelper/oat/arm64/SOSHelper.vdex 227516-227538
//my_stock/priv-app/Screenshot/Screenshot.apk 227539-232422
//my_stock/priv-app/Screenshot/oat/arm64/Screenshot.vdex 232427-232472
//my_stock/priv-app/Shelper/Shelper.apk 232473-234908
//my_stock/priv-app/Shelper/oat/arm/Shelper.vdex 234911-234934
//my_stock/priv-app/Shelper/oat/arm64/Shelper.vdex 234935-234958
//my_stock/priv-app/VideoGallery/VideoGallery.apk 234959-241868
