/product/app/WallpaperPicker/WallpaperPicker.apk 1-48
/product/app/WallpaperPicker/oat/arm64/WallpaperPicker.odex 49
/product/app/WallpaperPicker/oat/arm64/WallpaperPicker.vdex 50
/product/app/com.google.android.modulemetadata/com.google.android.modulemetadata.apk 51-55
/product/app/com.google.mainline.adservices/com.google.mainline.adservices.apk 56-58
/product/app/com.google.mainline.telemetry/com.google.mainline.telemetry.apk 59-61
/product/bin/init.oplus.nandswap.sh 62-63
/product/bin/nandswap_tool 64-66
/product/etc/NOTICE.xml.gz 67-90
/product/etc/init/init.oplus.nandswap.rc 92
/product/etc/permissions/privapp-permissions-oplus.xml 95-96
/product/etc/sysconfig/google.xml 98
/product/etc/sysconfig/preinstalled-packages-platform-overlays.xml 101
/product/lib64/libjni_eglfence.so 102
/product/lib64/libjni_filtershow_filters.so 103-111
/product/lib64/libjni_jpegstream.so 112-194
/product/lib64/libjni_jpegutil.so 196-245
/product/lib64/libjni_latinime.so 246-379
/product/lib64/libjni_tinyplanet.so 380
/product/media/audio/ui/Camera_Timer.ogg 381-382
/product/media/audio/ui/Camera_Timer_2sec.ogg 383-399
/product/media/audio/ui/Dock.ogg 400
/product/media/audio/ui/Effect_Tick.ogg 402
/product/media/audio/ui/InCallNotification.ogg 403
/product/media/audio/ui/KeypressDelete.ogg 405
/product/media/audio/ui/KeypressInvalid.ogg 406
/product/media/audio/ui/KeypressReturn.ogg 408
/product/media/audio/ui/KeypressSpacebar.ogg 409
/product/media/audio/ui/KeypressStandard.ogg 410
/product/media/audio/ui/Lock.ogg 411
/product/media/audio/ui/LowBattery.ogg 413-414
/product/media/audio/ui/Screenshots.ogg 415-416
/product/media/audio/ui/Undock.ogg 417-421
/product/media/audio/ui/Unlock.ogg 423
/product/media/audio/ui/VideoRecord.ogg 425-427
/product/media/audio/ui/camera_click.ogg 428-429
/product/media/audio/ui/camera_click_start.ogg 430-431
/product/media/audio/ui/camera_click_stop.ogg 432-433
/product/media/audio/ui/camera_focus.ogg 434
/product/media/audio/ui/camera_shutter.ogg 436-438
/product/media/audio/ui/charging.ogg 439-440
/product/overlay/CaptivePortalLoginFrameworkOverlay.apk 442-443
/product/overlay/DisplayCutoutEmulationCorner/DisplayCutoutEmulationCornerOverlay.apk 444-445
/product/overlay/DisplayCutoutEmulationDouble/DisplayCutoutEmulationDoubleOverlay.apk 446-447
/product/overlay/DisplayCutoutEmulationHole/DisplayCutoutEmulationHoleOverlay.apk 448-449
/product/overlay/DisplayCutoutEmulationTall/DisplayCutoutEmulationTallOverlay.apk 450-451
/product/overlay/DisplayCutoutEmulationWaterfall/DisplayCutoutEmulationWaterfallOverlay.apk 452-453
/product/overlay/FontNotoSerifSource/FontNotoSerifSourceOverlay.apk 454-455
/product/overlay/GoogleDocumentsUIOverlay.apk 456-457
/product/overlay/GoogleExtServicesConfigOverlay.apk 458-459
/product/overlay/GooglePermissionControllerFrameworkOverlay.apk 460-461
/product/overlay/GooglePermissionControllerOverlay.apk 462-463
/product/overlay/ModuleMetadataGoogleOverlay.apk 464-465
/product/overlay/NavigationBarMode3Button/NavigationBarMode3ButtonOverlay.apk 466-467
/product/overlay/NavigationBarModeGestural/NavigationBarModeGesturalOverlay.apk 468-469
/product/overlay/NavigationBarModeGesturalExtraWideBack/NavigationBarModeGesturalOverlayExtraWideBack.apk 470-471
/product/overlay/NavigationBarModeGesturalNarrowBack/NavigationBarModeGesturalOverlayNarrowBack.apk 472-473
/product/overlay/NavigationBarModeGesturalWideBack/NavigationBarModeGesturalOverlayWideBack.apk 474-475
/product/overlay/NotesRoleEnabled/NotesRoleEnabledOverlay.apk 476-477
/product/overlay/OplusCarrierConfig.apk 478-510
/product/overlay/TransparentNavigationBar/TransparentNavigationBarOverlay.apk 511-512
/product/overlay/WifiSystemResMainlineOverlay/WifiSystemResMainlineOverlay.apk 513-514
/product/overlay/WifiSystemResOverlay/WifiSystemResOverlay.apk 515-516
/product/overlay/framework-res__auto_generated_rro_product.apk 517-520
