/product/app/WallpaperPicker/WallpaperPicker.apk 1-51
/product/app/WallpaperPicker/oat/arm64/WallpaperPicker.odex 52
/product/app/WallpaperPicker/oat/arm64/WallpaperPicker.vdex 53
/product/app/com.google.android.modulemetadata/com.google.android.modulemetadata.apk 54-73
/product/app/com.google.mainline.adservices/com.google.mainline.adservices.apk 74-92
/product/app/com.google.mainline.telemetry/com.google.mainline.telemetry.apk 93-111
/product/bin/init.oplus.nandswap.sh 112-113
/product/bin/nandswap_tool 114-116
/product/etc/init/init.oplus.nandswap.rc 118
/product/etc/permissions/privapp-permissions-oplus.xml 120-121
/product/etc/sysconfig/preinstalled-packages-platform-overlays.xml 125
/product/lib64/libjni_eglfence.so 127
/product/lib64/libjni_filtershow_filters.so 128-136
/product/lib64/libjni_jpegstream.so 137-207
/product/lib64/libjni_latinime.so 208-337
/product/media/audio/ui/Camera_Timer.ogg 338-339
/product/media/audio/ui/Camera_Timer_2sec.ogg 340-356
/product/media/audio/ui/Dock.ogg 357
/product/media/audio/ui/Effect_Tick.ogg 359
/product/media/audio/ui/InCallNotification.ogg 360
/product/media/audio/ui/KeypressDelete.ogg 362
/product/media/audio/ui/KeypressInvalid.ogg 363
/product/media/audio/ui/KeypressReturn.ogg 365
/product/media/audio/ui/KeypressSpacebar.ogg 366
/product/media/audio/ui/KeypressStandard.ogg 367
/product/media/audio/ui/Lock.ogg 368
/product/media/audio/ui/LowBattery.ogg 370-371
/product/media/audio/ui/Screenshots.ogg 372-373
/product/media/audio/ui/Undock.ogg 374-378
/product/media/audio/ui/Unlock.ogg 380
/product/media/audio/ui/VideoRecord.ogg 382-384
/product/media/audio/ui/camera_click.ogg 385-386
/product/media/audio/ui/camera_click_start.ogg 387-388
/product/media/audio/ui/camera_click_stop.ogg 389-390
/product/media/audio/ui/camera_focus.ogg 391
/product/media/audio/ui/camera_shutter.ogg 393-395
/product/media/audio/ui/charging.ogg 396-397
/product/overlay/CaptivePortalLoginFrameworkOverlay.apk 399-400
/product/overlay/DisplayCutoutEmulationCorner/DisplayCutoutEmulationCornerOverlay.apk 401-402
/product/overlay/DisplayCutoutEmulationDouble/DisplayCutoutEmulationDoubleOverlay.apk 403-404
/product/overlay/DisplayCutoutEmulationHole/DisplayCutoutEmulationHoleOverlay.apk 405-406
/product/overlay/DisplayCutoutEmulationTall/DisplayCutoutEmulationTallOverlay.apk 407-408
/product/overlay/DisplayCutoutEmulationWaterfall/DisplayCutoutEmulationWaterfallOverlay.apk 409-410
/product/overlay/FontNotoSerifSource/FontNotoSerifSourceOverlay.apk 411-412
/product/overlay/GoogleDocumentsUIOverlay.apk 413-414
/product/overlay/GoogleExtServicesConfigOverlay.apk 415-416
/product/overlay/GooglePermissionControllerFrameworkOverlay.apk 417-418
/product/overlay/GooglePermissionControllerOverlay.apk 419-420
/product/overlay/ModuleMetadataGoogleOverlay.apk 421-422
/product/overlay/NavigationBarMode3Button/NavigationBarMode3ButtonOverlay.apk 423-424
/product/overlay/NavigationBarModeGestural/NavigationBarModeGesturalOverlay.apk 425-426
/product/overlay/NavigationBarModeGesturalExtraWideBack/NavigationBarModeGesturalOverlayExtraWideBack.apk 427-428
/product/overlay/NavigationBarModeGesturalNarrowBack/NavigationBarModeGesturalOverlayNarrowBack.apk 429-430
/product/overlay/NavigationBarModeGesturalWideBack/NavigationBarModeGesturalOverlayWideBack.apk 431-432
/product/overlay/OplusCarrierConfig.apk 433-461
/product/overlay/WifiSystemResMainlineOverlay/WifiSystemResMainlineOverlay.apk 462-463
/product/overlay/WifiSystemResOverlay/WifiSystemResOverlay.apk 464-465
/product/overlay/framework-res__auto_generated_rro_product.apk 466-469
